Archive member included to satisfy reference by file (symbol)

/usr/lib/gcc/arm-none-eabi/10.3.1/../../../arm-none-eabi/lib/thumb/v7-m/nofp/libg_nano.a(lib_a-fflush.o)
                              ./output/startup_gcc.o (fflush)
/usr/lib/gcc/arm-none-eabi/10.3.1/../../../arm-none-eabi/lib/thumb/v7-m/nofp/libg_nano.a(lib_a-findfp.o)
                              /usr/lib/gcc/arm-none-eabi/10.3.1/../../../arm-none-eabi/lib/thumb/v7-m/nofp/libg_nano.a(lib_a-fflush.o) (__sinit)
/usr/lib/gcc/arm-none-eabi/10.3.1/../../../arm-none-eabi/lib/thumb/v7-m/nofp/libg_nano.a(lib_a-fwalk.o)
                              /usr/lib/gcc/arm-none-eabi/10.3.1/../../../arm-none-eabi/lib/thumb/v7-m/nofp/libg_nano.a(lib_a-findfp.o) (_fwalk)
/usr/lib/gcc/arm-none-eabi/10.3.1/../../../arm-none-eabi/lib/thumb/v7-m/nofp/libg_nano.a(lib_a-impure.o)
                              /usr/lib/gcc/arm-none-eabi/10.3.1/../../../arm-none-eabi/lib/thumb/v7-m/nofp/libg_nano.a(lib_a-fflush.o) (_global_impure_ptr)
/usr/lib/gcc/arm-none-eabi/10.3.1/../../../arm-none-eabi/lib/thumb/v7-m/nofp/libg_nano.a(lib_a-memcmp.o)
                              ./output/MessageBufferDemo.o (memcmp)
/usr/lib/gcc/arm-none-eabi/10.3.1/../../../arm-none-eabi/lib/thumb/v7-m/nofp/libg_nano.a(lib_a-memcpy.o)
                              ./output/queue.o (memcpy)
/usr/lib/gcc/arm-none-eabi/10.3.1/../../../arm-none-eabi/lib/thumb/v7-m/nofp/libg_nano.a(lib_a-memset.o)
                              ./output/tasks.o (memset)
/usr/lib/gcc/arm-none-eabi/10.3.1/../../../arm-none-eabi/lib/thumb/v7-m/nofp/libg_nano.a(lib_a-nano-freer.o)
                              /usr/lib/gcc/arm-none-eabi/10.3.1/../../../arm-none-eabi/lib/thumb/v7-m/nofp/libg_nano.a(lib_a-fflush.o) (_free_r)
/usr/lib/gcc/arm-none-eabi/10.3.1/../../../arm-none-eabi/lib/thumb/v7-m/nofp/libg_nano.a(lib_a-nano-mallocr.o)
                              /usr/lib/gcc/arm-none-eabi/10.3.1/../../../arm-none-eabi/lib/thumb/v7-m/nofp/libg_nano.a(lib_a-findfp.o) (_malloc_r)
/usr/lib/gcc/arm-none-eabi/10.3.1/../../../arm-none-eabi/lib/thumb/v7-m/nofp/libg_nano.a(lib_a-sbrkr.o)
                              /usr/lib/gcc/arm-none-eabi/10.3.1/../../../arm-none-eabi/lib/thumb/v7-m/nofp/libg_nano.a(lib_a-nano-mallocr.o) (_sbrk_r)
/usr/lib/gcc/arm-none-eabi/10.3.1/../../../arm-none-eabi/lib/thumb/v7-m/nofp/libg_nano.a(lib_a-stdio.o)
                              /usr/lib/gcc/arm-none-eabi/10.3.1/../../../arm-none-eabi/lib/thumb/v7-m/nofp/libg_nano.a(lib_a-findfp.o) (__sread)
/usr/lib/gcc/arm-none-eabi/10.3.1/../../../arm-none-eabi/lib/thumb/v7-m/nofp/libg_nano.a(lib_a-strcmp.o)
                              ./output/MessageBufferAMP.o (strcmp)
/usr/lib/gcc/arm-none-eabi/10.3.1/../../../arm-none-eabi/lib/thumb/v7-m/nofp/libg_nano.a(lib_a-strlen-stub.o)
                              ./output/tasks.o (strlen)
/usr/lib/gcc/arm-none-eabi/10.3.1/../../../arm-none-eabi/lib/thumb/v7-m/nofp/libg_nano.a(lib_a-writer.o)
                              /usr/lib/gcc/arm-none-eabi/10.3.1/../../../arm-none-eabi/lib/thumb/v7-m/nofp/libg_nano.a(lib_a-stdio.o) (_write_r)
/usr/lib/gcc/arm-none-eabi/10.3.1/../../../arm-none-eabi/lib/thumb/v7-m/nofp/libg_nano.a(lib_a-closer.o)
                              /usr/lib/gcc/arm-none-eabi/10.3.1/../../../arm-none-eabi/lib/thumb/v7-m/nofp/libg_nano.a(lib_a-stdio.o) (_close_r)
/usr/lib/gcc/arm-none-eabi/10.3.1/../../../arm-none-eabi/lib/thumb/v7-m/nofp/libg_nano.a(lib_a-lseekr.o)
                              /usr/lib/gcc/arm-none-eabi/10.3.1/../../../arm-none-eabi/lib/thumb/v7-m/nofp/libg_nano.a(lib_a-stdio.o) (_lseek_r)
/usr/lib/gcc/arm-none-eabi/10.3.1/../../../arm-none-eabi/lib/thumb/v7-m/nofp/libg_nano.a(lib_a-mlock.o)
                              /usr/lib/gcc/arm-none-eabi/10.3.1/../../../arm-none-eabi/lib/thumb/v7-m/nofp/libg_nano.a(lib_a-nano-freer.o) (__malloc_lock)
/usr/lib/gcc/arm-none-eabi/10.3.1/../../../arm-none-eabi/lib/thumb/v7-m/nofp/libg_nano.a(lib_a-readr.o)
                              /usr/lib/gcc/arm-none-eabi/10.3.1/../../../arm-none-eabi/lib/thumb/v7-m/nofp/libg_nano.a(lib_a-stdio.o) (_read_r)
/usr/lib/gcc/arm-none-eabi/10.3.1/../../../arm-none-eabi/lib/thumb/v7-m/nofp/libg_nano.a(lib_a-reent.o)
                              /usr/lib/gcc/arm-none-eabi/10.3.1/../../../arm-none-eabi/lib/thumb/v7-m/nofp/libg_nano.a(lib_a-sbrkr.o) (errno)
/usr/lib/gcc/arm-none-eabi/10.3.1/../../../arm-none-eabi/lib/thumb/v7-m/nofp/libnosys.a(close.o)
                              /usr/lib/gcc/arm-none-eabi/10.3.1/../../../arm-none-eabi/lib/thumb/v7-m/nofp/libg_nano.a(lib_a-closer.o) (_close)
/usr/lib/gcc/arm-none-eabi/10.3.1/../../../arm-none-eabi/lib/thumb/v7-m/nofp/libnosys.a(lseek.o)
                              /usr/lib/gcc/arm-none-eabi/10.3.1/../../../arm-none-eabi/lib/thumb/v7-m/nofp/libg_nano.a(lib_a-lseekr.o) (_lseek)
/usr/lib/gcc/arm-none-eabi/10.3.1/../../../arm-none-eabi/lib/thumb/v7-m/nofp/libnosys.a(read.o)
[...]
Memory Configuration

Name             Origin             Length             Attributes
FLASH            0x0000000000000000 0x0000000000400000 xr
RAM              0x0000000020000000 0x0000000000400000 rw
*default*        0x0000000000000000 0xffffffffffffffff

Linker script and memory map

LOAD ./output/tasks.o
LOAD ./output/list.o
LOAD ./output/queue.o
LOAD ./output/timers.o
LOAD ./output/event_groups.o
LOAD ./output/stream_buffer.o
LOAD ./output/heap_4.o
LOAD ./output/port.o
LOAD ./output/AbortDelay.o
LOAD ./output/BlockQ.o
LOAD ./output/blocktim.o
LOAD ./output/countsem.o
LOAD ./output/death.o
LOAD ./output/dynamic.o
LOAD ./output/EventGroupsDemo.o
LOAD ./output/GenQTest.o
LOAD ./output/integer.o
LOAD ./output/IntQueue.o
LOAD ./output/IntQueueTimer.o
LOAD ./output/IntSemTest.o
LOAD ./output/MessageBufferAMP.o
LOAD ./output/MessageBufferDemo.o
LOAD ./output/PollQ.o
LOAD ./output/QPeek.o
LOAD ./output/QueueOverwrite.o
LOAD ./output/QueueSet.o
LOAD ./output/QueueSetPolling.o
LOAD ./output/recmutex.o
LOAD ./output/semtest.o
LOAD ./output/StaticAllocation.o
LOAD ./output/StreamBufferDemo.o
LOAD ./output/StreamBufferInterrupt.o
LOAD ./output/TaskNotify.o
LOAD ./output/TaskNotifyArray.o
LOAD ./output/TimerDemo.o
LOAD ./output/main.o
LOAD ./output/main_blinky.o
LOAD ./output/main_full.o
LOAD ./output/startup_gcc.o
LOAD ./output/RegTest.o
LOAD ./output/printf-stdarg.o
LOAD ./output/trcKernelPort.o
LOAD ./output/trcStreamPort.o
LOAD ./output/trcAssert.o
LOAD ./output/trcCounter.o
LOAD ./output/trcDependency.o
LOAD ./output/trcDiagnostics.o
LOAD ./output/trcEntryTable.o
LOAD ./output/trcError.o
LOAD ./output/trcEvent.o
LOAD ./output/trcEventBuffer.o
LOAD ./output/trcExtension.o
LOAD ./output/trcHardwarePort.o
LOAD ./output/trcHeap.o
LOAD ./output/trcInternalEventBuffer.o
LOAD ./output/trcInterval.o
LOAD ./output/trcISR.o
LOAD ./output/trcMultiCoreEventBuffer.o
LOAD ./output/trcObject.o
LOAD ./output/trcPrint.o
LOAD ./output/trcRunnable.o
LOAD ./output/trcSnapshotRecorder.o
LOAD ./output/trcStackMonitor.o
LOAD ./output/trcStateMachine.o
LOAD ./output/trcStaticBuffer.o
LOAD ./output/trcStreamingRecorder.o
LOAD ./output/trcString.o
LOAD ./output/trcTask.o
LOAD ./output/trcTimestamp.o
START GROUP
LOAD /usr/lib/gcc/arm-none-eabi/10.3.1/thumb/v7-m/nofp/libgcc.a
LOAD /usr/lib/gcc/arm-none-eabi/10.3.1/../../../arm-none-eabi/lib/thumb/v7-m/nofp/libg_nano.a
LOAD /usr/lib/gcc/arm-none-eabi/10.3.1/../../../arm-none-eabi/lib/thumb/v7-m/nofp/libc_nano.a
END GROUP
START GROUP
LOAD /usr/lib/gcc/arm-none-eabi/10.3.1/thumb/v7-m/nofp/libgcc.a
LOAD /usr/lib/gcc/arm-none-eabi/10.3.1/../../../arm-none-eabi/lib/thumb/v7-m/nofp/libc_nano.a
LOAD /usr/lib/gcc/arm-none-eabi/10.3.1/../../../arm-none-eabi/lib/thumb/v7-m/nofp/libnosys.a
END GROUP
START GROUP
LOAD /usr/lib/gcc/arm-none-eabi/10.3.1/thumb/v7-m/nofp/libgcc.a
LOAD /usr/lib/gcc/arm-none-eabi/10.3.1/../../../arm-none-eabi/lib/thumb/v7-m/nofp/libc_nano.a
LOAD /usr/lib/gcc/arm-none-eabi/10.3.1/../../../arm-none-eabi/lib/thumb/v7-m/nofp/libnosys.a
END GROUP
                0x0000000000000008                _Min_Heap_Size = 0x8
                0x0000000000000400                _Min_Stack_Size = 0x400
                0x0000000020400000                _estack = (ORIGIN (RAM) + LENGTH (RAM))

.isr_vector     0x0000000000000000       0x78
                0x0000000000000000                __vector_table = .
 *(.isr_vector)
 .isr_vector    0x0000000000000000       0x78 ./output/startup_gcc.o
                0x0000000000000000                isr_vector
                0x0000000000000078                . = ALIGN (0x4)

.text           0x0000000000000078     0x14d0
 *(.text)
 .text          0x0000000000000078      0x1dc /usr/lib/gcc/arm-none-eabi/10.3.1/../../../arm-none-eabi/lib/thumb/v7-m/nofp/libg_nano.a(lib_a-fflush.o)
                0x0000000000000078                __sflush_r
                0x0000000000000180                _fflush_r
                0x00000000000001d4                fflush
 .text          0x0000000000000254      0x230 /usr/lib/gcc/arm-none-eabi/10.3.1/../../../arm-none-eabi/lib/thumb/v7-m/nofp/libg_nano.a(lib_a-findfp.o)
                0x0000000000000258                _cleanup_r
                0x0000000000000268                __sfmoreglue
                0x0000000000000298                __sfp
                0x0000000000000430                _cleanup
                0x0000000000000444                __sinit
                0x000000000000044c                __sfp_lock_acquire
                0x0000000000000450                __sfp_lock_release
                0x0000000000000454                __sinit_lock_acquire
                0x0000000000000458                __sinit_lock_release
                0x000000000000045c                __fp_lock_all
                0x0000000000000470                __fp_unlock_all
 .text          0x0000000000000484       0x88 /usr/lib/gcc/arm-none-eabi/10.3.1/../../../arm-none-eabi/lib/thumb/v7-m/nofp/libg_nano.a(lib_a-fwalk.o)
                0x0000000000000484                _fwalk
                0x00000000000004c4                _fwalk_reent
 .text          0x000000000000050c       0xec /usr/lib/gcc/arm-none-eabi/10.3.1/../../../arm-none-eabi/lib/thumb/v7-m/nofp/libg_nano.a(lib_a-memcpy.o)
                0x000000000000050c                memcpy
 .text          0x00000000000005f8       0xa4 /usr/lib/gcc/arm-none-eabi/10.3.1/../../../arm-none-eabi/lib/thumb/v7-m/nofp/libg_nano.a(lib_a-memset.o)
                0x00000000000005f8                memset
 .text          0x000000000000069c       0xcc /usr/lib/gcc/arm-none-eabi/10.3.1/../../../arm-none-eabi/lib/thumb/v7-m/nofp/libg_nano.a(lib_a-nano-freer.o)
                0x000000000000069c                _free_r
 .text          0x0000000000000768       0xb8 /usr/lib/gcc/arm-none-eabi/10.3.1/../../../arm-none-eabi/lib/thumb/v7-m/nofp/libg_nano.a(lib_a-nano-mallocr.o)
                0x0000000000000768                _malloc_r
 .text          0x0000000000000820       0x24 /usr/lib/gcc/arm-none-eabi/10.3.1/../../../arm-none-eabi/lib/thumb/v7-m/nofp/libg_nano.a(lib_a-sbrkr.o)
                0x0000000000000820                _sbrk_r
 .text          0x0000000000000844       0x90 /usr/lib/gcc/arm-none-eabi/10.3.1/../../../arm-none-eabi/lib/thumb/v7-m/nofp/libg_nano.a(lib_a-stdio.o)
                0x0000000000000844                __sread
                0x0000000000000868                __seofread
                0x000000000000086c                __swrite
                0x00000000000008ac                __sseek
                0x00000000000008cc                __sclose
 .text          0x00000000000008d4       0x2c /usr/lib/gcc/arm-none-eabi/10.3.1/../../../arm-none-eabi/lib/thumb/v7-m/nofp/libg_nano.a(lib_a-writer.o)
                0x00000000000008d4                _write_r
 .text          0x0000000000000900       0x24 /usr/lib/gcc/arm-none-eabi/10.3.1/../../../arm-none-eabi/lib/thumb/v7-m/nofp/libg_nano.a(lib_a-closer.o)
                0x0000000000000900                _close_r
 .text          0x0000000000000924       0x2c /usr/lib/gcc/arm-none-eabi/10.3.1/../../../arm-none-eabi/lib/thumb/v7-m/nofp/libg_nano.a(lib_a-lseekr.o)
                0x0000000000000924                _lseek_r
 .text          0x0000000000000950        0x8 /usr/lib/gcc/arm-none-eabi/10.3.1/../../../arm-none-eabi/lib/thumb/v7-m/nofp/libg_nano.a(lib_a-mlock.o)
                0x0000000000000950                __malloc_lock
                0x0000000000000954                __malloc_unlock
 .text          0x0000000000000958       0x2c /usr/lib/gcc/arm-none-eabi/10.3.1/../../../arm-none-eabi/lib/thumb/v7-m/nofp/libg_nano.a(lib_a-readr.o)
                0x0000000000000958                _read_r
 .text          0x0000000000000984       0x10 /usr/lib/gcc/arm-none-eabi/10.3.1/../../../arm-none-eabi/lib/thumb/v7-m/nofp/libnosys.a(close.o)
                0x0000000000000984                _close
 .text          0x0000000000000994       0x10 /usr/lib/gcc/arm-none-eabi/10.3.1/../../../arm-none-eabi/lib/thumb/v7-m/nofp/libnosys.a(lseek.o)
                0x0000000000000994                _lseek
 .text          0x00000000000009a4       0x10 /usr/lib/gcc/arm-none-eabi/10.3.1/../../../arm-none-eabi/lib/thumb/v7-m/nofp/libnosys.a(read.o)
                0x00000000000009a4                _read
 .text          0x00000000000009b4       0x1c /usr/lib/gcc/arm-none-eabi/10.3.1/../../../arm-none-eabi/lib/thumb/v7-m/nofp/libnosys.a(sbrk.o)
                0x00000000000009b4                _sbrk
 .text          0x00000000000009d0       0x10 /usr/lib/gcc/arm-none-eabi/10.3.1/../../../arm-none-eabi/lib/thumb/v7-m/nofp/libnosys.a(write.o)
                0x00000000000009d0                _write
 *(.rodata*)
 .rodata.prvTaskIsTaskSuspended.str1.1
                0x00000000000009e0       0x27 ./output/tasks.o
 .rodata.vTaskStartScheduler.str1.1
                0x0000000000000a07        0x5 ./output/tasks.o
 .rodata.prvNotifyQueueSetContainer.str1.1
                0x0000000000000a0c       0x27 ./output/queue.o
 .rodata.prvInitialiseNewQueue.str1.1
                0x0000000000000a33       0x27 ./output/queue.o
                                          0x1 (size before relaxing)
 .rodata.prvCheckForValidListAndQueue.str1.1
                0x0000000000000a33        0x5 ./output/timers.o
 .rodata.prvTimerTask.str1.1
                0x0000000000000a38       0x28 ./output/timers.o
 .rodata.xTimerCreateTimerTask.str1.1
                0x0000000000000a60        0x8 ./output/timers.o
 .rodata.pvPortMalloc.str1.1
                0x0000000000000a68       0x39 ./output/heap_4.o
 .rodata.prvTaskExitError.str1.1
                0x0000000000000aa1       0x3b ./output/port.o
 .rodata.vSecureNetworkTask.str1.1
                0x0000000000000adc       0x42 ./output/main.o
 .rodata.vSensorTask.str1.1
                0x0000000000000b1e       0x84 ./output/main.o
 .rodata.main.str1.1
                0x0000000000000ba2       0x68 ./output/main.o
 .rodata.vApplicationMallocFailedHook.str1.1
                0x0000000000000c0a       0x14 ./output/main.o
 .rodata.vApplicationStackOverflowHook.str1.1
                0x0000000000000c1e       0x1b ./output/main.o
 .rodata.vAssertCalled.str1.1
                0x0000000000000c39       0x1b ./output/main.o
 .rodata.prvGetRegistersFromStack.str1.1
                0x0000000000000c54       0x36 ./output/startup_gcc.o
 .rodata.tiny_print.str1.1
                0x0000000000000c8a        0x7 ./output/printf-stdarg.o
 .rodata.xTraceKernelPortEnable.str1.1
                0x0000000000000c91        0xc ./output/trcKernelPort.o
                                         0x13 (size before relaxing)
 .rodata.xTraceAssertInitialize.str1.1
                0x0000000000000c9d       0x61 ./output/trcAssert.o
 .rodata.xTraceCounterInitialize.str1.1
                0x0000000000000cfe       0x62 ./output/trcCounter.o
 .rodata.xTraceDiagnosticsInitialize.str1.1
                0x0000000000000d60       0x66 ./output/trcDiagnostics.o
 .rodata.xTraceEntryIndexTableInitialize.str1.1
                0x0000000000000dc6       0x65 ./output/trcEntryTable.o
 .rodata.xTraceEntrySetSymbol.str1.1
                0x0000000000000e2b        0x1 ./output/trcEntryTable.o
 .rodata.prvTraceErrorGetDescription.str1.1
                0x0000000000000e2b      0x17b ./output/trcError.o
 .rodata.prvTraceErrorPrint.str1.1
                0x0000000000000fa6        0x5 ./output/trcError.o
 .rodata.xTraceErrorInitialize.str1.1
                0x0000000000000fab       0x60 ./output/trcError.o
 .rodata.xTraceError.str1.1
                0x000000000000100b       0x26 ./output/trcError.o
 .rodata.xTraceEventInitialize.str1.1
                0x0000000000001031       0x60 ./output/trcEvent.o
 .rodata.prvTraceEventBufferAllocPop.isra.0.str1.1
                0x0000000000001091       0x66 ./output/trcEventBuffer.o
 .rodata.xTraceExtensionInitialize.str1.1
                0x00000000000010f7       0x64 ./output/trcExtension.o
 .rodata.xTraceHeapAlloc.str1.1
                0x000000000000115b       0x5f ./output/trcHeap.o
 .rodata.xTraceISRInitialize.str1.1
                0x00000000000011ba       0x5e ./output/trcISR.o
 .rodata.xTraceMultiCoreEventBufferInitialize.str1.1
                0x0000000000001218       0x6f ./output/trcMultiCoreEventBuffer.o
 .rodata.xTraceObjectUnregister.str1.1
                0x0000000000001287       0x61 ./output/trcObject.o
 .rodata.xTraceObjectSetName.str1.1
                0x00000000000012e8        0x1 ./output/trcObject.o
 .rodata.prvTraceVPrintF.str1.1
                0x00000000000012e8        0x8 ./output/trcPrint.o
 .rodata.xTracePrintInitialize.str1.1
                0x00000000000012f0       0x60 ./output/trcPrint.o
 .rodata.xTracePrint.str1.1
                0x0000000000001350        0x1 ./output/trcPrint.o
 .rodata.xTraceStaticBufferInitialize.str1.1
                0x0000000000001350       0x67 ./output/trcStaticBuffer.o
 .rodata.xTraceHeaderInitialize.str1.1
                0x00000000000013b7        0x9 ./output/trcStreamingRecorder.o
 .rodata.xTraceStringRegister.str1.1
                0x00000000000013c0       0x61 ./output/trcString.o
 .rodata.xTraceTaskInitialize.str1.1
                0x0000000000001421       0x5f ./output/trcTask.o
 .rodata.xTraceTimestampInitialize.str1.1
                0x0000000000001480       0x64 ./output/trcTimestamp.o
 .rodata        0x00000000000014e4       0x60 /usr/lib/gcc/arm-none-eabi/10.3.1/../../../arm-none-eabi/lib/thumb/v7-m/nofp/libg_nano.a(lib_a-findfp.o)
                0x00000000000014e4                __sf_fake_stderr
                0x0000000000001504                __sf_fake_stdout
                0x0000000000001524                __sf_fake_stdin
 .rodata        0x0000000000001544        0x4 /usr/lib/gcc/arm-none-eabi/10.3.1/../../../arm-none-eabi/lib/thumb/v7-m/nofp/libg_nano.a(lib_a-impure.o)
                0x0000000000001544                _global_impure_ptr
 *(.constdata*)
                0x0000000000001548                _etext = .
                0x0000000000001548                _sidata = .

.glue_7         0x0000000000001548        0x0
 .glue_7        0x0000000000001548        0x0 linker stubs

.glue_7t        0x0000000000001548        0x0
 .glue_7t       0x0000000000001548        0x0 linker stubs

.vfp11_veneer   0x0000000000001548        0x0
 .vfp11_veneer  0x0000000000001548        0x0 linker stubs

.v4_bx          0x0000000000001548        0x0
 .v4_bx         0x0000000000001548        0x0 linker stubs

.text.prvAddNewTaskToReadyList
                0x0000000000001548      0x128
 .text.prvAddNewTaskToReadyList
                0x0000000000001548      0x128 ./output/tasks.o

.text.prvAddCurrentTaskToDelayedList
                0x0000000000001670       0xb4
 .text.prvAddCurrentTaskToDelayedList
                0x0000000000001670       0xb4 ./output/tasks.o

.text.prvResetNextTaskUnblockTime
                0x0000000000001724       0x24
 .text.prvResetNextTaskUnblockTime
                0x0000000000001724       0x24 ./output/tasks.o

.text.prvDeleteTCB
                0x0000000000001748       0x38
 .text.prvDeleteTCB
                0x0000000000001748       0x38 ./output/tasks.o

.text.prvCheckTasksWaitingTermination
                0x0000000000001780       0x40
 .text.prvCheckTasksWaitingTermination
                0x0000000000001780       0x40 ./output/tasks.o

.text.prvIdleTask
                0x00000000000017c0        0x8
 .text.prvIdleTask
                0x00000000000017c0        0x8 ./output/tasks.o

.text.prvInitialiseNewTask.constprop.0
                0x00000000000017c8       0x9c
 .text.prvInitialiseNewTask.constprop.0
                0x00000000000017c8       0x9c ./output/tasks.o

.text.xTaskCreateStatic
                0x0000000000001864       0x8c
 .text.xTaskCreateStatic
                0x0000000000001864       0x8c ./output/tasks.o
                0x0000000000001864                xTaskCreateStatic

.text.xTaskCreate
                0x00000000000018f0       0x62
 .text.xTaskCreate
                0x00000000000018f0       0x62 ./output/tasks.o
                0x00000000000018f0                xTaskCreate

.text.vTaskDelete
                0x0000000000001954       0xf8
 .text.vTaskDelete
                0x0000000000001954       0xf8 ./output/tasks.o
                0x0000000000001954                vTaskDelete

.text.vTaskStartScheduler
                0x0000000000001a4c       0xbc
 .text.vTaskStartScheduler
                0x0000000000001a4c       0xbc ./output/tasks.o
                0x0000000000001a4c                vTaskStartScheduler

.text.vTaskSuspendAll
                0x0000000000001b08       0x10
 .text.vTaskSuspendAll
                0x0000000000001b08       0x10 ./output/tasks.o
                0x0000000000001b08                vTaskSuspendAll

.text.xTaskGetTickCount
                0x0000000000001b18        0xc
 .text.xTaskGetTickCount
                0x0000000000001b18        0xc ./output/tasks.o
                0x0000000000001b18                xTaskGetTickCount

.text.uxTaskGetNumberOfTasks
                0x0000000000001b24        0xc
 .text.uxTaskGetNumberOfTasks
                0x0000000000001b24        0xc ./output/tasks.o
                0x0000000000001b24                uxTaskGetNumberOfTasks

.text.xTaskIncrementTick
                0x0000000000001b30      0x194
 .text.xTaskIncrementTick
                0x0000000000001b30      0x194 ./output/tasks.o
                0x0000000000001b30                xTaskIncrementTick

.text.xTaskResumeAll
                0x0000000000001cc4      0x140
 .text.xTaskResumeAll
                0x0000000000001cc4      0x140 ./output/tasks.o
                0x0000000000001cc4                xTaskResumeAll

.text.xTaskDelayUntil
                0x0000000000001e04       0x90
 .text.xTaskDelayUntil
                0x0000000000001e04       0x90 ./output/tasks.o
                0x0000000000001e04                xTaskDelayUntil

.text.vTaskDelay
                0x0000000000001e94       0x54
 .text.vTaskDelay
                0x0000000000001e94       0x54 ./output/tasks.o
                0x0000000000001e94                vTaskDelay

.text.vTaskSwitchContext
                0x0000000000001ee8       0xbc
 .text.vTaskSwitchContext
                0x0000000000001ee8       0xbc ./output/tasks.o
                0x0000000000001ee8                vTaskSwitchContext

.text.vTaskPlaceOnEventList
                0x0000000000001fa4       0x34
 .text.vTaskPlaceOnEventList
                0x0000000000001fa4       0x34 ./output/tasks.o
                0x0000000000001fa4                vTaskPlaceOnEventList

.text.vTaskPlaceOnEventListRestricted
                0x0000000000001fd8       0x68
 .text.vTaskPlaceOnEventListRestricted
                0x0000000000001fd8       0x68 ./output/tasks.o
                0x0000000000001fd8                vTaskPlaceOnEventListRestricted

.text.xTaskRemoveFromEventList
                0x0000000000002040       0xdc
 .text.xTaskRemoveFromEventList
                0x0000000000002040       0xdc ./output/tasks.o
                0x0000000000002040                xTaskRemoveFromEventList

.text.vTaskInternalSetTimeOutState
                0x000000000000211c       0x18
 .text.vTaskInternalSetTimeOutState
                0x000000000000211c       0x18 ./output/tasks.o
                0x000000000000211c                vTaskInternalSetTimeOutState

.text.xTaskCheckForTimeOut
                0x0000000000002134       0x84
 .text.xTaskCheckForTimeOut
                0x0000000000002134       0x84 ./output/tasks.o
                0x0000000000002134                xTaskCheckForTimeOut

.text.vTaskMissedYield
                0x00000000000021b8        0xc
 .text.vTaskMissedYield
                0x00000000000021b8        0xc ./output/tasks.o
                0x00000000000021b8                vTaskMissedYield

.text.xTaskGetSchedulerState
                0x00000000000021c4       0x20
 .text.xTaskGetSchedulerState
                0x00000000000021c4       0x20 ./output/tasks.o
                0x00000000000021c4                xTaskGetSchedulerState

.text.xTaskPriorityInherit
                0x00000000000021e4       0xc4
 .text.xTaskPriorityInherit
                0x00000000000021e4       0xc4 ./output/tasks.o
                0x00000000000021e4                xTaskPriorityInherit

.text.xTaskPriorityDisinherit
                0x00000000000022a8       0xb0
 .text.xTaskPriorityDisinherit
                0x00000000000022a8       0xb0 ./output/tasks.o
                0x00000000000022a8                xTaskPriorityDisinherit

.text.vTaskPriorityDisinheritAfterTimeout
                0x0000000000002358       0xc4
 .text.vTaskPriorityDisinheritAfterTimeout
                0x0000000000002358       0xc4 ./output/tasks.o
                0x0000000000002358                vTaskPriorityDisinheritAfterTimeout

.text.pvTaskIncrementMutexHeldCount
                0x000000000000241c       0x14
 .text.pvTaskIncrementMutexHeldCount
                0x000000000000241c       0x14 ./output/tasks.o
                0x000000000000241c                pvTaskIncrementMutexHeldCount

.iplt           0x0000000000002430        0x0
 .iplt          0x0000000000002430        0x0 ./output/tasks.o

.text.vListInitialise
                0x0000000000002430       0x16
 .text.vListInitialise
                0x0000000000002430       0x16 ./output/list.o
                0x0000000000002430                vListInitialise

.text.vListInitialiseItem
                0x0000000000002446        0x6
 .text.vListInitialiseItem
                0x0000000000002446        0x6 ./output/list.o
                0x0000000000002446                vListInitialiseItem

.text.vListInsertEnd
                0x000000000000244c       0x18
 .text.vListInsertEnd
                0x000000000000244c       0x18 ./output/list.o
                0x000000000000244c                vListInsertEnd

.text.vListInsert
                0x0000000000002464       0x2e
 .text.vListInsert
                0x0000000000002464       0x2e ./output/list.o
                0x0000000000002464                vListInsert

.text.uxListRemove
                0x0000000000002492       0x1e
 .text.uxListRemove
                0x0000000000002492       0x1e ./output/list.o
                0x0000000000002492                uxListRemove

.text.prvIsQueueEmpty
                0x00000000000024b0       0x16
 .text.prvIsQueueEmpty
                0x00000000000024b0       0x16 ./output/queue.o

.text.prvCopyDataToQueue
                0x00000000000024c6       0x6a
 .text.prvCopyDataToQueue
                0x00000000000024c6       0x6a ./output/queue.o

.text.prvCopyDataFromQueue
                0x0000000000002530       0x28
 .text.prvCopyDataFromQueue
                0x0000000000002530       0x28 ./output/queue.o

.text.prvNotifyQueueSetContainer
                0x0000000000002558       0x90
 .text.prvNotifyQueueSetContainer
                0x0000000000002558       0x90 ./output/queue.o

.text.prvUnlockQueue
                0x00000000000025e8       0x7c
 .text.prvUnlockQueue
                0x00000000000025e8       0x7c ./output/queue.o

.text.xQueueGenericReset
                0x0000000000002664       0x98
 .text.xQueueGenericReset
                0x0000000000002664       0x98 ./output/queue.o
                0x0000000000002664                xQueueGenericReset

.text.prvInitialiseNewQueue
                0x00000000000026fc       0x68
 .text.prvInitialiseNewQueue
                0x00000000000026fc       0x68 ./output/queue.o

.text.xQueueGenericCreateStatic
                0x0000000000002764       0x6c
 .text.xQueueGenericCreateStatic
                0x0000000000002764       0x6c ./output/queue.o
                0x0000000000002764                xQueueGenericCreateStatic

.text.xQueueGenericCreate
                0x00000000000027d0       0x9c
 .text.xQueueGenericCreate
                0x00000000000027d0       0x9c ./output/queue.o
                0x00000000000027d0                xQueueGenericCreate

.text.xQueueGenericSend
                0x000000000000286c      0x208
 .text.xQueueGenericSend
                0x000000000000286c      0x208 ./output/queue.o
                0x000000000000286c                xQueueGenericSend

.text.xQueueCreateMutex
                0x0000000000002a74       0x24
 .text.xQueueCreateMutex
                0x0000000000002a74       0x24 ./output/queue.o
                0x0000000000002a74                xQueueCreateMutex

.text.xQueueGenericSendFromISR
                0x0000000000002a98      0x13c
 .text.xQueueGenericSendFromISR
                0x0000000000002a98      0x13c ./output/queue.o
                0x0000000000002a98                xQueueGenericSendFromISR

.text.xQueueReceive
                0x0000000000002bd4      0x1d8
 .text.xQueueReceive
                0x0000000000002bd4      0x1d8 ./output/queue.o
                0x0000000000002bd4                xQueueReceive

.text.xQueueSemaphoreTake
                0x0000000000002dac      0x218
 .text.xQueueSemaphoreTake
                0x0000000000002dac      0x218 ./output/queue.o
                0x0000000000002dac                xQueueSemaphoreTake

.text.xQueueReceiveFromISR
                0x0000000000002fc4       0xf4
 .text.xQueueReceiveFromISR
                0x0000000000002fc4       0xf4 ./output/queue.o
                0x0000000000002fc4                xQueueReceiveFromISR

.text.xQueueIsQueueFullFromISR
                0x00000000000030b8       0x20
 .text.xQueueIsQueueFullFromISR
                0x00000000000030b8       0x20 ./output/queue.o
                0x00000000000030b8                xQueueIsQueueFullFromISR

.text.vQueueAddToRegistry
                0x00000000000030d8       0x58
 .text.vQueueAddToRegistry
                0x00000000000030d8       0x58 ./output/queue.o
                0x00000000000030d8                vQueueAddToRegistry

.text.vQueueWaitForMessageRestricted
                0x0000000000003130       0x46
 .text.vQueueWaitForMessageRestricted
                0x0000000000003130       0x46 ./output/queue.o
                0x0000000000003130                vQueueWaitForMessageRestricted

.text.prvCheckForValidListAndQueue
                0x0000000000003178       0x68
 .text.prvCheckForValidListAndQueue
                0x0000000000003178       0x68 ./output/timers.o

.text.prvInsertTimerInActiveList
                0x00000000000031e0       0x3c
 .text.prvInsertTimerInActiveList
                0x00000000000031e0       0x3c ./output/timers.o

.text.prvReloadTimer
                0x000000000000321c       0x30
 .text.prvReloadTimer
                0x000000000000321c       0x30 ./output/timers.o

.text.prvProcessExpiredTimer
                0x000000000000324c       0x48
 .text.prvProcessExpiredTimer
                0x000000000000324c       0x48 ./output/timers.o

.text.prvSampleTimeNow
                0x0000000000003294       0x4c
 .text.prvSampleTimeNow
                0x0000000000003294       0x4c ./output/timers.o

.text.prvTimerTask
                0x00000000000032e0      0x190
 .text.prvTimerTask
                0x00000000000032e0      0x190 ./output/timers.o

.text.xTimerCreateTimerTask
                0x0000000000003470       0x64
 .text.xTimerCreateTimerTask
                0x0000000000003470       0x64 ./output/timers.o
                0x0000000000003470                xTimerCreateTimerTask

.text.pvPortMalloc
                0x00000000000034d4      0x1bc
 .text.pvPortMalloc
                0x00000000000034d4      0x1bc ./output/heap_4.o
                0x00000000000034d4                pvPortMalloc

.text.vPortFree
                0x0000000000003690      0x11c
 .text.vPortFree
                0x0000000000003690      0x11c ./output/heap_4.o
                0x0000000000003690                vPortFree

.text.vPortSVCHandler
                0x00000000000037ac       0x24
 .text.vPortSVCHandler
                0x00000000000037ac       0x24 ./output/port.o
                0x00000000000037ac                vPortSVCHandler

.text.prvPortStartFirstTask
                0x00000000000037d0       0x20
 .text.prvPortStartFirstTask
                0x00000000000037d0       0x20 ./output/port.o

.text.xPortPendSVHandler
                0x00000000000037f0       0x44
 .text.xPortPendSVHandler
                0x00000000000037f0       0x44 ./output/port.o
                0x00000000000037f0                xPortPendSVHandler

.text.prvTaskExitError
                0x0000000000003834       0x3c
 .text.prvTaskExitError
                0x0000000000003834       0x3c ./output/port.o

.text.pxPortInitialiseStack
                0x0000000000003870       0x24
 .text.pxPortInitialiseStack
                0x0000000000003870       0x24 ./output/port.o
                0x0000000000003870                pxPortInitialiseStack

.text.vPortEnterCritical
                0x0000000000003894       0x3c
 .text.vPortEnterCritical
                0x0000000000003894       0x3c ./output/port.o
                0x0000000000003894                vPortEnterCritical

.text.vPortExitCritical
                0x00000000000038d0       0x28
 .text.vPortExitCritical
                0x00000000000038d0       0x28 ./output/port.o
                0x00000000000038d0                vPortExitCritical

.text.xPortSysTickHandler
                0x00000000000038f8       0x2c
 .text.xPortSysTickHandler
                0x00000000000038f8       0x2c ./output/port.o
                0x00000000000038f8                xPortSysTickHandler

.text.vPortSetupTimerInterrupt
                0x0000000000003924       0x16
 .text.vPortSetupTimerInterrupt
                0x0000000000003924       0x16 ./output/port.o
                0x0000000000003924                vPortSetupTimerInterrupt

.text.xPortStartScheduler
                0x000000000000393c      0x10c
 .text.xPortStartScheduler
                0x000000000000393c      0x10c ./output/port.o
                0x000000000000393c                xPortStartScheduler

.text.vPortValidateInterruptPriority
                0x0000000000003a48       0x54
 .text.vPortValidateInterruptPriority
                0x0000000000003a48       0x54 ./output/port.o
                0x0000000000003a48                vPortValidateInterruptPriority

.text.prvRecordValue_NormallyFull
                0x0000000000003a9c       0x28
 .text.prvRecordValue_NormallyFull
                0x0000000000003a9c       0x28 ./output/IntQueue.o

.text.prvRecordValue_NormallyEmpty
                0x0000000000003ac4       0x28
 .text.prvRecordValue_NormallyEmpty
                0x0000000000003ac4       0x28 ./output/IntQueue.o

.text.xFirstTimerHandler
                0x0000000000003aec      0x138
 .text.xFirstTimerHandler
                0x0000000000003aec      0x138 ./output/IntQueue.o
                0x0000000000003aec                xFirstTimerHandler

.text.xSecondTimerHandler
                0x0000000000003c24      0x1e8
 .text.xSecondTimerHandler
                0x0000000000003c24      0x1e8 ./output/IntQueue.o
                0x0000000000003c24                xSecondTimerHandler

.text.TIMER0_Handler
                0x0000000000003e0c       0x3c
 .text.TIMER0_Handler
                0x0000000000003e0c       0x3c ./output/IntQueueTimer.o
                0x0000000000003e0c                TIMER0_Handler

.text.TIMER1_Handler
                0x0000000000003e48       0x3c
 .text.TIMER1_Handler
                0x0000000000003e48       0x3c ./output/IntQueueTimer.o
                0x0000000000003e48                TIMER1_Handler

.text.vSecureNetworkTask
                0x0000000000003e84       0x38
 .text.vSecureNetworkTask
                0x0000000000003e84       0x38 ./output/main.o

.text.vSensorTask
                0x0000000000003ebc       0x9c
 .text.vSensorTask
                0x0000000000003ebc       0x9c ./output/main.o

.text.startup.main
                0x0000000000003f58       0x68
 .text.startup.main
                0x0000000000003f58       0x68 ./output/main.o
                0x0000000000003f58                main

.text.vApplicationMallocFailedHook
                0x0000000000003fc0       0x20
 .text.vApplicationMallocFailedHook
                0x0000000000003fc0       0x20 ./output/main.o
                0x0000000000003fc0                vApplicationMallocFailedHook

.text.vApplicationStackOverflowHook
                0x0000000000003fe0       0x20
 .text.vApplicationStackOverflowHook
                0x0000000000003fe0       0x20 ./output/main.o
                0x0000000000003fe0                vApplicationStackOverflowHook

.text.vApplicationTickHook
                0x0000000000004000        0x2
 .text.vApplicationTickHook
                0x0000000000004000        0x2 ./output/main.o
                0x0000000000004000                vApplicationTickHook

.text.vAssertCalled
                0x0000000000004004       0x2c
 .text.vAssertCalled
                0x0000000000004004       0x2c ./output/main.o
                0x0000000000004004                vAssertCalled

.text.vApplicationGetIdleTaskMemory
                0x0000000000004030       0x18
 .text.vApplicationGetIdleTaskMemory
                0x0000000000004030       0x18 ./output/main.o
                0x0000000000004030                vApplicationGetIdleTaskMemory

.text.vApplicationGetTimerTaskMemory
                0x0000000000004048       0x18
 .text.vApplicationGetTimerTaskMemory
                0x0000000000004048       0x18 ./output/main.o
                0x0000000000004048                vApplicationGetTimerTaskMemory

.text.Default_Handler
                0x0000000000004100        0xc
 .text.Default_Handler
                0x0000000000004100        0xc ./output/startup_gcc.o

.text.HardFault_Handler
                0x0000000000004200       0x18
 .text.HardFault_Handler
                0x0000000000004200       0x18 ./output/startup_gcc.o

.text.Reset_Handler
                0x0000000000004218        0x4
 .text.Reset_Handler
                0x0000000000004218        0x4 ./output/startup_gcc.o
                0x0000000000004218                Reset_Handler

.text.prvGetRegistersFromStack
                0x000000000000421c       0x6c
 .text.prvGetRegistersFromStack
                0x000000000000421c       0x6c ./output/startup_gcc.o
                0x000000000000421c                prvGetRegistersFromStack

.text.printchar
                0x0000000000004288       0x1e
 .text.printchar
                0x0000000000004288       0x1e ./output/printf-stdarg.o

.text.prints    0x00000000000042a6       0x82
 .text.prints   0x00000000000042a6       0x82 ./output/printf-stdarg.o

.text.printi    0x0000000000004328       0xa6
 .text.printi   0x0000000000004328       0xa6 ./output/printf-stdarg.o

.text.tiny_print
                0x00000000000043d0      0x124
 .text.tiny_print
                0x00000000000043d0      0x124 ./output/printf-stdarg.o

.text.printf    0x00000000000044f4       0x1e
 .text.printf   0x00000000000044f4       0x1e ./output/printf-stdarg.o
                0x00000000000044f4                printf

.text.TzCtrl    0x0000000000004512       0x10
 .text.TzCtrl   0x0000000000004512       0x10 ./output/trcKernelPort.o

.text.xTraceKernelPortInitialize
                0x0000000000004524       0x18
 .text.xTraceKernelPortInitialize
                0x0000000000004524       0x18 ./output/trcKernelPort.o
                0x0000000000004524                xTraceKernelPortInitialize

.text.xTraceKernelPortEnable
                0x000000000000453c       0x68
 .text.xTraceKernelPortEnable
                0x000000000000453c       0x68 ./output/trcKernelPort.o
                0x000000000000453c                xTraceKernelPortEnable

.text.xTraceKernelPortGetSystemHeapHandle
                0x00000000000045a4        0xc
 .text.xTraceKernelPortGetSystemHeapHandle
                0x00000000000045a4        0xc ./output/trcKernelPort.o
                0x00000000000045a4                xTraceKernelPortGetSystemHeapHandle

.text.xTraceStreamPortInitialize
                0x00000000000045b0       0xd8
 .text.xTraceStreamPortInitialize
                0x00000000000045b0       0xd8 ./output/trcStreamPort.o
                0x00000000000045b0                xTraceStreamPortInitialize

.text.xTraceStreamPortOnTraceBegin
                0x0000000000004688        0xc
 .text.xTraceStreamPortOnTraceBegin
                0x0000000000004688        0xc ./output/trcStreamPort.o
                0x0000000000004688                xTraceStreamPortOnTraceBegin

.text.prvTraceAssertCreate
                0x0000000000004694       0x90
 .text.prvTraceAssertCreate
                0x0000000000004694       0x90 ./output/trcAssert.o
                0x0000000000004694                prvTraceAssertCreate

.text.xTraceAssertInitialize
                0x0000000000004724       0x34
 .text.xTraceAssertInitialize
                0x0000000000004724       0x34 ./output/trcAssert.o
                0x0000000000004724                xTraceAssertInitialize

.text.xTraceAssertGet
                0x0000000000004758       0x50
 .text.xTraceAssertGet
                0x0000000000004758       0x50 ./output/trcAssert.o
                0x0000000000004758                xTraceAssertGet

.text.xTraceCounterInitialize
                0x00000000000047a8       0x34
 .text.xTraceCounterInitialize
                0x00000000000047a8       0x34 ./output/trcCounter.o
                0x00000000000047a8                xTraceCounterInitialize

.text.xTraceDiagnosticsInitialize
                0x00000000000047dc       0x3c
 .text.xTraceDiagnosticsInitialize
                0x00000000000047dc       0x3c ./output/trcDiagnostics.o
                0x00000000000047dc                xTraceDiagnosticsInitialize

.text.xTraceDiagnosticsAdd
                0x0000000000004818       0x3c
 .text.xTraceDiagnosticsAdd
                0x0000000000004818       0x3c ./output/trcDiagnostics.o
                0x0000000000004818                xTraceDiagnosticsAdd

.text.xTraceDiagnosticsIncrease
                0x0000000000004854        0x6
 .text.xTraceDiagnosticsIncrease
                0x0000000000004854        0x6 ./output/trcDiagnostics.o
                0x0000000000004854                xTraceDiagnosticsIncrease

.text.xTraceDiagnosticsSetIfHigher
                0x000000000000485c       0x40
 .text.xTraceDiagnosticsSetIfHigher
                0x000000000000485c       0x40 ./output/trcDiagnostics.o
                0x000000000000485c                xTraceDiagnosticsSetIfHigher

.text.xTraceDiagnosticsCheckStatus
                0x000000000000489c       0x6c
 .text.xTraceDiagnosticsCheckStatus
                0x000000000000489c       0x6c ./output/trcDiagnostics.o
                0x000000000000489c                xTraceDiagnosticsCheckStatus

.text.xTraceEntryIndexTableInitialize
                0x0000000000004908       0x2c
 .text.xTraceEntryIndexTableInitialize
                0x0000000000004908       0x2c ./output/trcEntryTable.o
                0x0000000000004908                xTraceEntryIndexTableInitialize

.text.xTraceEntryTableInitialize
                0x0000000000004934       0x54
 .text.xTraceEntryTableInitialize
                0x0000000000004934       0x54 ./output/trcEntryTable.o
                0x0000000000004934                xTraceEntryTableInitialize

.text.xTraceEntryCreate
                0x0000000000004988       0x84
 .text.xTraceEntryCreate
                0x0000000000004988       0x84 ./output/trcEntryTable.o
                0x0000000000004988                xTraceEntryCreate

.text.xTraceEntryDelete
                0x0000000000004a0c       0x80
 .text.xTraceEntryDelete
                0x0000000000004a0c       0x80 ./output/trcEntryTable.o
                0x0000000000004a0c                xTraceEntryDelete

.text.xTraceEntryFind
                0x0000000000004a8c       0x58
 .text.xTraceEntryFind
                0x0000000000004a8c       0x58 ./output/trcEntryTable.o
                0x0000000000004a8c                xTraceEntryFind

.text.xTraceEntrySetSymbol
                0x0000000000004ae4       0x6c
 .text.xTraceEntrySetSymbol
                0x0000000000004ae4       0x6c ./output/trcEntryTable.o
                0x0000000000004ae4                xTraceEntrySetSymbol

.text.xTraceEntryCreateWithAddress
                0x0000000000004b50       0x2c
 .text.xTraceEntryCreateWithAddress
                0x0000000000004b50       0x2c ./output/trcEntryTable.o
                0x0000000000004b50                xTraceEntryCreateWithAddress

.text.xTraceEntrySetState
                0x0000000000004b7c       0x54
 .text.xTraceEntrySetState
                0x0000000000004b7c       0x54 ./output/trcEntryTable.o
                0x0000000000004b7c                xTraceEntrySetState

.text.xTraceEntrySetOptions
                0x0000000000004bd0       0x48
 .text.xTraceEntrySetOptions
                0x0000000000004bd0       0x48 ./output/trcEntryTable.o
                0x0000000000004bd0                xTraceEntrySetOptions

.text.xTraceEntryGetAddress
                0x0000000000004c18       0x50
 .text.xTraceEntryGetAddress
                0x0000000000004c18       0x50 ./output/trcEntryTable.o
                0x0000000000004c18                xTraceEntryGetAddress

.text.xTraceEntryGetSymbol
                0x0000000000004c68       0x50
 .text.xTraceEntryGetSymbol
                0x0000000000004c68       0x50 ./output/trcEntryTable.o
                0x0000000000004c68                xTraceEntryGetSymbol

.text.xTraceEntryGetState
                0x0000000000004cb8       0x5c
 .text.xTraceEntryGetState
                0x0000000000004cb8       0x5c ./output/trcEntryTable.o
                0x0000000000004cb8                xTraceEntryGetState

.text.prvTraceErrorGetDescription
                0x0000000000004d14       0x90
 .text.prvTraceErrorGetDescription
                0x0000000000004d14       0x90 ./output/trcError.o

.text.prvTraceErrorPrint
                0x0000000000004da4       0x74
 .text.prvTraceErrorPrint
                0x0000000000004da4       0x74 ./output/trcError.o

.text.xTraceErrorInitialize
                0x0000000000004e18       0x38
 .text.xTraceErrorInitialize
                0x0000000000004e18       0x38 ./output/trcError.o
                0x0000000000004e18                xTraceErrorInitialize

.text.xTraceWarning
                0x0000000000004e50       0x40
 .text.xTraceWarning
                0x0000000000004e50       0x40 ./output/trcError.o
                0x0000000000004e50                xTraceWarning

.text.xTraceError
                0x0000000000004e90       0x58
 .text.xTraceError
                0x0000000000004e90       0x58 ./output/trcError.o
                0x0000000000004e90                xTraceError

.text.xTraceEventInitialize
                0x0000000000004ee8       0x34
 .text.xTraceEventInitialize
                0x0000000000004ee8       0x34 ./output/trcEvent.o
                0x0000000000004ee8                xTraceEventInitialize

.text.xTraceEventCreate1
                0x0000000000004f1c       0x98
 .text.xTraceEventCreate1
                0x0000000000004f1c       0x98 ./output/trcEvent.o
                0x0000000000004f1c                xTraceEventCreate1

.text.xTraceEventCreate2
                0x0000000000004fb4       0x9c
 .text.xTraceEventCreate2
                0x0000000000004fb4       0x9c ./output/trcEvent.o
                0x0000000000004fb4                xTraceEventCreate2

.text.xTraceEventCreate3
                0x0000000000005050       0xa0
 .text.xTraceEventCreate3
                0x0000000000005050       0xa0 ./output/trcEvent.o
                0x0000000000005050                xTraceEventCreate3

.text.xTraceEventCreate4
                0x00000000000050f0       0xa4
 .text.xTraceEventCreate4
                0x00000000000050f0       0xa4 ./output/trcEvent.o
                0x00000000000050f0                xTraceEventCreate4

.text.xTraceEventCreateDataOffline0
                0x0000000000005194       0xa4
 .text.xTraceEventCreateDataOffline0
                0x0000000000005194       0xa4 ./output/trcEvent.o
                0x0000000000005194                xTraceEventCreateDataOffline0

.text.xTraceEventCreateData1
                0x0000000000005238       0xc4
 .text.xTraceEventCreateData1
                0x0000000000005238       0xc4 ./output/trcEvent.o
                0x0000000000005238                xTraceEventCreateData1

.text.xTraceEventCreateData2
                0x00000000000052fc       0xd0
 .text.xTraceEventCreateData2
                0x00000000000052fc       0xd0 ./output/trcEvent.o
                0x00000000000052fc                xTraceEventCreateData2

.text.xTraceEventCreateData3
                0x00000000000053cc       0xd4
 .text.xTraceEventCreateData3
                0x00000000000053cc       0xd4 ./output/trcEvent.o
                0x00000000000053cc                xTraceEventCreateData3

.text.xTraceEventCreateData4
                0x00000000000054a0       0xd8
 .text.xTraceEventCreateData4
                0x00000000000054a0       0xd8 ./output/trcEvent.o
                0x00000000000054a0                xTraceEventCreateData4

.text.xTraceEventCreateData5
                0x0000000000005578       0xdc
 .text.xTraceEventCreateData5
                0x0000000000005578       0xdc ./output/trcEvent.o
                0x0000000000005578                xTraceEventCreateData5

.text.xTraceEventCreateData6
                0x0000000000005654       0xe0
 .text.xTraceEventCreateData6
                0x0000000000005654       0xe0 ./output/trcEvent.o
                0x0000000000005654                xTraceEventCreateData6

.text.xTraceEventGetSize
                0x0000000000005734       0x38
 .text.xTraceEventGetSize
                0x0000000000005734       0x38 ./output/trcEvent.o
                0x0000000000005734                xTraceEventGetSize

.text.prvTraceEventBufferAllocPop.isra.0
                0x000000000000576c       0x48
 .text.prvTraceEventBufferAllocPop.isra.0
                0x000000000000576c       0x48 ./output/trcEventBuffer.o

.text.xTraceEventBufferInitialize
                0x00000000000057b4       0x48
 .text.xTraceEventBufferInitialize
                0x00000000000057b4       0x48 ./output/trcEventBuffer.o
                0x00000000000057b4                xTraceEventBufferInitialize

.text.xTraceEventBufferAlloc
                0x00000000000057fc      0x100
 .text.xTraceEventBufferAlloc
                0x00000000000057fc      0x100 ./output/trcEventBuffer.o
                0x00000000000057fc                xTraceEventBufferAlloc

.text.xTraceEventBufferAllocCommit
                0x00000000000058fc       0x2c
 .text.xTraceEventBufferAllocCommit
                0x00000000000058fc       0x2c ./output/trcEventBuffer.o
                0x00000000000058fc                xTraceEventBufferAllocCommit

.text.xTraceEventBufferClear
                0x0000000000005928       0x28
 .text.xTraceEventBufferClear
                0x0000000000005928       0x28 ./output/trcEventBuffer.o
                0x0000000000005928                xTraceEventBufferClear

.text.xTraceExtensionInitialize
                0x0000000000005950       0x34
 .text.xTraceExtensionInitialize
                0x0000000000005950       0x34 ./output/trcExtension.o
                0x0000000000005950                xTraceExtensionInitialize

.text.xTraceHeapCreate
                0x0000000000005984       0x2a
 .text.xTraceHeapCreate
                0x0000000000005984       0x2a ./output/trcHeap.o
                0x0000000000005984                xTraceHeapCreate

.text.xTraceHeapAlloc
                0x00000000000059b0       0x78
 .text.xTraceHeapAlloc
                0x00000000000059b0       0x78 ./output/trcHeap.o
                0x00000000000059b0                xTraceHeapAlloc

.text.xTraceHeapFree
                0x0000000000005a28       0x50
 .text.xTraceHeapFree
                0x0000000000005a28       0x50 ./output/trcHeap.o
                0x0000000000005a28                xTraceHeapFree

.text.xTraceISRInitialize
                0x0000000000005a78       0x48
 .text.xTraceISRInitialize
                0x0000000000005a78       0x48 ./output/trcISR.o
                0x0000000000005a78                xTraceISRInitialize

.text.xTraceMultiCoreEventBufferInitialize
                0x0000000000005ac0       0x3c
 .text.xTraceMultiCoreEventBufferInitialize
                0x0000000000005ac0       0x3c ./output/trcMultiCoreEventBuffer.o
                0x0000000000005ac0                xTraceMultiCoreEventBufferInitialize

.text.xTraceMultiCoreEventBufferAlloc
                0x0000000000005afc       0x20
 .text.xTraceMultiCoreEventBufferAlloc
                0x0000000000005afc       0x20 ./output/trcMultiCoreEventBuffer.o
                0x0000000000005afc                xTraceMultiCoreEventBufferAlloc

.text.xTraceMultiCoreEventBufferAllocCommit
                0x0000000000005b1c       0x20
 .text.xTraceMultiCoreEventBufferAllocCommit
                0x0000000000005b1c       0x20 ./output/trcMultiCoreEventBuffer.o
                0x0000000000005b1c                xTraceMultiCoreEventBufferAllocCommit

.text.xTraceMultiCoreEventBufferClear
                0x0000000000005b3c       0x24
 .text.xTraceMultiCoreEventBufferClear
                0x0000000000005b3c       0x24 ./output/trcMultiCoreEventBuffer.o
                0x0000000000005b3c                xTraceMultiCoreEventBufferClear

.text.xTraceObjectUnregister
                0x0000000000005b60       0x60
 .text.xTraceObjectUnregister
                0x0000000000005b60       0x60 ./output/trcObject.o
                0x0000000000005b60                xTraceObjectUnregister

.text.xTraceObjectSetName
                0x0000000000005bc0       0x44
 .text.xTraceObjectSetName
                0x0000000000005bc0       0x44 ./output/trcObject.o
                0x0000000000005bc0                xTraceObjectSetName

.text.xTraceObjectRegisterInternal
                0x0000000000005c04      0x100
 .text.xTraceObjectRegisterInternal
                0x0000000000005c04      0x100 ./output/trcObject.o
                0x0000000000005c04                xTraceObjectRegisterInternal

.text.xTraceObjectRegisterWithoutHandle
                0x0000000000005d04       0x1e
 .text.xTraceObjectRegisterWithoutHandle
                0x0000000000005d04       0x1e ./output/trcObject.o
                0x0000000000005d04                xTraceObjectRegisterWithoutHandle

.text.xTraceObjectUnregisterWithoutHandle
                0x0000000000005d22       0x30
 .text.xTraceObjectUnregisterWithoutHandle
                0x0000000000005d22       0x30 ./output/trcObject.o
                0x0000000000005d22                xTraceObjectUnregisterWithoutHandle

.text.xTraceObjectSetNameWithoutHandle
                0x0000000000005d52       0x38
 .text.xTraceObjectSetNameWithoutHandle
                0x0000000000005d52       0x38 ./output/trcObject.o
                0x0000000000005d52                xTraceObjectSetNameWithoutHandle

.text.prvTraceVPrintF
                0x0000000000005d8c       0xf4
 .text.prvTraceVPrintF
                0x0000000000005d8c       0xf4 ./output/trcPrint.o

.text.xTracePrintInitialize
                0x0000000000005e80       0x34
 .text.xTracePrintInitialize
                0x0000000000005e80       0x34 ./output/trcPrint.o
                0x0000000000005e80                xTracePrintInitialize

.text.xTracePrint
                0x0000000000005eb4       0x3c
 .text.xTracePrint
                0x0000000000005eb4       0x3c ./output/trcPrint.o
                0x0000000000005eb4                xTracePrint

.text.xTraceVPrintF
                0x0000000000005ef0       0x4c
 .text.xTraceVPrintF
                0x0000000000005ef0       0x4c ./output/trcPrint.o
                0x0000000000005ef0                xTraceVPrintF

.text.xTracePrintF
                0x0000000000005f3c       0x2c
 .text.xTracePrintF
                0x0000000000005f3c       0x2c ./output/trcPrint.o
                0x0000000000005f3c                xTracePrintF

.text.xTraceStaticBufferInitialize
                0x0000000000005f68       0x30
 .text.xTraceStaticBufferInitialize
                0x0000000000005f68       0x30 ./output/trcStaticBuffer.o
                0x0000000000005f68                xTraceStaticBufferInitialize

.text.xTraceInitialize
                0x0000000000005f98      0x100
 .text.xTraceInitialize
                0x0000000000005f98      0x100 ./output/trcStreamingRecorder.o
                0x0000000000005f98                xTraceInitialize

.text.xTraceHeaderInitialize
                0x0000000000006098       0x4c
 .text.xTraceHeaderInitialize
                0x0000000000006098       0x4c ./output/trcStreamingRecorder.o
                0x0000000000006098                xTraceHeaderInitialize

.text.xTraceEnable
                0x00000000000060e4       0xac
 .text.xTraceEnable
                0x00000000000060e4       0xac ./output/trcStreamingRecorder.o
                0x00000000000060e4                xTraceEnable

.text.xTraceDisable
                0x0000000000006190       0x24
 .text.xTraceDisable
                0x0000000000006190       0x24 ./output/trcStreamingRecorder.o
                0x0000000000006190                xTraceDisable

.text.xTraceTzCtrl
                0x00000000000061b4       0x24
 .text.xTraceTzCtrl
                0x00000000000061b4       0x24 ./output/trcStreamingRecorder.o
                0x00000000000061b4                xTraceTzCtrl

.text.xTraceStringRegister
                0x00000000000061d8       0x58
 .text.xTraceStringRegister
                0x00000000000061d8       0x58 ./output/trcString.o
                0x00000000000061d8                xTraceStringRegister

.text.xTraceTaskInitialize
                0x0000000000006230       0x34
 .text.xTraceTaskInitialize
                0x0000000000006230       0x34 ./output/trcTask.o
                0x0000000000006230                xTraceTaskInitialize

.text.xTraceTaskSwitch
                0x0000000000006264       0x54
 .text.xTraceTaskSwitch
                0x0000000000006264       0x54 ./output/trcTask.o
                0x0000000000006264                xTraceTaskSwitch

.text.xTraceTimestampInitialize
                0x00000000000062b8       0x48
 .text.xTraceTimestampInitialize
                0x00000000000062b8       0x48 ./output/trcTimestamp.o
                0x00000000000062b8                xTraceTimestampInitialize

.text.xTraceTimestampGet
                0x0000000000006300       0x80
 .text.xTraceTimestampGet
                0x0000000000006300       0x80 ./output/trcTimestamp.o
                0x0000000000006300                xTraceTimestampGet

.text.xTraceTimestampGetWraparounds
                0x0000000000006380       0x34
 .text.xTraceTimestampGetWraparounds
                0x0000000000006380       0x34 ./output/trcTimestamp.o
                0x0000000000006380                xTraceTimestampGetWraparounds

.text.xTraceTimestampSetFrequency
                0x00000000000063b4       0x2c
 .text.xTraceTimestampSetFrequency
                0x00000000000063b4       0x2c ./output/trcTimestamp.o
                0x00000000000063b4                xTraceTimestampSetFrequency

.text.xTraceTimestampSetPeriod
                0x00000000000063e0       0x2c
 .text.xTraceTimestampSetPeriod
                0x00000000000063e0       0x2c ./output/trcTimestamp.o
                0x00000000000063e0                xTraceTimestampSetPeriod

.text.xTraceTimestampSetOsTickCount
                0x000000000000640c       0x2c
 .text.xTraceTimestampSetOsTickCount
                0x000000000000640c       0x2c ./output/trcTimestamp.o
                0x000000000000640c                xTraceTimestampSetOsTickCount

.text.xTraceTimestampGetFrequency
                0x0000000000006438       0x34
 .text.xTraceTimestampGetFrequency
                0x0000000000006438       0x34 ./output/trcTimestamp.o
                0x0000000000006438                xTraceTimestampGetFrequency

.text.xTraceTimestampGetPeriod
                0x000000000000646c       0x34
 .text.xTraceTimestampGetPeriod
                0x000000000000646c       0x34 ./output/trcTimestamp.o
                0x000000000000646c                xTraceTimestampGetPeriod

.rel.dyn        0x00000000000064a0        0x0
 .rel.iplt      0x00000000000064a0        0x0 ./output/tasks.o

.data           0x0000000020000000       0x64
                0x0000000020000000                . = ALIGN (0x8)
                0x0000000020000000                _data = .
                0x0000000020000000                _sdata = .
 *(vtable)
 *(.data)
 .data          0x0000000020000000       0x64 /usr/lib/gcc/arm-none-eabi/10.3.1/../../../arm-none-eabi/lib/thumb/v7-m/nofp/libg_nano.a(lib_a-impure.o)
                0x0000000020000000                _impure_ptr
                0x0000000020000064                _edata = .

.data.uxTopUsedPriority
                0x0000000020000064        0x4
 .data.uxTopUsedPriority
                0x0000000020000064        0x4 ./output/tasks.o

.igot.plt       0x0000000020000068        0x0
 .igot.plt      0x0000000020000068        0x0 ./output/tasks.o

.data.uxCriticalNesting
                0x0000000020000068        0x4
 .data.uxCriticalNesting
                0x0000000020000068        0x4 ./output/port.o

.data.xErrorStatus
                0x000000002000006c        0x4
 .data.xErrorStatus
                0x000000002000006c        0x4 ./output/IntQueue.o

.bss            0x0000000020000070       0x10
                0x0000000020000070                . = ALIGN (0x8)
                0x0000000020000070                _bss = .
                0x0000000020000070                _sbss = .
 *(.bss)
 .bss           0x0000000020000070        0x8 /usr/lib/gcc/arm-none-eabi/10.3.1/../../../arm-none-eabi/lib/thumb/v7-m/nofp/libg_nano.a(lib_a-nano-mallocr.o)
                0x0000000020000070                __malloc_free_list
                0x0000000020000074                __malloc_sbrk_start
 .bss           0x0000000020000078        0x4 /usr/lib/gcc/arm-none-eabi/10.3.1/../../../arm-none-eabi/lib/thumb/v7-m/nofp/libg_nano.a(lib_a-reent.o)
                0x0000000020000078                errno
 .bss           0x000000002000007c        0x4 /usr/lib/gcc/arm-none-eabi/10.3.1/../../../arm-none-eabi/lib/thumb/v7-m/nofp/libnosys.a(sbrk.o)
                0x0000000020000080                _ebss = .

.bss.pxCurrentTCB
                0x0000000020000080        0x4
 .bss.pxCurrentTCB
                0x0000000020000080        0x4 ./output/tasks.o
                0x0000000020000080                pxCurrentTCB

.bss.pxDelayedTaskList
                0x0000000020000084        0x4
 .bss.pxDelayedTaskList
                0x0000000020000084        0x4 ./output/tasks.o

.bss.pxOverflowDelayedTaskList
                0x0000000020000088        0x4
 .bss.pxOverflowDelayedTaskList
                0x0000000020000088        0x4 ./output/tasks.o

.bss.pxReadyTasksLists
                0x000000002000008c       0xb4
 .bss.pxReadyTasksLists
                0x000000002000008c       0xb4 ./output/tasks.o

.bss.uxCurrentNumberOfTasks
                0x0000000020000140        0x4
 .bss.uxCurrentNumberOfTasks
                0x0000000020000140        0x4 ./output/tasks.o

.bss.uxDeletedTasksWaitingCleanUp
                0x0000000020000144        0x4
 .bss.uxDeletedTasksWaitingCleanUp
                0x0000000020000144        0x4 ./output/tasks.o

.bss.uxSchedulerSuspended
                0x0000000020000148        0x4
 .bss.uxSchedulerSuspended
                0x0000000020000148        0x4 ./output/tasks.o

.bss.uxTaskNumber
                0x000000002000014c        0x4
 .bss.uxTaskNumber
                0x000000002000014c        0x4 ./output/tasks.o

.bss.uxTopReadyPriority
                0x0000000020000150        0x4
 .bss.uxTopReadyPriority
                0x0000000020000150        0x4 ./output/tasks.o

.bss.xDelayedTaskList1
                0x0000000020000154       0x14
 .bss.xDelayedTaskList1
                0x0000000020000154       0x14 ./output/tasks.o

.bss.xDelayedTaskList2
                0x0000000020000168       0x14
 .bss.xDelayedTaskList2
                0x0000000020000168       0x14 ./output/tasks.o

.bss.xIdleTaskHandles
                0x000000002000017c        0x4
 .bss.xIdleTaskHandles
                0x000000002000017c        0x4 ./output/tasks.o

.bss.xNextTaskUnblockTime
                0x0000000020000180        0x4
 .bss.xNextTaskUnblockTime
                0x0000000020000180        0x4 ./output/tasks.o

.bss.xNumOfOverflows
                0x0000000020000184        0x4
 .bss.xNumOfOverflows
                0x0000000020000184        0x4 ./output/tasks.o

.bss.xPendedTicks
                0x0000000020000188        0x4
 .bss.xPendedTicks
                0x0000000020000188        0x4 ./output/tasks.o

.bss.xPendingReadyList
                0x000000002000018c       0x14
 .bss.xPendingReadyList
                0x000000002000018c       0x14 ./output/tasks.o

.bss.xSchedulerRunning
                0x00000000200001a0        0x4
 .bss.xSchedulerRunning
                0x00000000200001a0        0x4 ./output/tasks.o

.bss.xSuspendedTaskList
                0x00000000200001a4       0x14
 .bss.xSuspendedTaskList
                0x00000000200001a4       0x14 ./output/tasks.o

.bss.xTasksWaitingTermination
                0x00000000200001b8       0x14
 .bss.xTasksWaitingTermination
                0x00000000200001b8       0x14 ./output/tasks.o

.bss.xTickCount
                0x00000000200001cc        0x4
 .bss.xTickCount
                0x00000000200001cc        0x4 ./output/tasks.o

.bss.xYieldPendings
                0x00000000200001d0        0x4
 .bss.xYieldPendings
                0x00000000200001d0        0x4 ./output/tasks.o

.bss.xQueueRegistry
                0x00000000200001d4       0x50
 .bss.xQueueRegistry
                0x00000000200001d4       0x50 ./output/queue.o
                0x00000000200001d4                xQueueRegistry

.bss.pxCurrentTimerList
                0x0000000020000224        0x4
 .bss.pxCurrentTimerList
                0x0000000020000224        0x4 ./output/timers.o

.bss.pxOverflowTimerList
                0x0000000020000228        0x4
 .bss.pxOverflowTimerList
                0x0000000020000228        0x4 ./output/timers.o

.bss.ucStaticTimerQueueStorage.1
                0x000000002000022c      0x140
 .bss.ucStaticTimerQueueStorage.1
                0x000000002000022c      0x140 ./output/timers.o

.bss.xActiveTimerList1
                0x000000002000036c       0x14
 .bss.xActiveTimerList1
                0x000000002000036c       0x14 ./output/timers.o

.bss.xActiveTimerList2
                0x0000000020000380       0x14
 .bss.xActiveTimerList2
                0x0000000020000380       0x14 ./output/timers.o

.bss.xLastTime.2
                0x0000000020000394        0x4
 .bss.xLastTime.2
                0x0000000020000394        0x4 ./output/timers.o

.bss.xStaticTimerQueue.0
                0x0000000020000398       0x54
 .bss.xStaticTimerQueue.0
                0x0000000020000398       0x54 ./output/timers.o

.bss.xTimerQueue
                0x00000000200003ec        0x4
 .bss.xTimerQueue
                0x00000000200003ec        0x4 ./output/timers.o

.bss.xTimerTaskHandle
                0x00000000200003f0        0x4
 .bss.xTimerTaskHandle
                0x00000000200003f0        0x4 ./output/timers.o

.bss.pxEnd      0x00000000200003f4        0x4
 .bss.pxEnd     0x00000000200003f4        0x4 ./output/heap_4.o

.bss.ucHeap     0x00000000200003f8     0xf000
 .bss.ucHeap    0x00000000200003f8     0xf000 ./output/heap_4.o

.bss.xFreeBytesRemaining
                0x000000002000f3f8        0x4
 .bss.xFreeBytesRemaining
                0x000000002000f3f8        0x4 ./output/heap_4.o

.bss.xMinimumEverFreeBytesRemaining
                0x000000002000f3fc        0x4
 .bss.xMinimumEverFreeBytesRemaining
                0x000000002000f3fc        0x4 ./output/heap_4.o

.bss.xNumberOfSuccessfulAllocations
                0x000000002000f400        0x4
 .bss.xNumberOfSuccessfulAllocations
                0x000000002000f400        0x4 ./output/heap_4.o

.bss.xNumberOfSuccessfulFrees
                0x000000002000f404        0x4
 .bss.xNumberOfSuccessfulFrees
                0x000000002000f404        0x4 ./output/heap_4.o

.bss.xStart     0x000000002000f408        0x8
 .bss.xStart    0x000000002000f408        0x8 ./output/heap_4.o

.bss.ucMaxSysCallPriority
                0x000000002000f410        0x1
 .bss.ucMaxSysCallPriority
                0x000000002000f410        0x1 ./output/port.o

.bss.ulMaxPRIGROUPValue
                0x000000002000f414        0x4
 .bss.ulMaxPRIGROUPValue
                0x000000002000f414        0x4 ./output/port.o

.bss.ucNormallyEmptyReceivedValues
                0x000000002000f418       0xc8
 .bss.ucNormallyEmptyReceivedValues
                0x000000002000f418       0xc8 ./output/IntQueue.o

.bss.ucNormallyFullReceivedValues
                0x000000002000f4e0       0xc8
 .bss.ucNormallyFullReceivedValues
                0x000000002000f4e0       0xc8 ./output/IntQueue.o

.bss.uxNextOperation.4
                0x000000002000f5a8        0x4
 .bss.uxNextOperation.4
                0x000000002000f5a8        0x4 ./output/IntQueue.o

.bss.uxNextOperation.5
                0x000000002000f5ac        0x4
 .bss.uxNextOperation.5
                0x000000002000f5ac        0x4 ./output/IntQueue.o

.bss.uxValueForNormallyEmptyQueue
                0x000000002000f5b0        0x4
 .bss.uxValueForNormallyEmptyQueue
                0x000000002000f5b0        0x4 ./output/IntQueue.o

.bss.uxValueForNormallyFullQueue
                0x000000002000f5b4        0x4
 .bss.uxValueForNormallyFullQueue
                0x000000002000f5b4        0x4 ./output/IntQueue.o

.bss.xErrorLine
                0x000000002000f5b8        0x4
 .bss.xErrorLine
                0x000000002000f5b8        0x4 ./output/IntQueue.o

.bss.xNormallyEmptyQueue
                0x000000002000f5bc        0x4
 .bss.xNormallyEmptyQueue
                0x000000002000f5bc        0x4 ./output/IntQueue.o

.bss.xNormallyFullQueue
                0x000000002000f5c0        0x4
 .bss.xNormallyFullQueue
                0x000000002000f5c0        0x4 ./output/IntQueue.o

.bss.ulNest     0x000000002000f5c4        0x4
 .bss.ulNest    0x000000002000f5c4        0x4 ./output/IntQueueTimer.o
                0x000000002000f5c4                ulNest

.bss.ulNestCount
                0x000000002000f5c8        0x4
 .bss.ulNestCount
                0x000000002000f5c8        0x4 ./output/IntQueueTimer.o
                0x000000002000f5c8                ulNestCount

.bss.fakeValue.4
                0x000000002000f5cc        0x2
 .bss.fakeValue.4
                0x000000002000f5cc        0x2 ./output/main.o

.bss.sSensorData
                0x000000002000f5ce        0x2
 .bss.sSensorData
                0x000000002000f5ce        0x2 ./output/main.o

.bss.uxIdleTaskStack.2
                0x000000002000f5d0      0x160
 .bss.uxIdleTaskStack.2
                0x000000002000f5d0      0x160 ./output/main.o

.bss.uxTimerTaskStack.0
                0x000000002000f730      0x2c0
 .bss.uxTimerTaskStack.0
                0x000000002000f730      0x2c0 ./output/main.o

.bss.xIdleTaskTCB.3
                0x000000002000f9f0       0x64
 .bss.xIdleTaskTCB.3
                0x000000002000f9f0       0x64 ./output/main.o

.bss.xSensorMutex
                0x000000002000fa54        0x4
 .bss.xSensorMutex
                0x000000002000fa54        0x4 ./output/main.o

.bss.xTimerTaskTCB.1
                0x000000002000fa58       0x64
 .bss.xTimerTaskTCB.1
                0x000000002000fa58       0x64 ./output/main.o

.bss.lr         0x000000002000fabc        0x4
 .bss.lr        0x000000002000fabc        0x4 ./output/startup_gcc.o
                0x000000002000fabc                lr

.bss.pc         0x000000002000fac0        0x4
 .bss.pc        0x000000002000fac0        0x4 ./output/startup_gcc.o
                0x000000002000fac0                pc

.bss.psr        0x000000002000fac4        0x4
 .bss.psr       0x000000002000fac4        0x4 ./output/startup_gcc.o
                0x000000002000fac4                psr

.bss.r0         0x000000002000fac8        0x4
 .bss.r0        0x000000002000fac8        0x4 ./output/startup_gcc.o
                0x000000002000fac8                r0

.bss.r1         0x000000002000facc        0x4
 .bss.r1        0x000000002000facc        0x4 ./output/startup_gcc.o
                0x000000002000facc                r1

.bss.r12        0x000000002000fad0        0x4
 .bss.r12       0x000000002000fad0        0x4 ./output/startup_gcc.o
                0x000000002000fad0                r12

.bss.r2         0x000000002000fad4        0x4
 .bss.r2        0x000000002000fad4        0x4 ./output/startup_gcc.o
                0x000000002000fad4                r2

.bss.r3         0x000000002000fad8        0x4
 .bss.r3        0x000000002000fad8        0x4 ./output/startup_gcc.o
                0x000000002000fad8                r3

.bss.pxKernelPortData
                0x000000002000fadc        0x4
 .bss.pxKernelPortData
                0x000000002000fadc        0x4 ./output/trcKernelPort.o

.bss.stackTzCtrl
                0x000000002000fae0      0x400
 .bss.stackTzCtrl
                0x000000002000fae0      0x400 ./output/trcKernelPort.o

.bss.tcbTzCtrl  0x000000002000fee0       0x64
 .bss.tcbTzCtrl
                0x000000002000fee0       0x64 ./output/trcKernelPort.o

.bss.RecorderDataPtr
                0x000000002000ff44        0x4
 .bss.RecorderDataPtr
                0x000000002000ff44        0x4 ./output/trcStreamPort.o
                0x000000002000ff44                RecorderDataPtr

.bss.pxStreamPortData
                0x000000002000ff48        0x4
 .bss.pxStreamPortData
                0x000000002000ff48        0x4 ./output/trcStreamPort.o
                0x000000002000ff48                pxStreamPortData

.bss.pxAssertData
                0x000000002000ff4c        0x4
 .bss.pxAssertData
                0x000000002000ff4c        0x4 ./output/trcAssert.o

.bss.uxRecursionGuard.0
                0x000000002000ff50        0x4
 .bss.uxRecursionGuard.0
                0x000000002000ff50        0x4 ./output/trcAssert.o

.bss.pxCounterData
                0x000000002000ff54        0x4
 .bss.pxCounterData
                0x000000002000ff54        0x4 ./output/trcCounter.o

.bss.pxDiagnostics
                0x000000002000ff58        0x4
 .bss.pxDiagnostics
                0x000000002000ff58        0x4 ./output/trcDiagnostics.o

.bss.pxEntryTable
                0x000000002000ff5c        0x4
 .bss.pxEntryTable
                0x000000002000ff5c        0x4 ./output/trcEntryTable.o

.bss.pxIndexTable
                0x000000002000ff60        0x4
 .bss.pxIndexTable
                0x000000002000ff60        0x4 ./output/trcEntryTable.o

.bss.pxErrorInfo
                0x000000002000ff64        0x4
 .bss.pxErrorInfo
                0x000000002000ff64        0x4 ./output/trcError.o

.bss.pxTraceEventDataTable
                0x000000002000ff68        0x4
 .bss.pxTraceEventDataTable
                0x000000002000ff68        0x4 ./output/trcEvent.o
                0x000000002000ff68                pxTraceEventDataTable

.bss.pxExtensionData
                0x000000002000ff6c        0x4
 .bss.pxExtensionData
                0x000000002000ff6c        0x4 ./output/trcExtension.o

.bss.pxTraceISRData
                0x000000002000ff70        0x4
 .bss.pxTraceISRData
                0x000000002000ff70        0x4 ./output/trcISR.o
                0x000000002000ff70                pxTraceISRData

.bss.pxPrintData
                0x000000002000ff74        0x4
 .bss.pxPrintData
                0x000000002000ff74        0x4 ./output/trcPrint.o

.bss.pxTraceStaticBufferTable
                0x000000002000ff78        0x4
 .bss.pxTraceStaticBufferTable
                0x000000002000ff78        0x4 ./output/trcStaticBuffer.o
                0x000000002000ff78                pxTraceStaticBufferTable

.bss.RecorderInitialized
                0x000000002000ff7c        0x4
 .bss.RecorderInitialized
                0x000000002000ff7c        0x4 ./output/trcStreamingRecorder.o
                0x000000002000ff7c                RecorderInitialized

.bss.pxTraceRecorderData
                0x000000002000ff80        0x4
 .bss.pxTraceRecorderData
                0x000000002000ff80        0x4 ./output/trcStreamingRecorder.o
                0x000000002000ff80                pxTraceRecorderData

.bss.xRecorderData
                0x000000002000ff84     0x35f4
 .bss.xRecorderData
                0x000000002000ff84     0x35f4 ./output/trcStreamingRecorder.o

.bss.pxTraceTaskData
                0x0000000020013578        0x4
 .bss.pxTraceTaskData
                0x0000000020013578        0x4 ./output/trcTask.o
                0x0000000020013578                pxTraceTaskData

.bss.pxTraceTimestamp
                0x000000002001357c        0x4
 .bss.pxTraceTimestamp
                0x000000002001357c        0x4 ./output/trcTimestamp.o
                0x000000002001357c                pxTraceTimestamp

.heap           0x0000000020013580      0x408
                0x0000000020013580                . = ALIGN (0x8)
                0x0000000020013580                PROVIDE (end = .)
                [!provide]                        PROVIDE (_end = .)
                0x0000000020013580                _heap_bottom = .
                0x0000000020013588                . = (. + _Min_Heap_Size)
 *fill*         0x0000000020013580        0x8 
                0x0000000020013588                _heap_top = .
                0x0000000020013988                . = (. + _Min_Stack_Size)
 *fill*         0x0000000020013588      0x400 
                0x0000000020013988                . = ALIGN (0x8)
                0x0000000020400000                __StackTop = (ORIGIN (RAM) + LENGTH (RAM))
                0x00000000203ffc00                __StackLimit = (__StackTop - _Min_Stack_Size)
                [!provide]                        PROVIDE (__stack = __StackTop)
                0x0000000000000001                ASSERT ((__StackLimit >= _heap_top), region RAM overflowed with stack)
OUTPUT(./output/RTOSDemo.out elf32-littlearm)
LOAD linker stubs

.debug_info     0x0000000000000000    0x21795
 .debug_info    0x0000000000000000     0x48ee ./output/tasks.o
 .debug_info    0x00000000000048ee      0x2d3 ./output/list.o
 .debug_info    0x0000000000004bc1     0x330e ./output/queue.o
 .debug_info    0x0000000000007ecf     0x1e00 ./output/timers.o
 .debug_info    0x0000000000009ccf      0xd45 ./output/heap_4.o
 .debug_info    0x000000000000aa14      0x5aa ./output/port.o
 .debug_info    0x000000000000afbe     0x15c9 ./output/IntQueue.o
 .debug_info    0x000000000000c587      0x6e4 ./output/IntQueueTimer.o
 .debug_info    0x000000000000cc6b      0xada ./output/main.o
 .debug_info    0x000000000000d745      0xa89 ./output/startup_gcc.o
 .debug_info    0x000000000000e1ce      0x678 ./output/printf-stdarg.o
 .debug_info    0x000000000000e846      0x5b3 ./output/trcKernelPort.o
 .debug_info    0x000000000000edf9      0x5bd ./output/trcStreamPort.o
 .debug_info    0x000000000000f3b6      0x364 ./output/trcAssert.o
 .debug_info    0x000000000000f71a      0x449 ./output/trcCounter.o
 .debug_info    0x000000000000fb63      0x499 ./output/trcDiagnostics.o
 .debug_info    0x000000000000fffc      0xc6a ./output/trcEntryTable.o
 .debug_info    0x0000000000010c66      0x3ec ./output/trcError.o
 .debug_info    0x0000000000011052     0x26ba ./output/trcEvent.o
 .debug_info    0x000000000001370c      0x85d ./output/trcEventBuffer.o
 .debug_info    0x0000000000013f69      0x3d7 ./output/trcExtension.o
 .debug_info    0x0000000000014340      0x3c0 ./output/trcHeap.o
 .debug_info    0x0000000000014700      0x821 ./output/trcISR.o
 .debug_info    0x0000000000014f21      0x657 ./output/trcMultiCoreEventBuffer.o
 .debug_info    0x0000000000015578      0xe87 ./output/trcObject.o
 .debug_info    0x00000000000163ff      0x7b5 ./output/trcPrint.o
 .debug_info    0x0000000000016bb4      0x229 ./output/trcStaticBuffer.o
 .debug_info    0x0000000000016ddd      0xf34 ./output/trcStreamingRecorder.o
 .debug_info    0x0000000000017d11      0x243 ./output/trcString.o
 .debug_info    0x0000000000017f54      0x9ae ./output/trcTask.o
 .debug_info    0x0000000000018902      0x3d1 ./output/trcTimestamp.o
 .debug_info    0x0000000000018cd3      0xb0a /usr/lib/gcc/arm-none-eabi/10.3.1/../../../arm-none-eabi/lib/thumb/v7-m/nofp/libg_nano.a(lib_a-fflush.o)
 .debug_info    0x00000000000197dd      0xfae /usr/lib/gcc/arm-none-eabi/10.3.1/../../../arm-none-eabi/lib/thumb/v7-m/nofp/libg_nano.a(lib_a-findfp.o)
 .debug_info    0x000000000001a78b      0x900 /usr/lib/gcc/arm-none-eabi/10.3.1/../../../arm-none-eabi/lib/thumb/v7-m/nofp/libg_nano.a(lib_a-fwalk.o)
 .debug_info    0x000000000001b08b      0x863 /usr/lib/gcc/arm-none-eabi/10.3.1/../../../arm-none-eabi/lib/thumb/v7-m/nofp/libg_nano.a(lib_a-impure.o)
 .debug_info    0x000000000001b8ee       0x26 /usr/lib/gcc/arm-none-eabi/10.3.1/../../../arm-none-eabi/lib/thumb/v7-m/nofp/libg_nano.a(lib_a-memcpy.o)
 .debug_info    0x000000000001b914      0x137 /usr/lib/gcc/arm-none-eabi/10.3.1/../../../arm-none-eabi/lib/thumb/v7-m/nofp/libg_nano.a(lib_a-memset.o)
 .debug_info    0x000000000001ba4b      0x940 /usr/lib/gcc/arm-none-eabi/10.3.1/../../../arm-none-eabi/lib/thumb/v7-m/nofp/libg_nano.a(lib_a-nano-freer.o)
 .debug_info    0x000000000001c38b      0xa0c /usr/lib/gcc/arm-none-eabi/10.3.1/../../../arm-none-eabi/lib/thumb/v7-m/nofp/libg_nano.a(lib_a-nano-mallocr.o)
 .debug_info    0x000000000001cd97      0x828 /usr/lib/gcc/arm-none-eabi/10.3.1/../../../arm-none-eabi/lib/thumb/v7-m/nofp/libg_nano.a(lib_a-sbrkr.o)
 .debug_info    0x000000000001d5bf      0xabc /usr/lib/gcc/arm-none-eabi/10.3.1/../../../arm-none-eabi/lib/thumb/v7-m/nofp/libg_nano.a(lib_a-stdio.o)
 .debug_info    0x000000000001e07b      0x85a /usr/lib/gcc/arm-none-eabi/10.3.1/../../../arm-none-eabi/lib/thumb/v7-m/nofp/libg_nano.a(lib_a-writer.o)
 .debug_info    0x000000000001e8d5      0x805 /usr/lib/gcc/arm-none-eabi/10.3.1/../../../arm-none-eabi/lib/thumb/v7-m/nofp/libg_nano.a(lib_a-closer.o)
 .debug_info    0x000000000001f0da      0x83b /usr/lib/gcc/arm-none-eabi/10.3.1/../../../arm-none-eabi/lib/thumb/v7-m/nofp/libg_nano.a(lib_a-lseekr.o)
 .debug_info    0x000000000001f915      0x7dc /usr/lib/gcc/arm-none-eabi/10.3.1/../../../arm-none-eabi/lib/thumb/v7-m/nofp/libg_nano.a(lib_a-mlock.o)
 .debug_info    0x00000000000200f1      0x853 /usr/lib/gcc/arm-none-eabi/10.3.1/../../../arm-none-eabi/lib/thumb/v7-m/nofp/libg_nano.a(lib_a-readr.o)
 .debug_info    0x0000000000020944      0xa7e /usr/lib/gcc/arm-none-eabi/10.3.1/../../../arm-none-eabi/lib/thumb/v7-m/nofp/libg_nano.a(lib_a-reent.o)
 .debug_info    0x00000000000213c2       0xb1 /usr/lib/gcc/arm-none-eabi/10.3.1/../../../arm-none-eabi/lib/thumb/v7-m/nofp/libnosys.a(close.o)
 .debug_info    0x0000000000021473       0xd3 /usr/lib/gcc/arm-none-eabi/10.3.1/../../../arm-none-eabi/lib/thumb/v7-m/nofp/libnosys.a(lseek.o)
 .debug_info    0x0000000000021546       0xd9 /usr/lib/gcc/arm-none-eabi/10.3.1/../../../arm-none-eabi/lib/thumb/v7-m/nofp/libnosys.a(read.o)
 .debug_info    0x000000000002161f       0x9d /usr/lib/gcc/arm-none-eabi/10.3.1/../../../arm-none-eabi/lib/thumb/v7-m/nofp/libnosys.a(sbrk.o)
 .debug_info    0x00000000000216bc       0xd9 /usr/lib/gcc/arm-none-eabi/10.3.1/../../../arm-none-eabi/lib/thumb/v7-m/nofp/libnosys.a(write.o)

.debug_abbrev   0x0000000000000000     0x65a9
 .debug_abbrev  0x0000000000000000      0x472 ./output/tasks.o
 .debug_abbrev  0x0000000000000472      0x102 ./output/list.o
 .debug_abbrev  0x0000000000000574      0x3c1 ./output/queue.o
 .debug_abbrev  0x0000000000000935      0x423 ./output/timers.o
 .debug_abbrev  0x0000000000000d58      0x31c ./output/heap_4.o
 .debug_abbrev  0x0000000000001074      0x2a9 ./output/port.o
 .debug_abbrev  0x000000000000131d      0x2b9 ./output/IntQueue.o
 .debug_abbrev  0x00000000000015d6      0x217 ./output/IntQueueTimer.o
 .debug_abbrev  0x00000000000017ed      0x344 ./output/main.o
 .debug_abbrev  0x0000000000001b31      0x272 ./output/startup_gcc.o
 .debug_abbrev  0x0000000000001da3      0x258 ./output/printf-stdarg.o
 .debug_abbrev  0x0000000000001ffb      0x214 ./output/trcKernelPort.o
 .debug_abbrev  0x000000000000220f      0x185 ./output/trcStreamPort.o
 .debug_abbrev  0x0000000000002394      0x17d ./output/trcAssert.o
 .debug_abbrev  0x0000000000002511      0x140 ./output/trcCounter.o
 .debug_abbrev  0x0000000000002651      0x19e ./output/trcDiagnostics.o
 .debug_abbrev  0x00000000000027ef      0x2b2 ./output/trcEntryTable.o
 .debug_abbrev  0x0000000000002aa1      0x177 ./output/trcError.o
 .debug_abbrev  0x0000000000002c18      0x2fb ./output/trcEvent.o
 .debug_abbrev  0x0000000000002f13      0x21d ./output/trcEventBuffer.o
 .debug_abbrev  0x0000000000003130      0x137 ./output/trcExtension.o
 .debug_abbrev  0x0000000000003267      0x103 ./output/trcHeap.o
 .debug_abbrev  0x000000000000336a      0x271 ./output/trcISR.o
 .debug_abbrev  0x00000000000035db      0x152 ./output/trcMultiCoreEventBuffer.o
 .debug_abbrev  0x000000000000372d      0x2a9 ./output/trcObject.o
 .debug_abbrev  0x00000000000039d6      0x234 ./output/trcPrint.o
 .debug_abbrev  0x0000000000003c0a      0x12f ./output/trcStaticBuffer.o
 .debug_abbrev  0x0000000000003d39      0x3b0 ./output/trcStreamingRecorder.o
 .debug_abbrev  0x00000000000040e9      0x108 ./output/trcString.o
 .debug_abbrev  0x00000000000041f1      0x239 ./output/trcTask.o
 .debug_abbrev  0x000000000000442a       0xf8 ./output/trcTimestamp.o
 .debug_abbrev  0x0000000000004522      0x2da /usr/lib/gcc/arm-none-eabi/10.3.1/../../../arm-none-eabi/lib/thumb/v7-m/nofp/libg_nano.a(lib_a-fflush.o)
 .debug_abbrev  0x00000000000047fc      0x3cd /usr/lib/gcc/arm-none-eabi/10.3.1/../../../arm-none-eabi/lib/thumb/v7-m/nofp/libg_nano.a(lib_a-findfp.o)
 .debug_abbrev  0x0000000000004bc9      0x197 /usr/lib/gcc/arm-none-eabi/10.3.1/../../../arm-none-eabi/lib/thumb/v7-m/nofp/libg_nano.a(lib_a-fwalk.o)
 .debug_abbrev  0x0000000000004d60      0x151 /usr/lib/gcc/arm-none-eabi/10.3.1/../../../arm-none-eabi/lib/thumb/v7-m/nofp/libg_nano.a(lib_a-impure.o)
 .debug_abbrev  0x0000000000004eb1       0x14 /usr/lib/gcc/arm-none-eabi/10.3.1/../../../arm-none-eabi/lib/thumb/v7-m/nofp/libg_nano.a(lib_a-memcpy.o)
 .debug_abbrev  0x0000000000004ec5       0xb4 /usr/lib/gcc/arm-none-eabi/10.3.1/../../../arm-none-eabi/lib/thumb/v7-m/nofp/libg_nano.a(lib_a-memset.o)
 .debug_abbrev  0x0000000000004f79      0x245 /usr/lib/gcc/arm-none-eabi/10.3.1/../../../arm-none-eabi/lib/thumb/v7-m/nofp/libg_nano.a(lib_a-nano-freer.o)
 .debug_abbrev  0x00000000000051be      0x290 /usr/lib/gcc/arm-none-eabi/10.3.1/../../../arm-none-eabi/lib/thumb/v7-m/nofp/libg_nano.a(lib_a-nano-mallocr.o)
 .debug_abbrev  0x000000000000544e      0x1d6 /usr/lib/gcc/arm-none-eabi/10.3.1/../../../arm-none-eabi/lib/thumb/v7-m/nofp/libg_nano.a(lib_a-sbrkr.o)
 .debug_abbrev  0x0000000000005624      0x1fb /usr/lib/gcc/arm-none-eabi/10.3.1/../../../arm-none-eabi/lib/thumb/v7-m/nofp/libg_nano.a(lib_a-stdio.o)
 .debug_abbrev  0x000000000000581f      0x1b0 /usr/lib/gcc/arm-none-eabi/10.3.1/../../../arm-none-eabi/lib/thumb/v7-m/nofp/libg_nano.a(lib_a-writer.o)
 .debug_abbrev  0x00000000000059cf      0x1ab /usr/lib/gcc/arm-none-eabi/10.3.1/../../../arm-none-eabi/lib/thumb/v7-m/nofp/libg_nano.a(lib_a-closer.o)
 .debug_abbrev  0x0000000000005b7a      0x1bf /usr/lib/gcc/arm-none-eabi/10.3.1/../../../arm-none-eabi/lib/thumb/v7-m/nofp/libg_nano.a(lib_a-lseekr.o)
 .debug_abbrev  0x0000000000005d39      0x189 /usr/lib/gcc/arm-none-eabi/10.3.1/../../../arm-none-eabi/lib/thumb/v7-m/nofp/libg_nano.a(lib_a-mlock.o)
 .debug_abbrev  0x0000000000005ec2      0x1ab /usr/lib/gcc/arm-none-eabi/10.3.1/../../../arm-none-eabi/lib/thumb/v7-m/nofp/libg_nano.a(lib_a-readr.o)
 .debug_abbrev  0x000000000000606d      0x265 /usr/lib/gcc/arm-none-eabi/10.3.1/../../../arm-none-eabi/lib/thumb/v7-m/nofp/libg_nano.a(lib_a-reent.o)
 .debug_abbrev  0x00000000000062d2       0x6d /usr/lib/gcc/arm-none-eabi/10.3.1/../../../arm-none-eabi/lib/thumb/v7-m/nofp/libnosys.a(close.o)
 .debug_abbrev  0x000000000000633f       0x92 /usr/lib/gcc/arm-none-eabi/10.3.1/../../../arm-none-eabi/lib/thumb/v7-m/nofp/libnosys.a(lseek.o)
 .debug_abbrev  0x00000000000063d1       0x9b /usr/lib/gcc/arm-none-eabi/10.3.1/../../../arm-none-eabi/lib/thumb/v7-m/nofp/libnosys.a(read.o)
 .debug_abbrev  0x000000000000646c       0xa2 /usr/lib/gcc/arm-none-eabi/10.3.1/../../../arm-none-eabi/lib/thumb/v7-m/nofp/libnosys.a(sbrk.o)
 .debug_abbrev  0x000000000000650e       0x9b /usr/lib/gcc/arm-none-eabi/10.3.1/../../../arm-none-eabi/lib/thumb/v7-m/nofp/libnosys.a(write.o)

.debug_loc      0x0000000000000000    0x10dad
 .debug_loc     0x0000000000000000     0x3110 ./output/tasks.o
 .debug_loc     0x0000000000003110       0xaf ./output/list.o
 .debug_loc     0x00000000000031bf     0x27fd ./output/queue.o
 .debug_loc     0x00000000000059bc     0x14ca ./output/timers.o
 .debug_loc     0x0000000000006e86      0x530 ./output/heap_4.o
 .debug_loc     0x00000000000073b6      0x10a ./output/port.o
 .debug_loc     0x00000000000074c0      0x70d ./output/IntQueue.o
 .debug_loc     0x0000000000007bcd       0xb0 ./output/IntQueueTimer.o
 .debug_loc     0x0000000000007c7d      0x287 ./output/main.o
 .debug_loc     0x0000000000007f04       0x25 ./output/startup_gcc.o
 .debug_loc     0x0000000000007f29      0xa75 ./output/printf-stdarg.o
 .debug_loc     0x000000000000899e       0xd0 ./output/trcKernelPort.o
 .debug_loc     0x0000000000008a6e       0x86 ./output/trcStreamPort.o
 .debug_loc     0x0000000000008af4      0x162 ./output/trcAssert.o
 .debug_loc     0x0000000000008c56      0x298 ./output/trcCounter.o
 .debug_loc     0x0000000000008eee      0x413 ./output/trcDiagnostics.o
 .debug_loc     0x0000000000009301      0xc10 ./output/trcEntryTable.o
 .debug_loc     0x0000000000009f11      0x17e ./output/trcError.o
 .debug_loc     0x000000000000a08f     0x171c ./output/trcEvent.o
 .debug_loc     0x000000000000b7ab      0xbf5 ./output/trcEventBuffer.o
 .debug_loc     0x000000000000c3a0      0x330 ./output/trcExtension.o
 .debug_loc     0x000000000000c6d0      0x242 ./output/trcHeap.o
 .debug_loc     0x000000000000c912      0x522 ./output/trcISR.o
 .debug_loc     0x000000000000ce34      0x65a ./output/trcMultiCoreEventBuffer.o
 .debug_loc     0x000000000000d48e      0x994 ./output/trcObject.o
 .debug_loc     0x000000000000de22      0x99e ./output/trcPrint.o
 .debug_loc     0x000000000000e7c0       0x7f ./output/trcStaticBuffer.o
 .debug_loc     0x000000000000e83f      0x2a5 ./output/trcStreamingRecorder.o
 .debug_loc     0x000000000000eae4      0x118 ./output/trcString.o
 .debug_loc     0x000000000000ebfc      0x22d ./output/trcTask.o
 .debug_loc     0x000000000000ee29      0x25a ./output/trcTimestamp.o
 .debug_loc     0x000000000000f083      0x4c9 /usr/lib/gcc/arm-none-eabi/10.3.1/../../../arm-none-eabi/lib/thumb/v7-m/nofp/libg_nano.a(lib_a-fflush.o)
 .debug_loc     0x000000000000f54c      0x3d9 /usr/lib/gcc/arm-none-eabi/10.3.1/../../../arm-none-eabi/lib/thumb/v7-m/nofp/libg_nano.a(lib_a-findfp.o)
 .debug_loc     0x000000000000f925      0x1bf /usr/lib/gcc/arm-none-eabi/10.3.1/../../../arm-none-eabi/lib/thumb/v7-m/nofp/libg_nano.a(lib_a-fwalk.o)
 .debug_loc     0x000000000000fae4      0x22c /usr/lib/gcc/arm-none-eabi/10.3.1/../../../arm-none-eabi/lib/thumb/v7-m/nofp/libg_nano.a(lib_a-memset.o)
 .debug_loc     0x000000000000fd10      0x27f /usr/lib/gcc/arm-none-eabi/10.3.1/../../../arm-none-eabi/lib/thumb/v7-m/nofp/libg_nano.a(lib_a-nano-freer.o)
 .debug_loc     0x000000000000ff8f      0x3da /usr/lib/gcc/arm-none-eabi/10.3.1/../../../arm-none-eabi/lib/thumb/v7-m/nofp/libg_nano.a(lib_a-nano-mallocr.o)
 .debug_loc     0x0000000000010369       0x6c /usr/lib/gcc/arm-none-eabi/10.3.1/../../../arm-none-eabi/lib/thumb/v7-m/nofp/libg_nano.a(lib_a-sbrkr.o)
 .debug_loc     0x00000000000103d5      0x3a0 /usr/lib/gcc/arm-none-eabi/10.3.1/../../../arm-none-eabi/lib/thumb/v7-m/nofp/libg_nano.a(lib_a-stdio.o)
 .debug_loc     0x0000000000010775       0xea /usr/lib/gcc/arm-none-eabi/10.3.1/../../../arm-none-eabi/lib/thumb/v7-m/nofp/libg_nano.a(lib_a-writer.o)
 .debug_loc     0x000000000001085f       0x6c /usr/lib/gcc/arm-none-eabi/10.3.1/../../../arm-none-eabi/lib/thumb/v7-m/nofp/libg_nano.a(lib_a-closer.o)
 .debug_loc     0x00000000000108cb       0xea /usr/lib/gcc/arm-none-eabi/10.3.1/../../../arm-none-eabi/lib/thumb/v7-m/nofp/libg_nano.a(lib_a-lseekr.o)
 .debug_loc     0x00000000000109b5       0xea /usr/lib/gcc/arm-none-eabi/10.3.1/../../../arm-none-eabi/lib/thumb/v7-m/nofp/libg_nano.a(lib_a-readr.o)
 .debug_loc     0x0000000000010a9f      0x1cd /usr/lib/gcc/arm-none-eabi/10.3.1/../../../arm-none-eabi/lib/thumb/v7-m/nofp/libg_nano.a(lib_a-reent.o)
 .debug_loc     0x0000000000010c6c       0x25 /usr/lib/gcc/arm-none-eabi/10.3.1/../../../arm-none-eabi/lib/thumb/v7-m/nofp/libnosys.a(close.o)
 .debug_loc     0x0000000000010c91       0x4a /usr/lib/gcc/arm-none-eabi/10.3.1/../../../arm-none-eabi/lib/thumb/v7-m/nofp/libnosys.a(lseek.o)
 .debug_loc     0x0000000000010cdb       0x4a /usr/lib/gcc/arm-none-eabi/10.3.1/../../../arm-none-eabi/lib/thumb/v7-m/nofp/libnosys.a(read.o)
 .debug_loc     0x0000000000010d25       0x3e /usr/lib/gcc/arm-none-eabi/10.3.1/../../../arm-none-eabi/lib/thumb/v7-m/nofp/libnosys.a(sbrk.o)
 .debug_loc     0x0000000000010d63       0x4a /usr/lib/gcc/arm-none-eabi/10.3.1/../../../arm-none-eabi/lib/thumb/v7-m/nofp/libnosys.a(write.o)

.debug_aranges  0x0000000000000000     0x1068
 .debug_aranges
                0x0000000000000000      0x248 ./output/tasks.o
 .debug_aranges
                0x0000000000000248       0x40 ./output/list.o
 .debug_aranges
                0x0000000000000288      0x198 ./output/queue.o
 .debug_aranges
                0x0000000000000420       0xf0 ./output/timers.o
 .debug_aranges
                0x0000000000000510       0x60 ./output/heap_4.o
 .debug_aranges
                0x0000000000000570       0x78 ./output/port.o
 .debug_aranges
                0x00000000000005e8       0x70 ./output/IntQueue.o
 .debug_aranges
                0x0000000000000658       0x30 ./output/IntQueueTimer.o
 .debug_aranges
                0x0000000000000688       0x78 ./output/main.o
 .debug_aranges
                0x0000000000000700       0x38 ./output/startup_gcc.o
 .debug_aranges
                0x0000000000000738       0x58 ./output/printf-stdarg.o
 .debug_aranges
                0x0000000000000790       0x50 ./output/trcKernelPort.o
 .debug_aranges
                0x00000000000007e0       0x28 ./output/trcStreamPort.o
 .debug_aranges
                0x0000000000000808       0x30 ./output/trcAssert.o
 .debug_aranges
                0x0000000000000838       0x38 ./output/trcCounter.o
 .debug_aranges
                0x0000000000000870       0x60 ./output/trcDiagnostics.o
 .debug_aranges
                0x00000000000008d0       0xa8 ./output/trcEntryTable.o
 .debug_aranges
                0x0000000000000978       0x50 ./output/trcError.o
 .debug_aranges
                0x00000000000009c8       0xa8 ./output/trcEvent.o
 .debug_aranges
                0x0000000000000a70       0x58 ./output/trcEventBuffer.o
 .debug_aranges
                0x0000000000000ac8       0x38 ./output/trcExtension.o
 .debug_aranges
                0x0000000000000b00       0x30 ./output/trcHeap.o
 .debug_aranges
                0x0000000000000b30       0x58 ./output/trcISR.o
 .debug_aranges
                0x0000000000000b88       0x50 ./output/trcMultiCoreEventBuffer.o
 .debug_aranges
                0x0000000000000bd8       0x70 ./output/trcObject.o
 .debug_aranges
                0x0000000000000c48       0x50 ./output/trcPrint.o
 .debug_aranges
                0x0000000000000c98       0x28 ./output/trcStaticBuffer.o
 .debug_aranges
                0x0000000000000cc0       0x50 ./output/trcStreamingRecorder.o
 .debug_aranges
                0x0000000000000d10       0x28 ./output/trcString.o
 .debug_aranges
                0x0000000000000d38       0x38 ./output/trcTask.o
 .debug_aranges
                0x0000000000000d70       0x60 ./output/trcTimestamp.o
 .debug_aranges
                0x0000000000000dd0       0x20 /usr/lib/gcc/arm-none-eabi/10.3.1/../../../arm-none-eabi/lib/thumb/v7-m/nofp/libg_nano.a(lib_a-fflush.o)
 .debug_aranges
                0x0000000000000df0       0x20 /usr/lib/gcc/arm-none-eabi/10.3.1/../../../arm-none-eabi/lib/thumb/v7-m/nofp/libg_nano.a(lib_a-findfp.o)
 .debug_aranges
                0x0000000000000e10       0x20 /usr/lib/gcc/arm-none-eabi/10.3.1/../../../arm-none-eabi/lib/thumb/v7-m/nofp/libg_nano.a(lib_a-fwalk.o)
 .debug_aranges
                0x0000000000000e30       0x18 /usr/lib/gcc/arm-none-eabi/10.3.1/../../../arm-none-eabi/lib/thumb/v7-m/nofp/libg_nano.a(lib_a-impure.o)
 .debug_aranges
                0x0000000000000e48       0x20 /usr/lib/gcc/arm-none-eabi/10.3.1/../../../arm-none-eabi/lib/thumb/v7-m/nofp/libg_nano.a(lib_a-memcpy.o)
 .debug_aranges
                0x0000000000000e68       0x20 /usr/lib/gcc/arm-none-eabi/10.3.1/../../../arm-none-eabi/lib/thumb/v7-m/nofp/libg_nano.a(lib_a-memset.o)
 .debug_aranges
                0x0000000000000e88       0x20 /usr/lib/gcc/arm-none-eabi/10.3.1/../../../arm-none-eabi/lib/thumb/v7-m/nofp/libg_nano.a(lib_a-nano-freer.o)
 .debug_aranges
                0x0000000000000ea8       0x20 /usr/lib/gcc/arm-none-eabi/10.3.1/../../../arm-none-eabi/lib/thumb/v7-m/nofp/libg_nano.a(lib_a-nano-mallocr.o)
 .debug_aranges
                0x0000000000000ec8       0x20 /usr/lib/gcc/arm-none-eabi/10.3.1/../../../arm-none-eabi/lib/thumb/v7-m/nofp/libg_nano.a(lib_a-sbrkr.o)
 .debug_aranges
                0x0000000000000ee8       0x20 /usr/lib/gcc/arm-none-eabi/10.3.1/../../../arm-none-eabi/lib/thumb/v7-m/nofp/libg_nano.a(lib_a-stdio.o)
 .debug_aranges
                0x0000000000000f08       0x20 /usr/lib/gcc/arm-none-eabi/10.3.1/../../../arm-none-eabi/lib/thumb/v7-m/nofp/libg_nano.a(lib_a-writer.o)
 .debug_aranges
                0x0000000000000f28       0x20 /usr/lib/gcc/arm-none-eabi/10.3.1/../../../arm-none-eabi/lib/thumb/v7-m/nofp/libg_nano.a(lib_a-closer.o)
 .debug_aranges
                0x0000000000000f48       0x20 /usr/lib/gcc/arm-none-eabi/10.3.1/../../../arm-none-eabi/lib/thumb/v7-m/nofp/libg_nano.a(lib_a-lseekr.o)
 .debug_aranges
                0x0000000000000f68       0x20 /usr/lib/gcc/arm-none-eabi/10.3.1/../../../arm-none-eabi/lib/thumb/v7-m/nofp/libg_nano.a(lib_a-mlock.o)
 .debug_aranges