Archive member included to satisfy reference by file (symbol)

/usr/lib/gcc/arm-none-eabi/10.3.1/../../../arm-none-eabi/lib/thumb/v7-m/nofp/libg_nano.a(lib_a-fflush.o)
                              ./output/startup_gcc.o (fflush)
/usr/lib/gcc/arm-none-eabi/10.3.1/../../../arm-none-eabi/lib/thumb/v7-m/nofp/libg_nano.a(lib_a-findfp.o)
                              /usr/lib/gcc/arm-none-eabi/10.3.1/../../../arm-none-eabi/lib/thumb/v7-m/nofp/libg_nano.a(lib_a-fflush.o) (__sinit)
/usr/lib/gcc/arm-none-eabi/10.3.1/../../../arm-none-eabi/lib/thumb/v7-m/nofp/libg_nano.a(lib_a-fwalk.o)
                              /usr/lib/gcc/arm-none-eabi/10.3.1/../../../arm-none-eabi/lib/thumb/v7-m/nofp/libg_nano.a(lib_a-findfp.o) (_fwalk)
/usr/lib/gcc/arm-none-eabi/10.3.1/../../../arm-none-eabi/lib/thumb/v7-m/nofp/libg_nano.a(lib_a-impure.o)
                              /usr/lib/gcc/arm-none-eabi/10.3.1/../../../arm-none-eabi/lib/thumb/v7-m/nofp/libg_nano.a(lib_a-fflush.o) (_global_impure_ptr)
/usr/lib/gcc/arm-none-eabi/10.3.1/../../../arm-none-eabi/lib/thumb/v7-m/nofp/libg_nano.a(lib_a-memcmp.o)
                              ./output/MessageBufferDemo.o (memcmp)
/usr/lib/gcc/arm-none-eabi/10.3.1/../../../arm-none-eabi/lib/thumb/v7-m/nofp/libg_nano.a(lib_a-memcpy.o)
                              ./output/queue.o (memcpy)
/usr/lib/gcc/arm-none-eabi/10.3.1/../../../arm-none-eabi/lib/thumb/v7-m/nofp/libg_nano.a(lib_a-memset.o)
                              ./output/tasks.o (memset)
/usr/lib/gcc/arm-none-eabi/10.3.1/../../../arm-none-eabi/lib/thumb/v7-m/nofp/libg_nano.a(lib_a-nano-freer.o)
                              /usr/lib/gcc/arm-none-eabi/10.3.1/../../../arm-none-eabi/lib/thumb/v7-m/nofp/libg_nano.a(lib_a-fflush.o) (_free_r)
/usr/lib/gcc/arm-none-eabi/10.3.1/../../../arm-none-eabi/lib/thumb/v7-m/nofp/libg_nano.a(lib_a-nano-mallocr.o)
                              /usr/lib/gcc/arm-none-eabi/10.3.1/../../../arm-none-eabi/lib/thumb/v7-m/nofp/libg_nano.a(lib_a-findfp.o) (_malloc_r)
/usr/lib/gcc/arm-none-eabi/10.3.1/../../../arm-none-eabi/lib/thumb/v7-m/nofp/libg_nano.a(lib_a-rand.o)
                              ./output/main.o (srand)
/usr/lib/gcc/arm-none-eabi/10.3.1/../../../arm-none-eabi/lib/thumb/v7-m/nofp/libg_nano.a(lib_a-sbrkr.o)
                              /usr/lib/gcc/arm-none-eabi/10.3.1/../../../arm-none-eabi/lib/thumb/v7-m/nofp/libg_nano.a(lib_a-nano-mallocr.o) (_sbrk_r)
/usr/lib/gcc/arm-none-eabi/10.3.1/../../../arm-none-eabi/lib/thumb/v7-m/nofp/libg_nano.a(lib_a-stdio.o)
                              /usr/lib/gcc/arm-none-eabi/10.3.1/../../../arm-none-eabi/lib/thumb/v7-m/nofp/libg_nano.a(lib_a-findfp.o) (__sread)
/usr/lib/gcc/arm-none-eabi/10.3.1/../../../arm-none-eabi/lib/thumb/v7-m/nofp/libg_nano.a(lib_a-strcmp.o)
                              ./output/MessageBufferAMP.o (strcmp)
/usr/lib/gcc/arm-none-eabi/10.3.1/../../../arm-none-eabi/lib/thumb/v7-m/nofp/libg_nano.a(lib_a-strlen-stub.o)
                              ./output/tasks.o (strlen)
/usr/lib/gcc/arm-none-eabi/10.3.1/../../../arm-none-eabi/lib/thumb/v7-m/nofp/libg_nano.a(lib_a-writer.o)
                              /usr/lib/gcc/arm-none-eabi/10.3.1/../../../arm-none-eabi/lib/thumb/v7-m/nofp/libg_nano.a(lib_a-stdio.o) (_write_r)
/usr/lib/gcc/arm-none-eabi/10.3.1/../../../arm-none-eabi/lib/thumb/v7-m/nofp/libg_nano.a(lib_a-assert.o)
                              /usr/lib/gcc/arm-none-eabi/10.3.1/../../../arm-none-eabi/lib/thumb/v7-m/nofp/libg_nano.a(lib_a-rand.o) (__assert_func)
/usr/lib/gcc/arm-none-eabi/10.3.1/../../../arm-none-eabi/lib/thumb/v7-m/nofp/libg_nano.a(lib_a-closer.o)
                              /usr/lib/gcc/arm-none-eabi/10.3.1/../../../arm-none-eabi/lib/thumb/v7-m/nofp/libg_nano.a(lib_a-stdio.o) (_close_r)
/usr/lib/gcc/arm-none-eabi/10.3.1/../../../arm-none-eabi/lib/thumb/v7-m/nofp/libg_nano.a(lib_a-fprintf.o)
                              /usr/lib/gcc/arm-none-eabi/10.3.1/../../../arm-none-eabi/lib/thumb/v7-m/nofp/libg_nano.a(lib_a-assert.o) (fiprintf)
/usr/lib/gcc/arm-none-eabi/10.3.1/../../../arm-none-eabi/lib/thumb/v7-m/nofp/libg_nano.a(lib_a-lseekr.o)
                              /usr/lib/gcc/arm-none-eabi/10.3.1/../../../arm-none-eabi/lib/thumb/v7-m/nofp/libg_nano.a(lib_a-stdio.o) (_lseek_r)
/usr/lib/gcc/arm-none-eabi/10.3.1/../../../arm-none-eabi/lib/thumb/v7-m/nofp/libg_nano.a(lib_a-mlock.o)
                              /usr/lib/gcc/arm-none-eabi/10.3.1/../../../arm-none-eabi/lib/thumb/v7-m/nofp/libg_nano.a(lib_a-nano-freer.o) (__malloc_lock)
/usr/lib/gcc/arm-none-eabi/10.3.1/../../../arm-none-eabi/lib/thumb/v7-m/nofp/libg_nano.a(lib_a-nano-vfprintf.o)
                              /usr/lib/gcc/arm-none-eabi/10.3.1/../../../arm-none-eabi/lib/thumb/v7-m/nofp/libg_nano.a(lib_a-fprintf.o) (_vfprintf_r)
/usr/lib/gcc/arm-none-eabi/10.3.1/../../../arm-none-eabi/lib/thumb/v7-m/nofp/libg_nano.a(lib_a-nano-vfprintf_i.o)
[...]
Memory Configuration

Name             Origin             Length             Attributes
FLASH            0x0000000000000000 0x0000000000400000 xr
RAM              0x0000000020000000 0x0000000000400000 rw
*default*        0x0000000000000000 0xffffffffffffffff

Linker script and memory map

LOAD ./output/tasks.o
LOAD ./output/list.o
LOAD ./output/queue.o
LOAD ./output/timers.o
LOAD ./output/event_groups.o
LOAD ./output/stream_buffer.o
LOAD ./output/heap_4.o
LOAD ./output/port.o
LOAD ./output/AbortDelay.o
LOAD ./output/BlockQ.o
LOAD ./output/blocktim.o
LOAD ./output/countsem.o
LOAD ./output/death.o
LOAD ./output/dynamic.o
LOAD ./output/EventGroupsDemo.o
LOAD ./output/GenQTest.o
LOAD ./output/integer.o
LOAD ./output/IntQueue.o
LOAD ./output/IntQueueTimer.o
LOAD ./output/IntSemTest.o
LOAD ./output/MessageBufferAMP.o
LOAD ./output/MessageBufferDemo.o
LOAD ./output/PollQ.o
LOAD ./output/QPeek.o
LOAD ./output/QueueOverwrite.o
LOAD ./output/QueueSet.o
LOAD ./output/QueueSetPolling.o
LOAD ./output/recmutex.o
LOAD ./output/semtest.o
LOAD ./output/StaticAllocation.o
LOAD ./output/StreamBufferDemo.o
LOAD ./output/StreamBufferInterrupt.o
LOAD ./output/TaskNotify.o
LOAD ./output/TaskNotifyArray.o
LOAD ./output/TimerDemo.o
LOAD ./output/main.o
LOAD ./output/main_blinky.o
LOAD ./output/main_full.o
LOAD ./output/startup_gcc.o
LOAD ./output/RegTest.o
LOAD ./output/printf-stdarg.o
LOAD ./output/trcKernelPort.o
LOAD ./output/trcStreamPort.o
LOAD ./output/trcAssert.o
LOAD ./output/trcCounter.o
LOAD ./output/trcDependency.o
LOAD ./output/trcDiagnostics.o
LOAD ./output/trcEntryTable.o
LOAD ./output/trcError.o
LOAD ./output/trcEvent.o
LOAD ./output/trcEventBuffer.o
LOAD ./output/trcExtension.o
LOAD ./output/trcHardwarePort.o
LOAD ./output/trcHeap.o
LOAD ./output/trcInternalEventBuffer.o
LOAD ./output/trcInterval.o
LOAD ./output/trcISR.o
LOAD ./output/trcMultiCoreEventBuffer.o
LOAD ./output/trcObject.o
LOAD ./output/trcPrint.o
LOAD ./output/trcRunnable.o
LOAD ./output/trcSnapshotRecorder.o
LOAD ./output/trcStackMonitor.o
LOAD ./output/trcStateMachine.o
LOAD ./output/trcStaticBuffer.o
LOAD ./output/trcStreamingRecorder.o
LOAD ./output/trcString.o
LOAD ./output/trcTask.o
LOAD ./output/trcTimestamp.o
START GROUP
LOAD /usr/lib/gcc/arm-none-eabi/10.3.1/thumb/v7-m/nofp/libgcc.a
LOAD /usr/lib/gcc/arm-none-eabi/10.3.1/../../../arm-none-eabi/lib/thumb/v7-m/nofp/libg_nano.a
LOAD /usr/lib/gcc/arm-none-eabi/10.3.1/../../../arm-none-eabi/lib/thumb/v7-m/nofp/libc_nano.a
END GROUP
START GROUP
LOAD /usr/lib/gcc/arm-none-eabi/10.3.1/thumb/v7-m/nofp/libgcc.a
LOAD /usr/lib/gcc/arm-none-eabi/10.3.1/../../../arm-none-eabi/lib/thumb/v7-m/nofp/libc_nano.a
LOAD /usr/lib/gcc/arm-none-eabi/10.3.1/../../../arm-none-eabi/lib/thumb/v7-m/nofp/libnosys.a
END GROUP
START GROUP
LOAD /usr/lib/gcc/arm-none-eabi/10.3.1/thumb/v7-m/nofp/libgcc.a
LOAD /usr/lib/gcc/arm-none-eabi/10.3.1/../../../arm-none-eabi/lib/thumb/v7-m/nofp/libc_nano.a
LOAD /usr/lib/gcc/arm-none-eabi/10.3.1/../../../arm-none-eabi/lib/thumb/v7-m/nofp/libnosys.a
END GROUP
                0x0000000000000008                _Min_Heap_Size = 0x8
                0x0000000000000400                _Min_Stack_Size = 0x400
                0x0000000020400000                _estack = (ORIGIN (RAM) + LENGTH (RAM))

.isr_vector     0x0000000000000000       0x78
                0x0000000000000000                __vector_table = .
 *(.isr_vector)
 .isr_vector    0x0000000000000000       0x78 ./output/startup_gcc.o
                0x0000000000000000                isr_vector
                0x0000000000000078                . = ALIGN (0x4)

.text           0x0000000000000078     0x2961
 *(.text)
 .text          0x0000000000000078      0x1dc /usr/lib/gcc/arm-none-eabi/10.3.1/../../../arm-none-eabi/lib/thumb/v7-m/nofp/libg_nano.a(lib_a-fflush.o)
                0x0000000000000078                __sflush_r
                0x0000000000000180                _fflush_r
                0x00000000000001d4                fflush
 .text          0x0000000000000254      0x230 /usr/lib/gcc/arm-none-eabi/10.3.1/../../../arm-none-eabi/lib/thumb/v7-m/nofp/libg_nano.a(lib_a-findfp.o)
                0x0000000000000258                _cleanup_r
                0x0000000000000268                __sfmoreglue
                0x0000000000000298                __sfp
                0x0000000000000430                _cleanup
                0x0000000000000444                __sinit
                0x000000000000044c                __sfp_lock_acquire
                0x0000000000000450                __sfp_lock_release
                0x0000000000000454                __sinit_lock_acquire
                0x0000000000000458                __sinit_lock_release
                0x000000000000045c                __fp_lock_all
                0x0000000000000470                __fp_unlock_all
 .text          0x0000000000000484       0x88 /usr/lib/gcc/arm-none-eabi/10.3.1/../../../arm-none-eabi/lib/thumb/v7-m/nofp/libg_nano.a(lib_a-fwalk.o)
                0x0000000000000484                _fwalk
                0x00000000000004c4                _fwalk_reent
 .text          0x000000000000050c       0xec /usr/lib/gcc/arm-none-eabi/10.3.1/../../../arm-none-eabi/lib/thumb/v7-m/nofp/libg_nano.a(lib_a-memcpy.o)
                0x000000000000050c                memcpy
 .text          0x00000000000005f8       0xa4 /usr/lib/gcc/arm-none-eabi/10.3.1/../../../arm-none-eabi/lib/thumb/v7-m/nofp/libg_nano.a(lib_a-memset.o)
                0x00000000000005f8                memset
 .text          0x000000000000069c       0xcc /usr/lib/gcc/arm-none-eabi/10.3.1/../../../arm-none-eabi/lib/thumb/v7-m/nofp/libg_nano.a(lib_a-nano-freer.o)
                0x000000000000069c                _free_r
 .text          0x0000000000000768       0xb8 /usr/lib/gcc/arm-none-eabi/10.3.1/../../../arm-none-eabi/lib/thumb/v7-m/nofp/libg_nano.a(lib_a-nano-mallocr.o)
                0x0000000000000768                _malloc_r
 .text          0x0000000000000820       0xf0 /usr/lib/gcc/arm-none-eabi/10.3.1/../../../arm-none-eabi/lib/thumb/v7-m/nofp/libg_nano.a(lib_a-rand.o)
                0x0000000000000820                srand
                0x0000000000000884                rand
 .text          0x0000000000000910       0x24 /usr/lib/gcc/arm-none-eabi/10.3.1/../../../arm-none-eabi/lib/thumb/v7-m/nofp/libg_nano.a(lib_a-sbrkr.o)
                0x0000000000000910                _sbrk_r
 .text          0x0000000000000934       0x90 /usr/lib/gcc/arm-none-eabi/10.3.1/../../../arm-none-eabi/lib/thumb/v7-m/nofp/libg_nano.a(lib_a-stdio.o)
                0x0000000000000934                __sread
                0x0000000000000958                __seofread
                0x000000000000095c                __swrite
                0x000000000000099c                __sseek
                0x00000000000009bc                __sclose
 .text          0x00000000000009c4       0x2c /usr/lib/gcc/arm-none-eabi/10.3.1/../../../arm-none-eabi/lib/thumb/v7-m/nofp/libg_nano.a(lib_a-writer.o)
                0x00000000000009c4                _write_r
 .text          0x00000000000009f0       0x4c /usr/lib/gcc/arm-none-eabi/10.3.1/../../../arm-none-eabi/lib/thumb/v7-m/nofp/libg_nano.a(lib_a-assert.o)
                0x00000000000009f0                __assert_func
                0x0000000000000a30                __assert
 .text          0x0000000000000a3c       0x24 /usr/lib/gcc/arm-none-eabi/10.3.1/../../../arm-none-eabi/lib/thumb/v7-m/nofp/libg_nano.a(lib_a-closer.o)
                0x0000000000000a3c                _close_r
 .text          0x0000000000000a60       0x44 /usr/lib/gcc/arm-none-eabi/10.3.1/../../../arm-none-eabi/lib/thumb/v7-m/nofp/libg_nano.a(lib_a-fprintf.o)
                0x0000000000000a60                _fprintf_r
                0x0000000000000a60                _fiprintf_r
                0x0000000000000a7c                fprintf
                0x0000000000000a7c                fiprintf
 .text          0x0000000000000aa4       0x2c /usr/lib/gcc/arm-none-eabi/10.3.1/../../../arm-none-eabi/lib/thumb/v7-m/nofp/libg_nano.a(lib_a-lseekr.o)
                0x0000000000000aa4                _lseek_r
 .text          0x0000000000000ad0        0x8 /usr/lib/gcc/arm-none-eabi/10.3.1/../../../arm-none-eabi/lib/thumb/v7-m/nofp/libg_nano.a(lib_a-mlock.o)
                0x0000000000000ad0                __malloc_lock
                0x0000000000000ad4                __malloc_unlock
 .text          0x0000000000000ad8      0x320 /usr/lib/gcc/arm-none-eabi/10.3.1/../../../arm-none-eabi/lib/thumb/v7-m/nofp/libg_nano.a(lib_a-nano-vfprintf.o)
                0x0000000000000b00                __sfputs_r
                0x0000000000000b30                __sprint_r
                0x0000000000000b4c                _vfiprintf_r
                0x0000000000000b4c                _vfprintf_r
                0x0000000000000ddc                vfiprintf
                0x0000000000000ddc                vfprintf
 .text          0x0000000000000df8      0x3d8 /usr/lib/gcc/arm-none-eabi/10.3.1/../../../arm-none-eabi/lib/thumb/v7-m/nofp/libg_nano.a(lib_a-nano-vfprintf_i.o)
                0x0000000000000df8                _printf_common
                0x0000000000000f24                _printf_i
 .text          0x00000000000011d0       0x2c /usr/lib/gcc/arm-none-eabi/10.3.1/../../../arm-none-eabi/lib/thumb/v7-m/nofp/libg_nano.a(lib_a-readr.o)
                0x00000000000011d0                _read_r
 .text          0x00000000000011fc       0xc4 /usr/lib/gcc/arm-none-eabi/10.3.1/../../../arm-none-eabi/lib/thumb/v7-m/nofp/libg_nano.a(lib_a-wbuf.o)
                0x00000000000011fc                __swbuf_r
                0x00000000000012ac                __swbuf
 .text          0x00000000000012c0      0x104 /usr/lib/gcc/arm-none-eabi/10.3.1/../../../arm-none-eabi/lib/thumb/v7-m/nofp/libg_nano.a(lib_a-wsetup.o)
                0x00000000000012c0                __swsetup_r
 .text          0x00000000000013c4       0x10 /usr/lib/gcc/arm-none-eabi/10.3.1/../../../arm-none-eabi/lib/thumb/v7-m/nofp/libg_nano.a(lib_a-abort.o)
                0x00000000000013c4                abort
 .text          0x00000000000013d4      0x2f0 /usr/lib/gcc/arm-none-eabi/10.3.1/../../../arm-none-eabi/lib/thumb/v7-m/nofp/libg_nano.a(lib_a-fvwrite.o)
                0x00000000000013d4                __sfvwrite_r
 .text          0x00000000000016c4      0x11c /usr/lib/gcc/arm-none-eabi/10.3.1/../../../arm-none-eabi/lib/thumb/v7-m/nofp/libg_nano.a(lib_a-makebuf.o)
                0x00000000000016c4                __smakebuf_r
                0x0000000000001784                __swhatbuf_r
 .text          0x00000000000017e0       0x90 /usr/lib/gcc/arm-none-eabi/10.3.1/../../../arm-none-eabi/lib/thumb/v7-m/nofp/libg_nano.a(lib_a-memchr-stub.o)
                0x00000000000017e0                memchr
 .text          0x0000000000001870       0xf8 /usr/lib/gcc/arm-none-eabi/10.3.1/../../../arm-none-eabi/lib/thumb/v7-m/nofp/libg_nano.a(lib_a-memmove.o)
                0x0000000000001870                memmove
 .text          0x0000000000001968       0x50 /usr/lib/gcc/arm-none-eabi/10.3.1/../../../arm-none-eabi/lib/thumb/v7-m/nofp/libg_nano.a(lib_a-nano-reallocr.o)
                0x0000000000001968                _realloc_r
 .text          0x00000000000019b8      0x26c /usr/lib/gcc/arm-none-eabi/10.3.1/../../../arm-none-eabi/lib/thumb/v7-m/nofp/libg_nano.a(lib_a-signal.o)
                0x00000000000019b8                _init_signal_r
                0x00000000000019e4                _signal_r
                0x0000000000001a2c                _raise_r
                0x0000000000001a80                __sigtramp_r
                0x0000000000001ae4                raise
                0x0000000000001b3c                signal
                0x0000000000001b8c                _init_signal
                0x0000000000001bc0                __sigtramp
 .text          0x0000000000001c24       0x2c /usr/lib/gcc/arm-none-eabi/10.3.1/../../../arm-none-eabi/lib/thumb/v7-m/nofp/libg_nano.a(lib_a-signalr.o)
                0x0000000000001c24                _kill_r
                0x0000000000001c4c                _getpid_r
 .text          0x0000000000001c50       0x28 /usr/lib/gcc/arm-none-eabi/10.3.1/../../../arm-none-eabi/lib/thumb/v7-m/nofp/libg_nano.a(lib_a-fstatr.o)
                0x0000000000001c50                _fstat_r
 .text          0x0000000000001c78       0x24 /usr/lib/gcc/arm-none-eabi/10.3.1/../../../arm-none-eabi/lib/thumb/v7-m/nofp/libg_nano.a(lib_a-isattyr.o)
                0x0000000000001c78                _isatty_r
 .text          0x0000000000001c9c       0x14 /usr/lib/gcc/arm-none-eabi/10.3.1/../../../arm-none-eabi/lib/thumb/v7-m/nofp/libg_nano.a(lib_a-nano-msizer.o)
                0x0000000000001c9c                _malloc_usable_size_r
 .text          0x0000000000001cb0       0x10 /usr/lib/gcc/arm-none-eabi/10.3.1/../../../arm-none-eabi/lib/thumb/v7-m/nofp/libnosys.a(close.o)
                0x0000000000001cb0                _close
 .text          0x0000000000001cc0       0x10 /usr/lib/gcc/arm-none-eabi/10.3.1/../../../arm-none-eabi/lib/thumb/v7-m/nofp/libnosys.a(fstat.o)
                0x0000000000001cc0                _fstat
 .text          0x0000000000001cd0       0x10 /usr/lib/gcc/arm-none-eabi/10.3.1/../../../arm-none-eabi/lib/thumb/v7-m/nofp/libnosys.a(getpid.o)
                0x0000000000001cd0                _getpid
 .text          0x0000000000001ce0       0x10 /usr/lib/gcc/arm-none-eabi/10.3.1/../../../arm-none-eabi/lib/thumb/v7-m/nofp/libnosys.a(isatty.o)
                0x0000000000001ce0                _isatty
 .text          0x0000000000001cf0       0x10 /usr/lib/gcc/arm-none-eabi/10.3.1/../../../arm-none-eabi/lib/thumb/v7-m/nofp/libnosys.a(kill.o)
                0x0000000000001cf0                _kill
 .text          0x0000000000001d00       0x10 /usr/lib/gcc/arm-none-eabi/10.3.1/../../../arm-none-eabi/lib/thumb/v7-m/nofp/libnosys.a(lseek.o)
                0x0000000000001d00                _lseek
 .text          0x0000000000001d10       0x10 /usr/lib/gcc/arm-none-eabi/10.3.1/../../../arm-none-eabi/lib/thumb/v7-m/nofp/libnosys.a(read.o)
                0x0000000000001d10                _read
 .text          0x0000000000001d20       0x1c /usr/lib/gcc/arm-none-eabi/10.3.1/../../../arm-none-eabi/lib/thumb/v7-m/nofp/libnosys.a(sbrk.o)
                0x0000000000001d20                _sbrk
 .text          0x0000000000001d3c       0x10 /usr/lib/gcc/arm-none-eabi/10.3.1/../../../arm-none-eabi/lib/thumb/v7-m/nofp/libnosys.a(write.o)
                0x0000000000001d3c                _write
 .text          0x0000000000001d4c        0x4 /usr/lib/gcc/arm-none-eabi/10.3.1/../../../arm-none-eabi/lib/thumb/v7-m/nofp/libnosys.a(_exit.o)
                0x0000000000001d4c                _exit
 *(.rodata*)
 .rodata.prvTaskIsTaskSuspended.str1.1
                0x0000000000001d50       0x27 ./output/tasks.o
 .rodata.vTaskStartScheduler.str1.1
                0x0000000000001d77        0x5 ./output/tasks.o
 .rodata.prvNotifyQueueSetContainer.str1.1
                0x0000000000001d7c       0x27 ./output/queue.o
 .rodata.prvInitialiseNewQueue.str1.1
                0x0000000000001da3       0x27 ./output/queue.o
                                          0x1 (size before relaxing)
 .rodata.prvCheckForValidListAndQueue.str1.1
                0x0000000000001da3        0x5 ./output/timers.o
 .rodata.prvTimerTask.str1.1
                0x0000000000001da8       0x28 ./output/timers.o
 .rodata.xTimerCreateTimerTask.str1.1
                0x0000000000001dd0        0x8 ./output/timers.o
 .rodata.pvPortMalloc.str1.1
                0x0000000000001dd8       0x39 ./output/heap_4.o
 .rodata.prvTaskExitError.str1.1
                0x0000000000001e11       0x3b ./output/port.o
 .rodata.vSensorTask.str1.1
                0x0000000000001e4c       0x84 ./output/main.o
 .rodata.vSecureNetworkTask.str1.1
                0x0000000000001ed0       0x9d ./output/main.o
 .rodata.main.str1.1
                0x0000000000001f6d       0x68 ./output/main.o
 .rodata.vApplicationMallocFailedHook.str1.1
                0x0000000000001fd5       0x14 ./output/main.o
 .rodata.vApplicationStackOverflowHook.str1.1
                0x0000000000001fe9       0x1b ./output/main.o
 .rodata.vAssertCalled.str1.1
                0x0000000000002004       0x1b ./output/main.o
 .rodata.prvGetRegistersFromStack.str1.1
                0x000000000000201f       0x36 ./output/startup_gcc.o
 .rodata.tiny_print.str1.1
                0x0000000000002055        0x7 ./output/printf-stdarg.o
 .rodata.xTraceKernelPortEnable.str1.1
                0x000000000000205c        0xc ./output/trcKernelPort.o
                                         0x13 (size before relaxing)
 .rodata.xTraceAssertInitialize.str1.1
                0x0000000000002068       0x61 ./output/trcAssert.o
 .rodata.xTraceCounterInitialize.str1.1
                0x00000000000020c9       0x62 ./output/trcCounter.o
 .rodata.xTraceDiagnosticsInitialize.str1.1
                0x000000000000212b       0x66 ./output/trcDiagnostics.o
 .rodata.xTraceEntryIndexTableInitialize.str1.1
                0x0000000000002191       0x65 ./output/trcEntryTable.o
 .rodata.xTraceEntrySetSymbol.str1.1
                0x00000000000021f6        0x1 ./output/trcEntryTable.o
 .rodata.prvTraceErrorGetDescription.str1.1
                0x00000000000021f6      0x17b ./output/trcError.o
 .rodata.prvTraceErrorPrint.str1.1
                0x0000000000002371        0x5 ./output/trcError.o
 .rodata.xTraceErrorInitialize.str1.1
                0x0000000000002376       0x60 ./output/trcError.o
 .rodata.xTraceError.str1.1
                0x00000000000023d6       0x26 ./output/trcError.o
 .rodata.xTraceEventInitialize.str1.1
                0x00000000000023fc       0x60 ./output/trcEvent.o
 .rodata.prvTraceEventBufferAllocPop.isra.0.str1.1
                0x000000000000245c       0x66 ./output/trcEventBuffer.o
 .rodata.xTraceExtensionInitialize.str1.1
                0x00000000000024c2       0x64 ./output/trcExtension.o
 .rodata.xTraceHeapAlloc.str1.1
                0x0000000000002526       0x5f ./output/trcHeap.o
 .rodata.xTraceISRInitialize.str1.1
                0x0000000000002585       0x5e ./output/trcISR.o
 .rodata.xTraceMultiCoreEventBufferInitialize.str1.1
                0x00000000000025e3       0x6f ./output/trcMultiCoreEventBuffer.o
 .rodata.xTraceObjectUnregister.str1.1
                0x0000000000002652       0x61 ./output/trcObject.o
 .rodata.xTraceObjectSetName.str1.1
                0x00000000000026b3        0x1 ./output/trcObject.o
 .rodata.prvTraceVPrintF.str1.1
                0x00000000000026b3        0x8 ./output/trcPrint.o
 .rodata.xTracePrintInitialize.str1.1
                0x00000000000026bb       0x60 ./output/trcPrint.o
 .rodata.xTracePrint.str1.1
                0x000000000000271b        0x1 ./output/trcPrint.o
 .rodata.xTraceStaticBufferInitialize.str1.1
                0x000000000000271b       0x67 ./output/trcStaticBuffer.o
 .rodata.xTraceHeaderInitialize.str1.1
                0x0000000000002782        0x9 ./output/trcStreamingRecorder.o
 .rodata.xTraceStringRegister.str1.1
                0x000000000000278b       0x61 ./output/trcString.o
 .rodata.xTraceTaskInitialize.str1.1
                0x00000000000027ec       0x5f ./output/trcTask.o
 .rodata.xTraceTimestampInitialize.str1.1
                0x000000000000284b       0x64 ./output/trcTimestamp.o
 *fill*         0x00000000000028af        0x1 
 .rodata        0x00000000000028b0       0x60 /usr/lib/gcc/arm-none-eabi/10.3.1/../../../arm-none-eabi/lib/thumb/v7-m/nofp/libg_nano.a(lib_a-findfp.o)
                0x00000000000028b0                __sf_fake_stderr
                0x00000000000028d0                __sf_fake_stdout
                0x00000000000028f0                __sf_fake_stdin
 .rodata        0x0000000000002910        0x4 /usr/lib/gcc/arm-none-eabi/10.3.1/../../../arm-none-eabi/lib/thumb/v7-m/nofp/libg_nano.a(lib_a-impure.o)
                0x0000000000002910                _global_impure_ptr
 .rodata.str1.4
                0x0000000000002914       0x4a /usr/lib/gcc/arm-none-eabi/10.3.1/../../../arm-none-eabi/lib/thumb/v7-m/nofp/libg_nano.a(lib_a-rand.o)
 *fill*         0x000000000000295e        0x2 
 .rodata.str1.4
                0x0000000000002960       0x3f /usr/lib/gcc/arm-none-eabi/10.3.1/../../../arm-none-eabi/lib/thumb/v7-m/nofp/libg_nano.a(lib_a-assert.o)
                                         0x43 (size before relaxing)
 *fill*         0x000000000000299f        0x1 
 .rodata.str1.4
                0x00000000000029a0       0x13 /usr/lib/gcc/arm-none-eabi/10.3.1/../../../arm-none-eabi/lib/thumb/v7-m/nofp/libg_nano.a(lib_a-nano-vfprintf.o)
 *fill*         0x00000000000029b3        0x1 
 .rodata.str1.4
                0x00000000000029b4       0x25 /usr/lib/gcc/arm-none-eabi/10.3.1/../../../arm-none-eabi/lib/thumb/v7-m/nofp/libg_nano.a(lib_a-nano-vfprintf_i.o)
 *(.constdata*)
                0x00000000000029d9                _etext = .
                0x00000000000029d9                _sidata = .

.glue_7         0x00000000000029dc        0x0
 .glue_7        0x00000000000029dc        0x0 linker stubs

.glue_7t        0x00000000000029dc        0x0
 .glue_7t       0x00000000000029dc        0x0 linker stubs

.vfp11_veneer   0x00000000000029dc        0x0
 .vfp11_veneer  0x00000000000029dc        0x0 linker stubs

.v4_bx          0x00000000000029dc        0x0
 .v4_bx         0x00000000000029dc        0x0 linker stubs

.text.prvAddNewTaskToReadyList
                0x00000000000029dc      0x128
 .text.prvAddNewTaskToReadyList
                0x00000000000029dc      0x128 ./output/tasks.o

.text.prvAddCurrentTaskToDelayedList
                0x0000000000002b04       0xb4
 .text.prvAddCurrentTaskToDelayedList
                0x0000000000002b04       0xb4 ./output/tasks.o

.text.prvResetNextTaskUnblockTime
                0x0000000000002bb8       0x24
 .text.prvResetNextTaskUnblockTime
                0x0000000000002bb8       0x24 ./output/tasks.o

.text.prvDeleteTCB
                0x0000000000002bdc       0x38
 .text.prvDeleteTCB
                0x0000000000002bdc       0x38 ./output/tasks.o

.text.prvCheckTasksWaitingTermination
                0x0000000000002c14       0x40
 .text.prvCheckTasksWaitingTermination
                0x0000000000002c14       0x40 ./output/tasks.o

.text.prvIdleTask
                0x0000000000002c54        0x8
 .text.prvIdleTask
                0x0000000000002c54        0x8 ./output/tasks.o

.text.prvInitialiseNewTask.constprop.0
                0x0000000000002c5c       0x9c
 .text.prvInitialiseNewTask.constprop.0
                0x0000000000002c5c       0x9c ./output/tasks.o

.text.xTaskCreateStatic
                0x0000000000002cf8       0x8c
 .text.xTaskCreateStatic
                0x0000000000002cf8       0x8c ./output/tasks.o
                0x0000000000002cf8                xTaskCreateStatic

.text.xTaskCreate
                0x0000000000002d84       0x62
 .text.xTaskCreate
                0x0000000000002d84       0x62 ./output/tasks.o
                0x0000000000002d84                xTaskCreate

.text.vTaskDelete
                0x0000000000002de8       0xf8
 .text.vTaskDelete
                0x0000000000002de8       0xf8 ./output/tasks.o
                0x0000000000002de8                vTaskDelete

.text.vTaskStartScheduler
                0x0000000000002ee0       0xbc
 .text.vTaskStartScheduler
                0x0000000000002ee0       0xbc ./output/tasks.o
                0x0000000000002ee0                vTaskStartScheduler

.text.vTaskSuspendAll
                0x0000000000002f9c       0x10
 .text.vTaskSuspendAll
                0x0000000000002f9c       0x10 ./output/tasks.o
                0x0000000000002f9c                vTaskSuspendAll

.text.xTaskGetTickCount
                0x0000000000002fac        0xc
 .text.xTaskGetTickCount
                0x0000000000002fac        0xc ./output/tasks.o
                0x0000000000002fac                xTaskGetTickCount

.text.uxTaskGetNumberOfTasks
                0x0000000000002fb8        0xc
 .text.uxTaskGetNumberOfTasks
                0x0000000000002fb8        0xc ./output/tasks.o
                0x0000000000002fb8                uxTaskGetNumberOfTasks

.text.xTaskIncrementTick
                0x0000000000002fc4      0x194
 .text.xTaskIncrementTick
                0x0000000000002fc4      0x194 ./output/tasks.o
                0x0000000000002fc4                xTaskIncrementTick

.text.xTaskResumeAll
                0x0000000000003158      0x140
 .text.xTaskResumeAll
                0x0000000000003158      0x140 ./output/tasks.o
                0x0000000000003158                xTaskResumeAll

.text.xTaskDelayUntil
                0x0000000000003298       0x90
 .text.xTaskDelayUntil
                0x0000000000003298       0x90 ./output/tasks.o
                0x0000000000003298                xTaskDelayUntil

.text.vTaskDelay
                0x0000000000003328       0x54
 .text.vTaskDelay
                0x0000000000003328       0x54 ./output/tasks.o
                0x0000000000003328                vTaskDelay

.text.vTaskSwitchContext
                0x000000000000337c       0xbc
 .text.vTaskSwitchContext
                0x000000000000337c       0xbc ./output/tasks.o
                0x000000000000337c                vTaskSwitchContext

.text.vTaskPlaceOnEventList
                0x0000000000003438       0x34
 .text.vTaskPlaceOnEventList
                0x0000000000003438       0x34 ./output/tasks.o
                0x0000000000003438                vTaskPlaceOnEventList

.text.vTaskPlaceOnEventListRestricted
                0x000000000000346c       0x68
 .text.vTaskPlaceOnEventListRestricted
                0x000000000000346c       0x68 ./output/tasks.o
                0x000000000000346c                vTaskPlaceOnEventListRestricted

.text.xTaskRemoveFromEventList
                0x00000000000034d4       0xdc
 .text.xTaskRemoveFromEventList
                0x00000000000034d4       0xdc ./output/tasks.o
                0x00000000000034d4                xTaskRemoveFromEventList

.text.vTaskInternalSetTimeOutState
                0x00000000000035b0       0x18
 .text.vTaskInternalSetTimeOutState
                0x00000000000035b0       0x18 ./output/tasks.o
                0x00000000000035b0                vTaskInternalSetTimeOutState

.text.xTaskCheckForTimeOut
                0x00000000000035c8       0x84
 .text.xTaskCheckForTimeOut
                0x00000000000035c8       0x84 ./output/tasks.o
                0x00000000000035c8                xTaskCheckForTimeOut

.text.vTaskMissedYield
                0x000000000000364c        0xc
 .text.vTaskMissedYield
                0x000000000000364c        0xc ./output/tasks.o
                0x000000000000364c                vTaskMissedYield

.text.xTaskGetSchedulerState
                0x0000000000003658       0x20
 .text.xTaskGetSchedulerState
                0x0000000000003658       0x20 ./output/tasks.o
                0x0000000000003658                xTaskGetSchedulerState

.text.xTaskPriorityInherit
                0x0000000000003678       0xc4
 .text.xTaskPriorityInherit
                0x0000000000003678       0xc4 ./output/tasks.o
                0x0000000000003678                xTaskPriorityInherit

.text.xTaskPriorityDisinherit
                0x000000000000373c       0xb0
 .text.xTaskPriorityDisinherit
                0x000000000000373c       0xb0 ./output/tasks.o
                0x000000000000373c                xTaskPriorityDisinherit

.text.vTaskPriorityDisinheritAfterTimeout
                0x00000000000037ec       0xc4
 .text.vTaskPriorityDisinheritAfterTimeout
                0x00000000000037ec       0xc4 ./output/tasks.o
                0x00000000000037ec                vTaskPriorityDisinheritAfterTimeout

.text.pvTaskIncrementMutexHeldCount
                0x00000000000038b0       0x14
 .text.pvTaskIncrementMutexHeldCount
                0x00000000000038b0       0x14 ./output/tasks.o
                0x00000000000038b0                pvTaskIncrementMutexHeldCount

.iplt           0x00000000000038c4        0x0
 .iplt          0x00000000000038c4        0x0 ./output/tasks.o

.text.vListInitialise
                0x00000000000038c4       0x16
 .text.vListInitialise
                0x00000000000038c4       0x16 ./output/list.o
                0x00000000000038c4                vListInitialise

.text.vListInitialiseItem
                0x00000000000038da        0x6
 .text.vListInitialiseItem
                0x00000000000038da        0x6 ./output/list.o
                0x00000000000038da                vListInitialiseItem

.text.vListInsertEnd
                0x00000000000038e0       0x18
 .text.vListInsertEnd
                0x00000000000038e0       0x18 ./output/list.o
                0x00000000000038e0                vListInsertEnd

.text.vListInsert
                0x00000000000038f8       0x2e
 .text.vListInsert
                0x00000000000038f8       0x2e ./output/list.o
                0x00000000000038f8                vListInsert

.text.uxListRemove
                0x0000000000003926       0x1e
 .text.uxListRemove
                0x0000000000003926       0x1e ./output/list.o
                0x0000000000003926                uxListRemove

.text.prvIsQueueEmpty
                0x0000000000003944       0x16
 .text.prvIsQueueEmpty
                0x0000000000003944       0x16 ./output/queue.o

.text.prvCopyDataToQueue
                0x000000000000395a       0x6a
 .text.prvCopyDataToQueue
                0x000000000000395a       0x6a ./output/queue.o

.text.prvCopyDataFromQueue
                0x00000000000039c4       0x28
 .text.prvCopyDataFromQueue
                0x00000000000039c4       0x28 ./output/queue.o

.text.prvNotifyQueueSetContainer
                0x00000000000039ec       0x90
 .text.prvNotifyQueueSetContainer
                0x00000000000039ec       0x90 ./output/queue.o

.text.prvUnlockQueue
                0x0000000000003a7c       0x7c
 .text.prvUnlockQueue
                0x0000000000003a7c       0x7c ./output/queue.o

.text.xQueueGenericReset
                0x0000000000003af8       0x98
 .text.xQueueGenericReset
                0x0000000000003af8       0x98 ./output/queue.o
                0x0000000000003af8                xQueueGenericReset

.text.prvInitialiseNewQueue
                0x0000000000003b90       0x68
 .text.prvInitialiseNewQueue
                0x0000000000003b90       0x68 ./output/queue.o

.text.xQueueGenericCreateStatic
                0x0000000000003bf8       0x6c
 .text.xQueueGenericCreateStatic
                0x0000000000003bf8       0x6c ./output/queue.o
                0x0000000000003bf8                xQueueGenericCreateStatic

.text.xQueueGenericCreate
                0x0000000000003c64       0x9c
 .text.xQueueGenericCreate
                0x0000000000003c64       0x9c ./output/queue.o
                0x0000000000003c64                xQueueGenericCreate

.text.xQueueGenericSend
                0x0000000000003d00      0x208
 .text.xQueueGenericSend
                0x0000000000003d00      0x208 ./output/queue.o
                0x0000000000003d00                xQueueGenericSend

.text.xQueueCreateMutex
                0x0000000000003f08       0x24
 .text.xQueueCreateMutex
                0x0000000000003f08       0x24 ./output/queue.o
                0x0000000000003f08                xQueueCreateMutex

.text.xQueueGenericSendFromISR
                0x0000000000003f2c      0x13c
 .text.xQueueGenericSendFromISR
                0x0000000000003f2c      0x13c ./output/queue.o
                0x0000000000003f2c                xQueueGenericSendFromISR

.text.xQueueReceive
                0x0000000000004068      0x1d8
 .text.xQueueReceive
                0x0000000000004068      0x1d8 ./output/queue.o
                0x0000000000004068                xQueueReceive

.text.xQueueSemaphoreTake
                0x0000000000004240      0x218
 .text.xQueueSemaphoreTake
                0x0000000000004240      0x218 ./output/queue.o
                0x0000000000004240                xQueueSemaphoreTake

.text.xQueueReceiveFromISR
                0x0000000000004458       0xf4
 .text.xQueueReceiveFromISR
                0x0000000000004458       0xf4 ./output/queue.o
                0x0000000000004458                xQueueReceiveFromISR

.text.xQueueIsQueueFullFromISR
                0x000000000000454c       0x20
 .text.xQueueIsQueueFullFromISR
                0x000000000000454c       0x20 ./output/queue.o
                0x000000000000454c                xQueueIsQueueFullFromISR

.text.vQueueAddToRegistry
                0x000000000000456c       0x58
 .text.vQueueAddToRegistry
                0x000000000000456c       0x58 ./output/queue.o
                0x000000000000456c                vQueueAddToRegistry

.text.vQueueWaitForMessageRestricted
                0x00000000000045c4       0x46
 .text.vQueueWaitForMessageRestricted
                0x00000000000045c4       0x46 ./output/queue.o
                0x00000000000045c4                vQueueWaitForMessageRestricted

.text.prvCheckForValidListAndQueue
                0x000000000000460c       0x68
 .text.prvCheckForValidListAndQueue
                0x000000000000460c       0x68 ./output/timers.o

.text.prvInsertTimerInActiveList
                0x0000000000004674       0x3c
 .text.prvInsertTimerInActiveList
                0x0000000000004674       0x3c ./output/timers.o

.text.prvReloadTimer
                0x00000000000046b0       0x30
 .text.prvReloadTimer
                0x00000000000046b0       0x30 ./output/timers.o

.text.prvProcessExpiredTimer
                0x00000000000046e0       0x48
 .text.prvProcessExpiredTimer
                0x00000000000046e0       0x48 ./output/timers.o

.text.prvSampleTimeNow
                0x0000000000004728       0x4c
 .text.prvSampleTimeNow
                0x0000000000004728       0x4c ./output/timers.o

.text.prvTimerTask
                0x0000000000004774      0x190
 .text.prvTimerTask
                0x0000000000004774      0x190 ./output/timers.o

.text.xTimerCreateTimerTask
                0x0000000000004904       0x64
 .text.xTimerCreateTimerTask
                0x0000000000004904       0x64 ./output/timers.o
                0x0000000000004904                xTimerCreateTimerTask

.text.pvPortMalloc
                0x0000000000004968      0x1bc
 .text.pvPortMalloc
                0x0000000000004968      0x1bc ./output/heap_4.o
                0x0000000000004968                pvPortMalloc

.text.vPortFree
                0x0000000000004b24      0x11c
 .text.vPortFree
                0x0000000000004b24      0x11c ./output/heap_4.o
                0x0000000000004b24                vPortFree

.text.vPortSVCHandler
                0x0000000000004c40       0x24
 .text.vPortSVCHandler
                0x0000000000004c40       0x24 ./output/port.o
                0x0000000000004c40                vPortSVCHandler

.text.prvPortStartFirstTask
                0x0000000000004c64       0x20
 .text.prvPortStartFirstTask
                0x0000000000004c64       0x20 ./output/port.o

.text.xPortPendSVHandler
                0x0000000000004c84       0x44
 .text.xPortPendSVHandler
                0x0000000000004c84       0x44 ./output/port.o
                0x0000000000004c84                xPortPendSVHandler

.text.prvTaskExitError
                0x0000000000004cc8       0x3c
 .text.prvTaskExitError
                0x0000000000004cc8       0x3c ./output/port.o

.text.pxPortInitialiseStack
                0x0000000000004d04       0x24
 .text.pxPortInitialiseStack
                0x0000000000004d04       0x24 ./output/port.o
                0x0000000000004d04                pxPortInitialiseStack

.text.vPortEnterCritical
                0x0000000000004d28       0x3c
 .text.vPortEnterCritical
                0x0000000000004d28       0x3c ./output/port.o
                0x0000000000004d28                vPortEnterCritical

.text.vPortExitCritical
                0x0000000000004d64       0x28
 .text.vPortExitCritical
                0x0000000000004d64       0x28 ./output/port.o
                0x0000000000004d64                vPortExitCritical

.text.xPortSysTickHandler
                0x0000000000004d8c       0x2c
 .text.xPortSysTickHandler
                0x0000000000004d8c       0x2c ./output/port.o
                0x0000000000004d8c                xPortSysTickHandler

.text.vPortSetupTimerInterrupt
                0x0000000000004db8       0x16
 .text.vPortSetupTimerInterrupt
                0x0000000000004db8       0x16 ./output/port.o
                0x0000000000004db8                vPortSetupTimerInterrupt

.text.xPortStartScheduler
                0x0000000000004dd0      0x10c
 .text.xPortStartScheduler
                0x0000000000004dd0      0x10c ./output/port.o
                0x0000000000004dd0                xPortStartScheduler

.text.vPortValidateInterruptPriority
                0x0000000000004edc       0x54
 .text.vPortValidateInterruptPriority
                0x0000000000004edc       0x54 ./output/port.o
                0x0000000000004edc                vPortValidateInterruptPriority

.text.prvRecordValue_NormallyFull
                0x0000000000004f30       0x28
 .text.prvRecordValue_NormallyFull
                0x0000000000004f30       0x28 ./output/IntQueue.o

.text.prvRecordValue_NormallyEmpty
                0x0000000000004f58       0x28
 .text.prvRecordValue_NormallyEmpty
                0x0000000000004f58       0x28 ./output/IntQueue.o

.text.xFirstTimerHandler
                0x0000000000004f80      0x138
 .text.xFirstTimerHandler
                0x0000000000004f80      0x138 ./output/IntQueue.o
                0x0000000000004f80                xFirstTimerHandler

.text.xSecondTimerHandler
                0x00000000000050b8      0x1e8
 .text.xSecondTimerHandler
                0x00000000000050b8      0x1e8 ./output/IntQueue.o
                0x00000000000050b8                xSecondTimerHandler

.text.TIMER0_Handler
                0x00000000000052a0       0x3c
 .text.TIMER0_Handler
                0x00000000000052a0       0x3c ./output/IntQueueTimer.o
                0x00000000000052a0                TIMER0_Handler

.text.TIMER1_Handler
                0x00000000000052dc       0x3c
 .text.TIMER1_Handler
                0x00000000000052dc       0x3c ./output/IntQueueTimer.o
                0x00000000000052dc                TIMER1_Handler

.text.vSensorTask
                0x0000000000005318       0xb0
 .text.vSensorTask
                0x0000000000005318       0xb0 ./output/main.o

.text.vSecureNetworkTask
                0x00000000000053c8       0xc0
 .text.vSecureNetworkTask
                0x00000000000053c8       0xc0 ./output/main.o

.text.startup.main
                0x0000000000005488       0x6c
 .text.startup.main
                0x0000000000005488       0x6c ./output/main.o
                0x0000000000005488                main

.text.vApplicationMallocFailedHook
                0x00000000000054f4       0x20
 .text.vApplicationMallocFailedHook
                0x00000000000054f4       0x20 ./output/main.o
                0x00000000000054f4                vApplicationMallocFailedHook

.text.vApplicationStackOverflowHook
                0x0000000000005514       0x20
 .text.vApplicationStackOverflowHook
                0x0000000000005514       0x20 ./output/main.o
                0x0000000000005514                vApplicationStackOverflowHook

.text.vApplicationTickHook
                0x0000000000005534        0x2
 .text.vApplicationTickHook
                0x0000000000005534        0x2 ./output/main.o
                0x0000000000005534                vApplicationTickHook

.text.vAssertCalled
                0x0000000000005538       0x2c
 .text.vAssertCalled
                0x0000000000005538       0x2c ./output/main.o
                0x0000000000005538                vAssertCalled

.text.vApplicationGetIdleTaskMemory
                0x0000000000005564       0x18
 .text.vApplicationGetIdleTaskMemory
                0x0000000000005564       0x18 ./output/main.o
                0x0000000000005564                vApplicationGetIdleTaskMemory

.text.vApplicationGetTimerTaskMemory
                0x000000000000557c       0x18
 .text.vApplicationGetTimerTaskMemory
                0x000000000000557c       0x18 ./output/main.o
                0x000000000000557c                vApplicationGetTimerTaskMemory

.text.malloc    0x0000000000005594        0x4
 .text.malloc   0x0000000000005594        0x4 ./output/main.o
                0x0000000000005594                malloc

.text.Default_Handler
                0x0000000000005600        0xc
 .text.Default_Handler
                0x0000000000005600        0xc ./output/startup_gcc.o

.text.HardFault_Handler
                0x0000000000005700       0x18
 .text.HardFault_Handler
                0x0000000000005700       0x18 ./output/startup_gcc.o

.text.Reset_Handler
                0x0000000000005718        0x4
 .text.Reset_Handler
                0x0000000000005718        0x4 ./output/startup_gcc.o
                0x0000000000005718                Reset_Handler

.text.prvGetRegistersFromStack
                0x000000000000571c       0x6c
 .text.prvGetRegistersFromStack
                0x000000000000571c       0x6c ./output/startup_gcc.o
                0x000000000000571c                prvGetRegistersFromStack

.text.printchar
                0x0000000000005788       0x1e
 .text.printchar
                0x0000000000005788       0x1e ./output/printf-stdarg.o

.text.prints    0x00000000000057a6       0x82
 .text.prints   0x00000000000057a6       0x82 ./output/printf-stdarg.o

.text.printi    0x0000000000005828       0xa6
 .text.printi   0x0000000000005828       0xa6 ./output/printf-stdarg.o

.text.tiny_print
                0x00000000000058d0      0x124
 .text.tiny_print
                0x00000000000058d0      0x124 ./output/printf-stdarg.o

.text.printf    0x00000000000059f4       0x1e
 .text.printf   0x00000000000059f4       0x1e ./output/printf-stdarg.o
                0x00000000000059f4                printf

.text.TzCtrl    0x0000000000005a12       0x10
 .text.TzCtrl   0x0000000000005a12       0x10 ./output/trcKernelPort.o

.text.xTraceKernelPortInitialize
                0x0000000000005a24       0x18
 .text.xTraceKernelPortInitialize
                0x0000000000005a24       0x18 ./output/trcKernelPort.o
                0x0000000000005a24                xTraceKernelPortInitialize

.text.xTraceKernelPortEnable
                0x0000000000005a3c       0x68
 .text.xTraceKernelPortEnable
                0x0000000000005a3c       0x68 ./output/trcKernelPort.o
                0x0000000000005a3c                xTraceKernelPortEnable

.text.xTraceKernelPortGetSystemHeapHandle
                0x0000000000005aa4        0xc
 .text.xTraceKernelPortGetSystemHeapHandle
                0x0000000000005aa4        0xc ./output/trcKernelPort.o
                0x0000000000005aa4                xTraceKernelPortGetSystemHeapHandle

.text.xTraceStreamPortInitialize
                0x0000000000005ab0       0xd8
 .text.xTraceStreamPortInitialize
                0x0000000000005ab0       0xd8 ./output/trcStreamPort.o
                0x0000000000005ab0                xTraceStreamPortInitialize

.text.xTraceStreamPortOnTraceBegin
                0x0000000000005b88        0xc
 .text.xTraceStreamPortOnTraceBegin
                0x0000000000005b88        0xc ./output/trcStreamPort.o
                0x0000000000005b88                xTraceStreamPortOnTraceBegin

.text.prvTraceAssertCreate
                0x0000000000005b94       0x90
 .text.prvTraceAssertCreate
                0x0000000000005b94       0x90 ./output/trcAssert.o
                0x0000000000005b94                prvTraceAssertCreate

.text.xTraceAssertInitialize
                0x0000000000005c24       0x34
 .text.xTraceAssertInitialize
                0x0000000000005c24       0x34 ./output/trcAssert.o
                0x0000000000005c24                xTraceAssertInitialize

.text.xTraceAssertGet
                0x0000000000005c58       0x50
 .text.xTraceAssertGet
                0x0000000000005c58       0x50 ./output/trcAssert.o
                0x0000000000005c58                xTraceAssertGet

.text.xTraceCounterInitialize
                0x0000000000005ca8       0x34
 .text.xTraceCounterInitialize
                0x0000000000005ca8       0x34 ./output/trcCounter.o
                0x0000000000005ca8                xTraceCounterInitialize

.text.xTraceDiagnosticsInitialize
                0x0000000000005cdc       0x3c
 .text.xTraceDiagnosticsInitialize
                0x0000000000005cdc       0x3c ./output/trcDiagnostics.o
                0x0000000000005cdc                xTraceDiagnosticsInitialize

.text.xTraceDiagnosticsAdd
                0x0000000000005d18       0x3c
 .text.xTraceDiagnosticsAdd
                0x0000000000005d18       0x3c ./output/trcDiagnostics.o
                0x0000000000005d18                xTraceDiagnosticsAdd

.text.xTraceDiagnosticsIncrease
                0x0000000000005d54        0x6
 .text.xTraceDiagnosticsIncrease
                0x0000000000005d54        0x6 ./output/trcDiagnostics.o
                0x0000000000005d54                xTraceDiagnosticsIncrease

.text.xTraceDiagnosticsSetIfHigher
                0x0000000000005d5c       0x40
 .text.xTraceDiagnosticsSetIfHigher
                0x0000000000005d5c       0x40 ./output/trcDiagnostics.o
                0x0000000000005d5c                xTraceDiagnosticsSetIfHigher

.text.xTraceDiagnosticsCheckStatus
                0x0000000000005d9c       0x6c
 .text.xTraceDiagnosticsCheckStatus
                0x0000000000005d9c       0x6c ./output/trcDiagnostics.o
                0x0000000000005d9c                xTraceDiagnosticsCheckStatus

.text.xTraceEntryIndexTableInitialize
                0x0000000000005e08       0x2c
 .text.xTraceEntryIndexTableInitialize
                0x0000000000005e08       0x2c ./output/trcEntryTable.o
                0x0000000000005e08                xTraceEntryIndexTableInitialize

.text.xTraceEntryTableInitialize
                0x0000000000005e34       0x54
 .text.xTraceEntryTableInitialize
                0x0000000000005e34       0x54 ./output/trcEntryTable.o
                0x0000000000005e34                xTraceEntryTableInitialize

.text.xTraceEntryCreate
                0x0000000000005e88       0x84
 .text.xTraceEntryCreate
                0x0000000000005e88       0x84 ./output/trcEntryTable.o
                0x0000000000005e88                xTraceEntryCreate

.text.xTraceEntryDelete
                0x0000000000005f0c       0x80
 .text.xTraceEntryDelete
                0x0000000000005f0c       0x80 ./output/trcEntryTable.o
                0x0000000000005f0c                xTraceEntryDelete

.text.xTraceEntryFind
                0x0000000000005f8c       0x58
 .text.xTraceEntryFind
                0x0000000000005f8c       0x58 ./output/trcEntryTable.o
                0x0000000000005f8c                xTraceEntryFind

.text.xTraceEntrySetSymbol
                0x0000000000005fe4       0x6c
 .text.xTraceEntrySetSymbol
                0x0000000000005fe4       0x6c ./output/trcEntryTable.o
                0x0000000000005fe4                xTraceEntrySetSymbol

.text.xTraceEntryCreateWithAddress
                0x0000000000006050       0x2c
 .text.xTraceEntryCreateWithAddress
                0x0000000000006050       0x2c ./output/trcEntryTable.o
                0x0000000000006050                xTraceEntryCreateWithAddress

.text.xTraceEntrySetState
                0x000000000000607c       0x54
 .text.xTraceEntrySetState
                0x000000000000607c       0x54 ./output/trcEntryTable.o
                0x000000000000607c                xTraceEntrySetState

.text.xTraceEntrySetOptions
                0x00000000000060d0       0x48
 .text.xTraceEntrySetOptions
                0x00000000000060d0       0x48 ./output/trcEntryTable.o
                0x00000000000060d0                xTraceEntrySetOptions

.text.xTraceEntryGetAddress
                0x0000000000006118       0x50
 .text.xTraceEntryGetAddress
                0x0000000000006118       0x50 ./output/trcEntryTable.o
                0x0000000000006118                xTraceEntryGetAddress

.text.xTraceEntryGetSymbol
                0x0000000000006168       0x50
 .text.xTraceEntryGetSymbol
                0x0000000000006168       0x50 ./output/trcEntryTable.o
                0x0000000000006168                xTraceEntryGetSymbol

.text.xTraceEntryGetState
                0x00000000000061b8       0x5c
 .text.xTraceEntryGetState
                0x00000000000061b8       0x5c ./output/trcEntryTable.o
                0x00000000000061b8                xTraceEntryGetState

.text.prvTraceErrorGetDescription
                0x0000000000006214       0x90
 .text.prvTraceErrorGetDescription
                0x0000000000006214       0x90 ./output/trcError.o

.text.prvTraceErrorPrint
                0x00000000000062a4       0x74
 .text.prvTraceErrorPrint
                0x00000000000062a4       0x74 ./output/trcError.o

.text.xTraceErrorInitialize
                0x0000000000006318       0x38
 .text.xTraceErrorInitialize
                0x0000000000006318       0x38 ./output/trcError.o
                0x0000000000006318                xTraceErrorInitialize

.text.xTraceWarning
                0x0000000000006350       0x40
 .text.xTraceWarning
                0x0000000000006350       0x40 ./output/trcError.o
                0x0000000000006350                xTraceWarning

.text.xTraceError
                0x0000000000006390       0x58
 .text.xTraceError
                0x0000000000006390       0x58 ./output/trcError.o
                0x0000000000006390                xTraceError

.text.xTraceEventInitialize
                0x00000000000063e8       0x34
 .text.xTraceEventInitialize
                0x00000000000063e8       0x34 ./output/trcEvent.o
                0x00000000000063e8                xTraceEventInitialize

.text.xTraceEventCreate1
                0x000000000000641c       0x98
 .text.xTraceEventCreate1
                0x000000000000641c       0x98 ./output/trcEvent.o
                0x000000000000641c                xTraceEventCreate1

.text.xTraceEventCreate2
                0x00000000000064b4       0x9c
 .text.xTraceEventCreate2
                0x00000000000064b4       0x9c ./output/trcEvent.o
                0x00000000000064b4                xTraceEventCreate2

.text.xTraceEventCreate3
                0x0000000000006550       0xa0
 .text.xTraceEventCreate3
                0x0000000000006550       0xa0 ./output/trcEvent.o
                0x0000000000006550                xTraceEventCreate3

.text.xTraceEventCreate4
                0x00000000000065f0       0xa4
 .text.xTraceEventCreate4
                0x00000000000065f0       0xa4 ./output/trcEvent.o
                0x00000000000065f0                xTraceEventCreate4

.text.xTraceEventCreateDataOffline0
                0x0000000000006694       0xa4
 .text.xTraceEventCreateDataOffline0
                0x0000000000006694       0xa4 ./output/trcEvent.o
                0x0000000000006694                xTraceEventCreateDataOffline0

.text.xTraceEventCreateData1
                0x0000000000006738       0xc4
 .text.xTraceEventCreateData1
                0x0000000000006738       0xc4 ./output/trcEvent.o
                0x0000000000006738                xTraceEventCreateData1

.text.xTraceEventCreateData2
                0x00000000000067fc       0xd0
 .text.xTraceEventCreateData2
                0x00000000000067fc       0xd0 ./output/trcEvent.o
                0x00000000000067fc                xTraceEventCreateData2

.text.xTraceEventCreateData3
                0x00000000000068cc       0xd4
 .text.xTraceEventCreateData3
                0x00000000000068cc       0xd4 ./output/trcEvent.o
                0x00000000000068cc                xTraceEventCreateData3

.text.xTraceEventCreateData4
                0x00000000000069a0       0xd8
 .text.xTraceEventCreateData4
                0x00000000000069a0       0xd8 ./output/trcEvent.o
                0x00000000000069a0                xTraceEventCreateData4

.text.xTraceEventCreateData5
                0x0000000000006a78       0xdc
 .text.xTraceEventCreateData5
                0x0000000000006a78       0xdc ./output/trcEvent.o
                0x0000000000006a78                xTraceEventCreateData5

.text.xTraceEventCreateData6
                0x0000000000006b54       0xe0
 .text.xTraceEventCreateData6
                0x0000000000006b54       0xe0 ./output/trcEvent.o
                0x0000000000006b54                xTraceEventCreateData6

.text.xTraceEventGetSize
                0x0000000000006c34       0x38
 .text.xTraceEventGetSize
                0x0000000000006c34       0x38 ./output/trcEvent.o
                0x0000000000006c34                xTraceEventGetSize

.text.prvTraceEventBufferAllocPop.isra.0
                0x0000000000006c6c       0x48
 .text.prvTraceEventBufferAllocPop.isra.0
                0x0000000000006c6c       0x48 ./output/trcEventBuffer.o

.text.xTraceEventBufferInitialize
                0x0000000000006cb4       0x48
 .text.xTraceEventBufferInitialize
                0x0000000000006cb4       0x48 ./output/trcEventBuffer.o
                0x0000000000006cb4                xTraceEventBufferInitialize

.text.xTraceEventBufferAlloc
                0x0000000000006cfc      0x100
 .text.xTraceEventBufferAlloc
                0x0000000000006cfc      0x100 ./output/trcEventBuffer.o
                0x0000000000006cfc                xTraceEventBufferAlloc

.text.xTraceEventBufferAllocCommit
                0x0000000000006dfc       0x2c
 .text.xTraceEventBufferAllocCommit
                0x0000000000006dfc       0x2c ./output/trcEventBuffer.o
                0x0000000000006dfc                xTraceEventBufferAllocCommit

.text.xTraceEventBufferClear
                0x0000000000006e28       0x28
 .text.xTraceEventBufferClear
                0x0000000000006e28       0x28 ./output/trcEventBuffer.o
                0x0000000000006e28                xTraceEventBufferClear

.text.xTraceExtensionInitialize
                0x0000000000006e50       0x34
 .text.xTraceExtensionInitialize
                0x0000000000006e50       0x34 ./output/trcExtension.o
                0x0000000000006e50                xTraceExtensionInitialize

.text.xTraceHeapCreate
                0x0000000000006e84       0x2a
 .text.xTraceHeapCreate
                0x0000000000006e84       0x2a ./output/trcHeap.o
                0x0000000000006e84                xTraceHeapCreate

.text.xTraceHeapAlloc
                0x0000000000006eb0       0x78
 .text.xTraceHeapAlloc
                0x0000000000006eb0       0x78 ./output/trcHeap.o
                0x0000000000006eb0                xTraceHeapAlloc

.text.xTraceHeapFree
                0x0000000000006f28       0x50
 .text.xTraceHeapFree
                0x0000000000006f28       0x50 ./output/trcHeap.o
                0x0000000000006f28                xTraceHeapFree

.text.xTraceISRInitialize
                0x0000000000006f78       0x48
 .text.xTraceISRInitialize
                0x0000000000006f78       0x48 ./output/trcISR.o
                0x0000000000006f78                xTraceISRInitialize

.text.xTraceMultiCoreEventBufferInitialize
                0x0000000000006fc0       0x3c
 .text.xTraceMultiCoreEventBufferInitialize
                0x0000000000006fc0       0x3c ./output/trcMultiCoreEventBuffer.o
                0x0000000000006fc0                xTraceMultiCoreEventBufferInitialize

.text.xTraceMultiCoreEventBufferAlloc
                0x0000000000006ffc       0x20
 .text.xTraceMultiCoreEventBufferAlloc
                0x0000000000006ffc       0x20 ./output/trcMultiCoreEventBuffer.o
                0x0000000000006ffc                xTraceMultiCoreEventBufferAlloc

.text.xTraceMultiCoreEventBufferAllocCommit
                0x000000000000701c       0x20
 .text.xTraceMultiCoreEventBufferAllocCommit
                0x000000000000701c       0x20 ./output/trcMultiCoreEventBuffer.o
                0x000000000000701c                xTraceMultiCoreEventBufferAllocCommit

.text.xTraceMultiCoreEventBufferClear
                0x000000000000703c       0x24
 .text.xTraceMultiCoreEventBufferClear
                0x000000000000703c       0x24 ./output/trcMultiCoreEventBuffer.o
                0x000000000000703c                xTraceMultiCoreEventBufferClear

.text.xTraceObjectUnregister
                0x0000000000007060       0x60
 .text.xTraceObjectUnregister
                0x0000000000007060       0x60 ./output/trcObject.o
                0x0000000000007060                xTraceObjectUnregister

.text.xTraceObjectSetName
                0x00000000000070c0       0x44
 .text.xTraceObjectSetName
                0x00000000000070c0       0x44 ./output/trcObject.o
                0x00000000000070c0                xTraceObjectSetName

.text.xTraceObjectRegisterInternal
                0x0000000000007104      0x100
 .text.xTraceObjectRegisterInternal
                0x0000000000007104      0x100 ./output/trcObject.o
                0x0000000000007104                xTraceObjectRegisterInternal

.text.xTraceObjectRegisterWithoutHandle
                0x0000000000007204       0x1e
 .text.xTraceObjectRegisterWithoutHandle
                0x0000000000007204       0x1e ./output/trcObject.o
                0x0000000000007204                xTraceObjectRegisterWithoutHandle

.text.xTraceObjectUnregisterWithoutHandle
                0x0000000000007222       0x30
 .text.xTraceObjectUnregisterWithoutHandle
                0x0000000000007222       0x30 ./output/trcObject.o
                0x0000000000007222                xTraceObjectUnregisterWithoutHandle

.text.xTraceObjectSetNameWithoutHandle
                0x0000000000007252       0x38
 .text.xTraceObjectSetNameWithoutHandle
                0x0000000000007252       0x38 ./output/trcObject.o
                0x0000000000007252                xTraceObjectSetNameWithoutHandle

.text.prvTraceVPrintF
                0x000000000000728c       0xf4
 .text.prvTraceVPrintF
                0x000000000000728c       0xf4 ./output/trcPrint.o

.text.xTracePrintInitialize
                0x0000000000007380       0x34
 .text.xTracePrintInitialize
                0x0000000000007380       0x34 ./output/trcPrint.o
                0x0000000000007380                xTracePrintInitialize

.text.xTracePrint
                0x00000000000073b4       0x3c
 .text.xTracePrint
                0x00000000000073b4       0x3c ./output/trcPrint.o
                0x00000000000073b4                xTracePrint

.text.xTraceVPrintF
                0x00000000000073f0       0x4c
 .text.xTraceVPrintF
                0x00000000000073f0       0x4c ./output/trcPrint.o
                0x00000000000073f0                xTraceVPrintF

.text.xTracePrintF
                0x000000000000743c       0x2c
 .text.xTracePrintF
                0x000000000000743c       0x2c ./output/trcPrint.o
                0x000000000000743c                xTracePrintF

.text.xTraceStaticBufferInitialize
                0x0000000000007468       0x30
 .text.xTraceStaticBufferInitialize
                0x0000000000007468       0x30 ./output/trcStaticBuffer.o
                0x0000000000007468                xTraceStaticBufferInitialize

.text.xTraceInitialize
                0x0000000000007498      0x100
 .text.xTraceInitialize
                0x0000000000007498      0x100 ./output/trcStreamingRecorder.o
                0x0000000000007498                xTraceInitialize

.text.xTraceHeaderInitialize
                0x0000000000007598       0x4c
 .text.xTraceHeaderInitialize
                0x0000000000007598       0x4c ./output/trcStreamingRecorder.o
                0x0000000000007598                xTraceHeaderInitialize

.text.xTraceEnable
                0x00000000000075e4       0xac
 .text.xTraceEnable
                0x00000000000075e4       0xac ./output/trcStreamingRecorder.o
                0x00000000000075e4                xTraceEnable

.text.xTraceDisable
                0x0000000000007690       0x24
 .text.xTraceDisable
                0x0000000000007690       0x24 ./output/trcStreamingRecorder.o
                0x0000000000007690                xTraceDisable

.text.xTraceTzCtrl
                0x00000000000076b4       0x24
 .text.xTraceTzCtrl
                0x00000000000076b4       0x24 ./output/trcStreamingRecorder.o
                0x00000000000076b4                xTraceTzCtrl

.text.xTraceStringRegister
                0x00000000000076d8       0x58
 .text.xTraceStringRegister
                0x00000000000076d8       0x58 ./output/trcString.o
                0x00000000000076d8                xTraceStringRegister

.text.xTraceTaskInitialize
                0x0000000000007730       0x34
 .text.xTraceTaskInitialize
                0x0000000000007730       0x34 ./output/trcTask.o
                0x0000000000007730                xTraceTaskInitialize

.text.xTraceTaskSwitch
                0x0000000000007764       0x54
 .text.xTraceTaskSwitch
                0x0000000000007764       0x54 ./output/trcTask.o
                0x0000000000007764                xTraceTaskSwitch

.text.xTraceTimestampInitialize
                0x00000000000077b8       0x48
 .text.xTraceTimestampInitialize
                0x00000000000077b8       0x48 ./output/trcTimestamp.o
                0x00000000000077b8                xTraceTimestampInitialize

.text.xTraceTimestampGet
                0x0000000000007800       0x80
 .text.xTraceTimestampGet
                0x0000000000007800       0x80 ./output/trcTimestamp.o
                0x0000000000007800                xTraceTimestampGet

.text.xTraceTimestampGetWraparounds
                0x0000000000007880       0x34
 .text.xTraceTimestampGetWraparounds
                0x0000000000007880       0x34 ./output/trcTimestamp.o
                0x0000000000007880                xTraceTimestampGetWraparounds

.text.xTraceTimestampSetFrequency
                0x00000000000078b4       0x2c
 .text.xTraceTimestampSetFrequency
                0x00000000000078b4       0x2c ./output/trcTimestamp.o
                0x00000000000078b4                xTraceTimestampSetFrequency

.text.xTraceTimestampSetPeriod
                0x00000000000078e0       0x2c
 .text.xTraceTimestampSetPeriod
                0x00000000000078e0       0x2c ./output/trcTimestamp.o
                0x00000000000078e0                xTraceTimestampSetPeriod

.text.xTraceTimestampSetOsTickCount
                0x000000000000790c       0x2c
 .text.xTraceTimestampSetOsTickCount
                0x000000000000790c       0x2c ./output/trcTimestamp.o
                0x000000000000790c                xTraceTimestampSetOsTickCount

.text.xTraceTimestampGetFrequency
                0x0000000000007938       0x34
 .text.xTraceTimestampGetFrequency
                0x0000000000007938       0x34 ./output/trcTimestamp.o
                0x0000000000007938                xTraceTimestampGetFrequency

.text.xTraceTimestampGetPeriod
                0x000000000000796c       0x34
 .text.xTraceTimestampGetPeriod
                0x000000000000796c       0x34 ./output/trcTimestamp.o
                0x000000000000796c                xTraceTimestampGetPeriod

.rel.dyn        0x00000000000079a0        0x0
 .rel.iplt      0x00000000000079a0        0x0 ./output/tasks.o

.data           0x0000000020000000       0x64
                0x0000000020000000                . = ALIGN (0x8)
                0x0000000020000000                _data = .
                0x0000000020000000                _sdata = .
 *(vtable)
 *(.data)
 .data          0x0000000020000000       0x64 /usr/lib/gcc/arm-none-eabi/10.3.1/../../../arm-none-eabi/lib/thumb/v7-m/nofp/libg_nano.a(lib_a-impure.o)
                0x0000000020000000                _impure_ptr
                0x0000000020000064                _edata = .

.data.uxTopUsedPriority
                0x0000000020000064        0x4
 .data.uxTopUsedPriority
                0x0000000020000064        0x4 ./output/tasks.o

.igot.plt       0x0000000020000068        0x0
 .igot.plt      0x0000000020000068        0x0 ./output/tasks.o

.data.uxCriticalNesting
                0x0000000020000068        0x4
 .data.uxCriticalNesting
                0x0000000020000068        0x4 ./output/port.o

.data.xErrorStatus
                0x000000002000006c        0x4
 .data.xErrorStatus
                0x000000002000006c        0x4 ./output/IntQueue.o

.bss            0x0000000020000070       0x10
                0x0000000020000070                . = ALIGN (0x8)
                0x0000000020000070                _bss = .
                0x0000000020000070                _sbss = .
 *(.bss)
 .bss           0x0000000020000070        0x8 /usr/lib/gcc/arm-none-eabi/10.3.1/../../../arm-none-eabi/lib/thumb/v7-m/nofp/libg_nano.a(lib_a-nano-mallocr.o)
                0x0000000020000070                __malloc_free_list
                0x0000000020000074                __malloc_sbrk_start
 .bss           0x0000000020000078        0x4 /usr/lib/gcc/arm-none-eabi/10.3.1/../../../arm-none-eabi/lib/thumb/v7-m/nofp/libg_nano.a(lib_a-reent.o)
                0x0000000020000078                errno
 .bss           0x000000002000007c        0x4 /usr/lib/gcc/arm-none-eabi/10.3.1/../../../arm-none-eabi/lib/thumb/v7-m/nofp/libnosys.a(sbrk.o)
                0x0000000020000080                _ebss = .

.bss.pxCurrentTCB
                0x0000000020000080        0x4
 .bss.pxCurrentTCB
                0x0000000020000080        0x4 ./output/tasks.o
                0x0000000020000080                pxCurrentTCB

.bss.pxDelayedTaskList
                0x0000000020000084        0x4
 .bss.pxDelayedTaskList
                0x0000000020000084        0x4 ./output/tasks.o

.bss.pxOverflowDelayedTaskList
                0x0000000020000088        0x4
 .bss.pxOverflowDelayedTaskList
                0x0000000020000088        0x4 ./output/tasks.o

.bss.pxReadyTasksLists
                0x000000002000008c       0xb4
 .bss.pxReadyTasksLists
                0x000000002000008c       0xb4 ./output/tasks.o

.bss.uxCurrentNumberOfTasks
                0x0000000020000140        0x4
 .bss.uxCurrentNumberOfTasks
                0x0000000020000140        0x4 ./output/tasks.o

.bss.uxDeletedTasksWaitingCleanUp
                0x0000000020000144        0x4
 .bss.uxDeletedTasksWaitingCleanUp
                0x0000000020000144        0x4 ./output/tasks.o

.bss.uxSchedulerSuspended
                0x0000000020000148        0x4
 .bss.uxSchedulerSuspended
                0x0000000020000148        0x4 ./output/tasks.o

.bss.uxTaskNumber
                0x000000002000014c        0x4
 .bss.uxTaskNumber
                0x000000002000014c        0x4 ./output/tasks.o

.bss.uxTopReadyPriority
                0x0000000020000150        0x4
 .bss.uxTopReadyPriority
                0x0000000020000150        0x4 ./output/tasks.o

.bss.xDelayedTaskList1
                0x0000000020000154       0x14
 .bss.xDelayedTaskList1
                0x0000000020000154       0x14 ./output/tasks.o

.bss.xDelayedTaskList2
                0x0000000020000168       0x14
 .bss.xDelayedTaskList2
                0x0000000020000168       0x14 ./output/tasks.o

.bss.xIdleTaskHandles
                0x000000002000017c        0x4
 .bss.xIdleTaskHandles
                0x000000002000017c        0x4 ./output/tasks.o

.bss.xNextTaskUnblockTime
                0x0000000020000180        0x4
 .bss.xNextTaskUnblockTime
                0x0000000020000180        0x4 ./output/tasks.o

.bss.xNumOfOverflows
                0x0000000020000184        0x4
 .bss.xNumOfOverflows
                0x0000000020000184        0x4 ./output/tasks.o

.bss.xPendedTicks
                0x0000000020000188        0x4
 .bss.xPendedTicks
                0x0000000020000188        0x4 ./output/tasks.o

.bss.xPendingReadyList
                0x000000002000018c       0x14
 .bss.xPendingReadyList
                0x000000002000018c       0x14 ./output/tasks.o

.bss.xSchedulerRunning
                0x00000000200001a0        0x4
 .bss.xSchedulerRunning
                0x00000000200001a0        0x4 ./output/tasks.o

.bss.xSuspendedTaskList
                0x00000000200001a4       0x14
 .bss.xSuspendedTaskList
                0x00000000200001a4       0x14 ./output/tasks.o

.bss.xTasksWaitingTermination
                0x00000000200001b8       0x14
 .bss.xTasksWaitingTermination
                0x00000000200001b8       0x14 ./output/tasks.o

.bss.xTickCount
                0x00000000200001cc        0x4
 .bss.xTickCount
                0x00000000200001cc        0x4 ./output/tasks.o

.bss.xYieldPendings
                0x00000000200001d0        0x4
 .bss.xYieldPendings
                0x00000000200001d0        0x4 ./output/tasks.o

.bss.xQueueRegistry
                0x00000000200001d4       0x50
 .bss.xQueueRegistry
                0x00000000200001d4       0x50 ./output/queue.o
                0x00000000200001d4                xQueueRegistry

.bss.pxCurrentTimerList
                0x0000000020000224        0x4
 .bss.pxCurrentTimerList
                0x0000000020000224        0x4 ./output/timers.o

.bss.pxOverflowTimerList
                0x0000000020000228        0x4
 .bss.pxOverflowTimerList
                0x0000000020000228        0x4 ./output/timers.o

.bss.ucStaticTimerQueueStorage.1
                0x000000002000022c      0x140
 .bss.ucStaticTimerQueueStorage.1
                0x000000002000022c      0x140 ./output/timers.o

.bss.xActiveTimerList1
                0x000000002000036c       0x14
 .bss.xActiveTimerList1
                0x000000002000036c       0x14 ./output/timers.o

.bss.xActiveTimerList2
                0x0000000020000380       0x14
 .bss.xActiveTimerList2
                0x0000000020000380       0x14 ./output/timers.o

.bss.xLastTime.2
                0x0000000020000394        0x4
 .bss.xLastTime.2
                0x0000000020000394        0x4 ./output/timers.o

.bss.xStaticTimerQueue.0
                0x0000000020000398       0x54
 .bss.xStaticTimerQueue.0
                0x0000000020000398       0x54 ./output/timers.o

.bss.xTimerQueue
                0x00000000200003ec        0x4
 .bss.xTimerQueue
                0x00000000200003ec        0x4 ./output/timers.o

.bss.xTimerTaskHandle
                0x00000000200003f0        0x4
 .bss.xTimerTaskHandle
                0x00000000200003f0        0x4 ./output/timers.o

.bss.pxEnd      0x00000000200003f4        0x4
 .bss.pxEnd     0x00000000200003f4        0x4 ./output/heap_4.o

.bss.ucHeap     0x00000000200003f8     0xf000
 .bss.ucHeap    0x00000000200003f8     0xf000 ./output/heap_4.o

.bss.xFreeBytesRemaining
                0x000000002000f3f8        0x4
 .bss.xFreeBytesRemaining
                0x000000002000f3f8        0x4 ./output/heap_4.o

.bss.xMinimumEverFreeBytesRemaining
                0x000000002000f3fc        0x4
 .bss.xMinimumEverFreeBytesRemaining
                0x000000002000f3fc        0x4 ./output/heap_4.o

.bss.xNumberOfSuccessfulAllocations
                0x000000002000f400        0x4
 .bss.xNumberOfSuccessfulAllocations
                0x000000002000f400        0x4 ./output/heap_4.o

.bss.xNumberOfSuccessfulFrees
                0x000000002000f404        0x4
 .bss.xNumberOfSuccessfulFrees
                0x000000002000f404        0x4 ./output/heap_4.o

.bss.xStart     0x000000002000f408        0x8
 .bss.xStart    0x000000002000f408        0x8 ./output/heap_4.o

.bss.ucMaxSysCallPriority
                0x000000002000f410        0x1
 .bss.ucMaxSysCallPriority
                0x000000002000f410        0x1 ./output/port.o

.bss.ulMaxPRIGROUPValue
                0x000000002000f414        0x4
 .bss.ulMaxPRIGROUPValue
                0x000000002000f414        0x4 ./output/port.o

.bss.ucNormallyEmptyReceivedValues
                0x000000002000f418       0xc8
 .bss.ucNormallyEmptyReceivedValues
                0x000000002000f418       0xc8 ./output/IntQueue.o

.bss.ucNormallyFullReceivedValues
                0x000000002000f4e0       0xc8
 .bss.ucNormallyFullReceivedValues
                0x000000002000f4e0       0xc8 ./output/IntQueue.o

.bss.uxNextOperation.4
                0x000000002000f5a8        0x4
 .bss.uxNextOperation.4
                0x000000002000f5a8        0x4 ./output/IntQueue.o

.bss.uxNextOperation.5
                0x000000002000f5ac        0x4
 .bss.uxNextOperation.5
                0x000000002000f5ac        0x4 ./output/IntQueue.o

.bss.uxValueForNormallyEmptyQueue
                0x000000002000f5b0        0x4
 .bss.uxValueForNormallyEmptyQueue
                0x000000002000f5b0        0x4 ./output/IntQueue.o

.bss.uxValueForNormallyFullQueue
                0x000000002000f5b4        0x4
 .bss.uxValueForNormallyFullQueue
                0x000000002000f5b4        0x4 ./output/IntQueue.o

.bss.xErrorLine
                0x000000002000f5b8        0x4
 .bss.xErrorLine
                0x000000002000f5b8        0x4 ./output/IntQueue.o

.bss.xNormallyEmptyQueue
                0x000000002000f5bc        0x4
 .bss.xNormallyEmptyQueue
                0x000000002000f5bc        0x4 ./output/IntQueue.o

.bss.xNormallyFullQueue
                0x000000002000f5c0        0x4
 .bss.xNormallyFullQueue
                0x000000002000f5c0        0x4 ./output/IntQueue.o

.bss.ulNest     0x000000002000f5c4        0x4
 .bss.ulNest    0x000000002000f5c4        0x4 ./output/IntQueueTimer.o
                0x000000002000f5c4                ulNest

.bss.ulNestCount
                0x000000002000f5c8        0x4
 .bss.ulNestCount
                0x000000002000f5c8        0x4 ./output/IntQueueTimer.o
                0x000000002000f5c8                ulNestCount

.bss.fakeValue.4
                0x000000002000f5cc        0x2
 .bss.fakeValue.4
                0x000000002000f5cc        0x2 ./output/main.o

.bss.netBuffer.5
                0x000000002000f5ce      0x100
 .bss.netBuffer.5
                0x000000002000f5ce      0x100 ./output/main.o

.bss.sSensorData
                0x000000002000f6ce        0x2
 .bss.sSensorData
                0x000000002000f6ce        0x2 ./output/main.o

.bss.uxIdleTaskStack.2
                0x000000002000f6d0      0x160
 .bss.uxIdleTaskStack.2
                0x000000002000f6d0      0x160 ./output/main.o

.bss.uxTimerTaskStack.0
                0x000000002000f830      0x2c0
 .bss.uxTimerTaskStack.0
                0x000000002000f830      0x2c0 ./output/main.o

.bss.xIdleTaskTCB.3
                0x000000002000faf0       0x64
 .bss.xIdleTaskTCB.3
                0x000000002000faf0       0x64 ./output/main.o

.bss.xSensorMutex
                0x000000002000fb54        0x4
 .bss.xSensorMutex
                0x000000002000fb54        0x4 ./output/main.o

.bss.xTimerTaskTCB.1
                0x000000002000fb58       0x64
 .bss.xTimerTaskTCB.1
                0x000000002000fb58       0x64 ./output/main.o

.bss.lr         0x000000002000fbbc        0x4
 .bss.lr        0x000000002000fbbc        0x4 ./output/startup_gcc.o
                0x000000002000fbbc                lr

.bss.pc         0x000000002000fbc0        0x4
 .bss.pc        0x000000002000fbc0        0x4 ./output/startup_gcc.o
                0x000000002000fbc0                pc

.bss.psr        0x000000002000fbc4        0x4
 .bss.psr       0x000000002000fbc4        0x4 ./output/startup_gcc.o
                0x000000002000fbc4                psr

.bss.r0         0x000000002000fbc8        0x4
 .bss.r0        0x000000002000fbc8        0x4 ./output/startup_gcc.o
                0x000000002000fbc8                r0

.bss.r1         0x000000002000fbcc        0x4
 .bss.r1        0x000000002000fbcc        0x4 ./output/startup_gcc.o
                0x000000002000fbcc                r1

.bss.r12        0x000000002000fbd0        0x4
 .bss.r12       0x000000002000fbd0        0x4 ./output/startup_gcc.o
                0x000000002000fbd0                r12

.bss.r2         0x000000002000fbd4        0x4
 .bss.r2        0x000000002000fbd4        0x4 ./output/startup_gcc.o
                0x000000002000fbd4                r2

.bss.r3         0x000000002000fbd8        0x4
 .bss.r3        0x000000002000fbd8        0x4 ./output/startup_gcc.o
                0x000000002000fbd8                r3

.bss.pxKernelPortData
                0x000000002000fbdc        0x4
 .bss.pxKernelPortData
                0x000000002000fbdc        0x4 ./output/trcKernelPort.o

.bss.stackTzCtrl
                0x000000002000fbe0      0x400
 .bss.stackTzCtrl
                0x000000002000fbe0      0x400 ./output/trcKernelPort.o

.bss.tcbTzCtrl  0x000000002000ffe0       0x64
 .bss.tcbTzCtrl
                0x000000002000ffe0       0x64 ./output/trcKernelPort.o

.bss.RecorderDataPtr
                0x0000000020010044        0x4
 .bss.RecorderDataPtr
                0x0000000020010044        0x4 ./output/trcStreamPort.o
                0x0000000020010044                RecorderDataPtr

.bss.pxStreamPortData
                0x0000000020010048        0x4
 .bss.pxStreamPortData
                0x0000000020010048        0x4 ./output/trcStreamPort.o
                0x0000000020010048                pxStreamPortData

.bss.pxAssertData
                0x000000002001004c        0x4
 .bss.pxAssertData
                0x000000002001004c        0x4 ./output/trcAssert.o

.bss.uxRecursionGuard.0
                0x0000000020010050        0x4
 .bss.uxRecursionGuard.0
                0x0000000020010050        0x4 ./output/trcAssert.o

.bss.pxCounterData
                0x0000000020010054        0x4
 .bss.pxCounterData
                0x0000000020010054        0x4 ./output/trcCounter.o

.bss.pxDiagnostics
                0x0000000020010058        0x4
 .bss.pxDiagnostics
                0x0000000020010058        0x4 ./output/trcDiagnostics.o

.bss.pxEntryTable
                0x000000002001005c        0x4
 .bss.pxEntryTable
                0x000000002001005c        0x4 ./output/trcEntryTable.o

.bss.pxIndexTable
                0x0000000020010060        0x4
 .bss.pxIndexTable
                0x0000000020010060        0x4 ./output/trcEntryTable.o

.bss.pxErrorInfo
                0x0000000020010064        0x4
 .bss.pxErrorInfo
                0x0000000020010064        0x4 ./output/trcError.o

.bss.pxTraceEventDataTable
                0x0000000020010068        0x4
 .bss.pxTraceEventDataTable
                0x0000000020010068        0x4 ./output/trcEvent.o
                0x0000000020010068                pxTraceEventDataTable

.bss.pxExtensionData
                0x000000002001006c        0x4
 .bss.pxExtensionData
                0x000000002001006c        0x4 ./output/trcExtension.o

.bss.pxTraceISRData
                0x0000000020010070        0x4
 .bss.pxTraceISRData
                0x0000000020010070        0x4 ./output/trcISR.o
                0x0000000020010070                pxTraceISRData

.bss.pxPrintData
                0x0000000020010074        0x4
 .bss.pxPrintData
                0x0000000020010074        0x4 ./output/trcPrint.o

.bss.pxTraceStaticBufferTable
                0x0000000020010078        0x4
 .bss.pxTraceStaticBufferTable
                0x0000000020010078        0x4 ./output/trcStaticBuffer.o
                0x0000000020010078                pxTraceStaticBufferTable

.bss.RecorderInitialized
                0x000000002001007c        0x4
 .bss.RecorderInitialized
                0x000000002001007c        0x4 ./output/trcStreamingRecorder.o
                0x000000002001007c                RecorderInitialized

.bss.pxTraceRecorderData
                0x0000000020010080        0x4
 .bss.pxTraceRecorderData
                0x0000000020010080        0x4 ./output/trcStreamingRecorder.o
                0x0000000020010080                pxTraceRecorderData

.bss.xRecorderData
                0x0000000020010084     0x35f4
 .bss.xRecorderData
                0x0000000020010084     0x35f4 ./output/trcStreamingRecorder.o

.bss.pxTraceTaskData
                0x0000000020013678        0x4
 .bss.pxTraceTaskData
                0x0000000020013678        0x4 ./output/trcTask.o
                0x0000000020013678                pxTraceTaskData

.bss.pxTraceTimestamp
                0x000000002001367c        0x4
 .bss.pxTraceTimestamp
                0x000000002001367c        0x4 ./output/trcTimestamp.o
                0x000000002001367c                pxTraceTimestamp

.heap           0x0000000020013680      0x408
                0x0000000020013680                . = ALIGN (0x8)
                0x0000000020013680                PROVIDE (end = .)
                [!provide]                        PROVIDE (_end = .)
                0x0000000020013680                _heap_bottom = .
                0x0000000020013688                . = (. + _Min_Heap_Size)
 *fill*         0x0000000020013680        0x8 
                0x0000000020013688                _heap_top = .
                0x0000000020013a88                . = (. + _Min_Stack_Size)
 *fill*         0x0000000020013688      0x400 
                0x0000000020013a88                . = ALIGN (0x8)
                0x0000000020400000                __StackTop = (ORIGIN (RAM) + LENGTH (RAM))
                0x00000000203ffc00                __StackLimit = (__StackTop - _Min_Stack_Size)
                [!provide]                        PROVIDE (__stack = __StackTop)
                0x0000000000000001                ASSERT ((__StackLimit >= _heap_top), region RAM overflowed with stack)
OUTPUT(./output/RTOSDemo.out elf32-littlearm)
LOAD linker stubs

.debug_info     0x0000000000000000    0x2c1f1
 .debug_info    0x0000000000000000     0x48ee ./output/tasks.o
 .debug_info    0x00000000000048ee      0x2d3 ./output/list.o
 .debug_info    0x0000000000004bc1     0x330e ./output/queue.o
 .debug_info    0x0000000000007ecf     0x1e00 ./output/timers.o
 .debug_info    0x0000000000009ccf      0xd45 ./output/heap_4.o
 .debug_info    0x000000000000aa14      0x5aa ./output/port.o
 .debug_info    0x000000000000afbe     0x15c9 ./output/IntQueue.o
 .debug_info    0x000000000000c587      0x6e4 ./output/IntQueueTimer.o
 .debug_info    0x000000000000cc6b      0xd7a ./output/main.o
 .debug_info    0x000000000000d9e5      0xa89 ./output/startup_gcc.o
 .debug_info    0x000000000000e46e      0x678 ./output/printf-stdarg.o
 .debug_info    0x000000000000eae6      0x5b3 ./output/trcKernelPort.o
 .debug_info    0x000000000000f099      0x5bd ./output/trcStreamPort.o
 .debug_info    0x000000000000f656      0x364 ./output/trcAssert.o
 .debug_info    0x000000000000f9ba      0x449 ./output/trcCounter.o
 .debug_info    0x000000000000fe03      0x499 ./output/trcDiagnostics.o
 .debug_info    0x000000000001029c      0xc6a ./output/trcEntryTable.o
 .debug_info    0x0000000000010f06      0x3ec ./output/trcError.o
 .debug_info    0x00000000000112f2     0x26ba ./output/trcEvent.o
 .debug_info    0x00000000000139ac      0x85d ./output/trcEventBuffer.o
 .debug_info    0x0000000000014209      0x3d7 ./output/trcExtension.o
 .debug_info    0x00000000000145e0      0x3c0 ./output/trcHeap.o
 .debug_info    0x00000000000149a0      0x821 ./output/trcISR.o
 .debug_info    0x00000000000151c1      0x657 ./output/trcMultiCoreEventBuffer.o
 .debug_info    0x0000000000015818      0xe87 ./output/trcObject.o
 .debug_info    0x000000000001669f      0x7b5 ./output/trcPrint.o
 .debug_info    0x0000000000016e54      0x229 ./output/trcStaticBuffer.o
 .debug_info    0x000000000001707d      0xf34 ./output/trcStreamingRecorder.o
 .debug_info    0x0000000000017fb1      0x243 ./output/trcString.o
 .debug_info    0x00000000000181f4      0x9ae ./output/trcTask.o
 .debug_info    0x0000000000018ba2      0x3d1 ./output/trcTimestamp.o
 .debug_info    0x0000000000018f73      0xb0a /usr/lib/gcc/arm-none-eabi/10.3.1/../../../arm-none-eabi/lib/thumb/v7-m/nofp/libg_nano.a(lib_a-fflush.o)
 .debug_info    0x0000000000019a7d      0xfae /usr/lib/gcc/arm-none-eabi/10.3.1/../../../arm-none-eabi/lib/thumb/v7-m/nofp/libg_nano.a(lib_a-findfp.o)
 .debug_info    0x000000000001aa2b      0x900 /usr/lib/gcc/arm-none-eabi/10.3.1/../../../arm-none-eabi/lib/thumb/v7-m/nofp/libg_nano.a(lib_a-fwalk.o)
 .debug_info    0x000000000001b32b      0x863 /usr/lib/gcc/arm-none-eabi/10.3.1/../../../arm-none-eabi/lib/thumb/v7-m/nofp/libg_nano.a(lib_a-impure.o)
 .debug_info    0x000000000001bb8e       0x26 /usr/lib/gcc/arm-none-eabi/10.3.1/../../../arm-none-eabi/lib/thumb/v7-m/nofp/libg_nano.a(lib_a-memcpy.o)
 .debug_info    0x000000000001bbb4      0x137 /usr/lib/gcc/arm-none-eabi/10.3.1/../../../arm-none-eabi/lib/thumb/v7-m/nofp/libg_nano.a(lib_a-memset.o)
 .debug_info    0x000000000001bceb      0x940 /usr/lib/gcc/arm-none-eabi/10.3.1/../../../arm-none-eabi/lib/thumb/v7-m/nofp/libg_nano.a(lib_a-nano-freer.o)
 .debug_info    0x000000000001c62b      0xa0c /usr/lib/gcc/arm-none-eabi/10.3.1/../../../arm-none-eabi/lib/thumb/v7-m/nofp/libg_nano.a(lib_a-nano-mallocr.o)
 .debug_info    0x000000000001d037      0x8f2 /usr/lib/gcc/arm-none-eabi/10.3.1/../../../arm-none-eabi/lib/thumb/v7-m/nofp/libg_nano.a(lib_a-rand.o)
 .debug_info    0x000000000001d929      0x828 /usr/lib/gcc/arm-none-eabi/10.3.1/../../../arm-none-eabi/lib/thumb/v7-m/nofp/libg_nano.a(lib_a-sbrkr.o)
 .debug_info    0x000000000001e151      0xabc /usr/lib/gcc/arm-none-eabi/10.3.1/../../../arm-none-eabi/lib/thumb/v7-m/nofp/libg_nano.a(lib_a-stdio.o)
 .debug_info    0x000000000001ec0d      0x85a /usr/lib/gcc/arm-none-eabi/10.3.1/../../../arm-none-eabi/lib/thumb/v7-m/nofp/libg_nano.a(lib_a-writer.o)
 .debug_info    0x000000000001f467      0x8bd /usr/lib/gcc/arm-none-eabi/10.3.1/../../../arm-none-eabi/lib/thumb/v7-m/nofp/libg_nano.a(lib_a-assert.o)
 .debug_info    0x000000000001fd24      0x805 /usr/lib/gcc/arm-none-eabi/10.3.1/../../../arm-none-eabi/lib/thumb/v7-m/nofp/libg_nano.a(lib_a-closer.o)
 .debug_info    0x0000000000020529      0x902 /usr/lib/gcc/arm-none-eabi/10.3.1/../../../arm-none-eabi/lib/thumb/v7-m/nofp/libg_nano.a(lib_a-fprintf.o)
 .debug_info    0x0000000000020e2b      0x83b /usr/lib/gcc/arm-none-eabi/10.3.1/../../../arm-none-eabi/lib/thumb/v7-m/nofp/libg_nano.a(lib_a-lseekr.o)
 .debug_info    0x0000000000021666      0x7dc /usr/lib/gcc/arm-none-eabi/10.3.1/../../../arm-none-eabi/lib/thumb/v7-m/nofp/libg_nano.a(lib_a-mlock.o)
 .debug_info    0x0000000000021e42     0x115f /usr/lib/gcc/arm-none-eabi/10.3.1/../../../arm-none-eabi/lib/thumb/v7-m/nofp/libg_nano.a(lib_a-nano-vfprintf.o)
 .debug_info    0x0000000000022fa1      0xe9e /usr/lib/gcc/arm-none-eabi/10.3.1/../../../arm-none-eabi/lib/thumb/v7-m/nofp/libg_nano.a(lib_a-nano-vfprintf_i.o)
 .debug_info    0x0000000000023e3f      0x853 /usr/lib/gcc/arm-none-eabi/10.3.1/../../../arm-none-eabi/lib/thumb/v7-m/nofp/libg_nano.a(lib_a-readr.o)
 .debug_info    0x0000000000024692      0xa7e /usr/lib/gcc/arm-none-eabi/10.3.1/../../../arm-none-eabi/lib/thumb/v7-m/nofp/libg_nano.a(lib_a-reent.o)
 .debug_info    0x0000000000025110      0x998 /usr/lib/gcc/arm-none-eabi/10.3.1/../../../arm-none-eabi/lib/thumb/v7-m/nofp/libg_nano.a(lib_a-wbuf.o)
 .debug_info    0x0000000000025aa8      0x902 /usr/lib/gcc/arm-none-eabi/10.3.1/../../../arm-none-eabi/lib/thumb/v7-m/nofp/libg_nano.a(lib_a-wsetup.o)
 .debug_info    0x00000000000263aa       0xcb /usr/lib/gcc/arm-none-eabi/10.3.1/../../../arm-none-eabi/lib/thumb/v7-m/nofp/libg_nano.a(lib_a-abort.o)
 .debug_info    0x0000000000026475      0xb54 /usr/lib/gcc/arm-none-eabi/10.3.1/../../../arm-none-eabi/lib/thumb/v7-m/nofp/libg_nano.a(lib_a-fvwrite.o)
 .debug_info    0x0000000000026fc9      0xc8a /usr/lib/gcc/arm-none-eabi/10.3.1/../../../arm-none-eabi/lib/thumb/v7-m/nofp/libg_nano.a(lib_a-makebuf.o)
 .debug_info    0x0000000000027c53      0x14e /usr/lib/gcc/arm-none-eabi/10.3.1/../../../arm-none-eabi/lib/thumb/v7-m/nofp/libg_nano.a(lib_a-memchr-stub.o)
 .debug_info    0x0000000000027da1      0x152 /usr/lib/gcc/arm-none-eabi/10.3.1/../../../arm-none-eabi/lib/thumb/v7-m/nofp/libg_nano.a(lib_a-memmove.o)
 .debug_info    0x0000000000027ef3      0x911 /usr/lib/gcc/arm-none-eabi/10.3.1/../../../arm-none-eabi/lib/thumb/v7-m/nofp/libg_nano.a(lib_a-nano-reallocr.o)
 .debug_info    0x0000000000028804      0xdcc /usr/lib/gcc/arm-none-eabi/10.3.1/../../../arm-none-eabi/lib/thumb/v7-m/nofp/libg_nano.a(lib_a-signal.o)
 .debug_info    0x00000000000295d0      0x871 /usr/lib/gcc/arm-none-eabi/10.3.1/../../../arm-none-eabi/lib/thumb/v7-m/nofp/libg_nano.a(lib_a-signalr.o)
 .debug_info    0x0000000000029e41      0xa1d /usr/lib/gcc/arm-none-eabi/10.3.1/../../../arm-none-eabi/lib/thumb/v7-m/nofp/libg_nano.a(lib_a-fstatr.o)
 .debug_info    0x000000000002a85e      0x805 /usr/lib/gcc/arm-none-eabi/10.3.1/../../../arm-none-eabi/lib/thumb/v7-m/nofp/libg_nano.a(lib_a-isattyr.o)
 .debug_info    0x000000000002b063      0x840 /usr/lib/gcc/arm-none-eabi/10.3.1/../../../arm-none-eabi/lib/thumb/v7-m/nofp/libg_nano.a(lib_a-nano-msizer.o)
 .debug_info    0x000000000002b8a3       0xb1 /usr/lib/gcc/arm-none-eabi/10.3.1/../../../arm-none-eabi/lib/thumb/v7-m/nofp/libnosys.a(close.o)
 .debug_info    0x000000000002b954      0x2cc /usr/lib/gcc/arm-none-eabi/10.3.1/../../../arm-none-eabi/lib/thumb/v7-m/nofp/libnosys.a(fstat.o)
 .debug_info    0x000000000002bc20       0x9c /usr/lib/gcc/arm-none-eabi/10.3.1/../../../arm-none-eabi/lib/thumb/v7-m/nofp/libnosys.a(getpid.o)
 .debug_info    0x000000000002bcbc       0xb1 /usr/lib/gcc/arm-none-eabi/10.3.1/../../../arm-none-eabi/lib/thumb/v7-m/nofp/libnosys.a(isatty.o)
 .debug_info    0x000000000002bd6d       0xbf /usr/lib/gcc/arm-none-eabi/10.3.1/../../../arm-none-eabi/lib/thumb/v7-m/nofp/libnosys.a(kill.o)
 .debug_info    0x000000000002be2c       0xd3 /usr/lib/gcc/arm-none-eabi/10.3.1/../../../arm-none-eabi/lib/thumb/v7-m/nofp/libnosys.a(lseek.o)
 .debug_info    0x000000000002beff       0xd9 /usr/lib/gcc/arm-none-eabi/10.3.1/../../../arm-none-eabi/lib/thumb/v7-m/nofp/libnosys.a(read.o)
 .debug_info    0x000000000002bfd8       0x9d /usr/lib/gcc/arm-none-eabi/10.3.1/../../../arm-none-eabi/lib/thumb/v7-m/nofp/libnosys.a(sbrk.o)
 .debug_info    0x000000000002c075       0xd9 /usr/lib/gcc/arm-none-eabi/10.3.1/../../../arm-none-eabi/lib/thumb/v7-m/nofp/libnosys.a(write.o)
 .debug_info    0x000000000002c14e       0xa3 /usr/lib/gcc/arm-none-eabi/10.3.1/../../../arm-none-eabi/lib/thumb/v7-m/nofp/libnosys.a(_exit.o)

.debug_abbrev   0x0000000000000000     0x89ec
 .debug_abbrev  0x0000000000000000      0x472 ./output/tasks.o
 .debug_abbrev  0x0000000000000472      0x102 ./output/list.o
 .debug_abbrev  0x0000000000000574      0x3c1 ./output/queue.o
 .debug_abbrev  0x0000000000000935      0x423 ./output/timers.o
 .debug_abbrev  0x0000000000000d58      0x31c ./output/heap_4.o
 .debug_abbrev  0x0000000000001074      0x2a9 ./output/port.o
 .debug_abbrev  0x000000000000131d      0x2b9 ./output/IntQueue.o
 .debug_abbrev  0x00000000000015d6      0x217 ./output/IntQueueTimer.o
 .debug_abbrev  0x00000000000017ed      0x3a7 ./output/main.o
 .debug_abbrev  0x0000000000001b94      0x272 ./output/startup_gcc.o
 .debug_abbrev  0x0000000000001e06      0x258 ./output/printf-stdarg.o
 .debug_abbrev  0x000000000000205e      0x214 ./output/trcKernelPort.o
 .debug_abbrev  0x0000000000002272      0x185 ./output/trcStreamPort.o
 .debug_abbrev  0x00000000000023f7      0x17d ./output/trcAssert.o
 .debug_abbrev  0x0000000000002574      0x140 ./output/trcCounter.o
 .debug_abbrev  0x00000000000026b4      0x19e ./output/trcDiagnostics.o
 .debug_abbrev  0x0000000000002852      0x2b2 ./output/trcEntryTable.o
 .debug_abbrev  0x0000000000002b04      0x177 ./output/trcError.o
 .debug_abbrev  0x0000000000002c7b      0x2fb ./output/trcEvent.o
 .debug_abbrev  0x0000000000002f76      0x21d ./output/trcEventBuffer.o
 .debug_abbrev  0x0000000000003193      0x137 ./output/trcExtension.o
 .debug_abbrev  0x00000000000032ca      0x103 ./output/trcHeap.o
 .debug_abbrev  0x00000000000033cd      0x271 ./output/trcISR.o
 .debug_abbrev  0x000000000000363e      0x152 ./output/trcMultiCoreEventBuffer.o
 .debug_abbrev  0x0000000000003790      0x2a9 ./output/trcObject.o
 .debug_abbrev  0x0000000000003a39      0x234 ./output/trcPrint.o
 .debug_abbrev  0x0000000000003c6d      0x12f ./output/trcStaticBuffer.o
 .debug_abbrev  0x0000000000003d9c      0x3b0 ./output/trcStreamingRecorder.o
 .debug_abbrev  0x000000000000414c      0x108 ./output/trcString.o
 .debug_abbrev  0x0000000000004254      0x239 ./output/trcTask.o
 .debug_abbrev  0x000000000000448d       0xf8 ./output/trcTimestamp.o
 .debug_abbrev  0x0000000000004585      0x2da /usr/lib/gcc/arm-none-eabi/10.3.1/../../../arm-none-eabi/lib/thumb/v7-m/nofp/libg_nano.a(lib_a-fflush.o)
 .debug_abbrev  0x000000000000485f      0x3cd /usr/lib/gcc/arm-none-eabi/10.3.1/../../../arm-none-eabi/lib/thumb/v7-m/nofp/libg_nano.a(lib_a-findfp.o)
 .debug_abbrev  0x0000000000004c2c      0x197 /usr/lib/gcc/arm-none-eabi/10.3.1/../../../arm-none-eabi/lib/thumb/v7-m/nofp/libg_nano.a(lib_a-fwalk.o)
 .debug_abbrev  0x0000000000004dc3      0x151 /usr/lib/gcc/arm-none-eabi/10.3.1/../../../arm-none-eabi/lib/thumb/v7-m/nofp/libg_nano.a(lib_a-impure.o)
 .debug_abbrev  0x0000000000004f14       0x14 /usr/lib/gcc/arm-none-eabi/10.3.1/../../../arm-none-eabi/lib/thumb/v7-m/nofp/libg_nano.a(lib_a-memcpy.o)
 .debug_abbrev  0x0000000000004f28       0xb4 /usr/lib/gcc/arm-none-eabi/10.3.1/../../../arm-none-eabi/lib/thumb/v7-m/nofp/libg_nano.a(lib_a-memset.o)
 .debug_abbrev  0x0000000000004fdc      0x245 /usr/lib/gcc/arm-none-eabi/10.3.1/../../../arm-none-eabi/lib/thumb/v7-m/nofp/libg_nano.a(lib_a-nano-freer.o)
 .debug_abbrev  0x0000000000005221      0x290 /usr/lib/gcc/arm-none-eabi/10.3.1/../../../arm-none-eabi/lib/thumb/v7-m/nofp/libg_nano.a(lib_a-nano-mallocr.o)
 .debug_abbrev  0x00000000000054b1      0x203 /usr/lib/gcc/arm-none-eabi/10.3.1/../../../arm-none-eabi/lib/thumb/v7-m/nofp/libg_nano.a(lib_a-rand.o)
 .debug_abbrev  0x00000000000056b4      0x1d6 /usr/lib/gcc/arm-none-eabi/10.3.1/../../../arm-none-eabi/lib/thumb/v7-m/nofp/libg_nano.a(lib_a-sbrkr.o)
 .debug_abbrev  0x000000000000588a      0x1fb /usr/lib/gcc/arm-none-eabi/10.3.1/../../../arm-none-eabi/lib/thumb/v7-m/nofp/libg_nano.a(lib_a-stdio.o)
 .debug_abbrev  0x0000000000005a85      0x1b0 /usr/lib/gcc/arm-none-eabi/10.3.1/../../../arm-none-eabi/lib/thumb/v7-m/nofp/libg_nano.a(lib_a-writer.o)
 .debug_abbrev  0x0000000000005c35      0x1c3 /usr/lib/gcc/arm-none-eabi/10.3.1/../../../arm-none-eabi/lib/thumb/v7-m/nofp/libg_nano.a(lib_a-assert.o)
 .debug_abbrev  0x0000000000005df8      0x1ab /usr/lib/gcc/arm-none-eabi/10.3.1/../../../arm-none-eabi/lib/thumb/v7-m/nofp/libg_nano.a(lib_a-closer.o)
 .debug_abbrev  0x0000000000005fa3      0x213 /usr/lib/gcc/arm-none-eabi/10.3.1/../../../arm-none-eabi/lib/thumb/v7-m/nofp/libg_nano.a(lib_a-fprintf.o)